Initialized native services in: /home/jules/.gradle/native
Initialized jansi services in: /home/jules/.gradle/native
Received JVM installation metadata from '/usr/lib/jvm/java-21-openjdk-amd64': {JAVA_HOME=/usr/lib/jvm/java-21-openjdk-amd64, JAVA_VERSION=21.0.10, JAVA_VENDOR=Ubuntu, RUNTIME_NAME=OpenJDK Runtime Environment, RUNTIME_VERSION=21.0.10+7-Ubuntu-124.04, VM_NAME=OpenJDK 64-Bit Server VM, VM_VERSION=21.0.10+7-Ubuntu-124.04, VM_VENDOR=Ubuntu, OS_ARCH=amd64}
The client will now receive all logging from the daemon (pid: 13817). The daemon log file: /home/jules/.gradle/daemon/8.8/daemon-13817.out.log
Starting 7th build in daemon [uptime: 19 mins 12.933 secs, performance: 99%, GC rate: 0.00/s, heap usage: 0% of 2 GiB]
Using 4 worker leases.
Not watching /app since the file system is not supported
Watching the file system is configured to be enabled if available
File system watching is active
Starting Build
Settings evaluated using settings file '/app/settings.gradle'.
Projects loaded. Root project using build file '/app/build.gradle'.
Included projects: [root project 'BitPerfect', project ':app', project ':core']

> Configure project :
Evaluating root project 'BitPerfect' using build file '/app/build.gradle'.
Transforming gradle-8.4.0.jar (com.android.tools.build:gradle:8.4.0) with InstrumentationAnalysisTransform
Transforming kotlin-serialization-1.9.23-gradle82.jar (org.jetbrains.kotlin:kotlin-serialization:1.9.23) with InstrumentationAnalysisTransform
Transforming kotlin-gradle-plugin-model-1.9.23.jar (org.jetbrains.kotlin:kotlin-gradle-plugin-model:1.9.23) with InstrumentationAnalysisTransform
Transforming kotlin-gradle-plugin-api-1.9.23.jar (org.jetbrains.kotlin:kotlin-gradle-plugin-api:1.9.23) with InstrumentationAnalysisTransform
Transforming kotlin-gradle-plugin-api-1.9.23-gradle82.jar (org.jetbrains.kotlin:kotlin-gradle-plugin-api:1.9.23) with InstrumentationAnalysisTransform
Transforming kotlin-gradle-plugin-1.9.23-gradle82.jar (org.jetbrains.kotlin:kotlin-gradle-plugin:1.9.23) with InstrumentationAnalysisTransform
Transforming gradle-settings-api-8.4.0.jar (com.android.tools.build:gradle-settings-api:8.4.0) with InstrumentationAnalysisTransform
Transforming lint-model-31.4.0.jar (com.android.tools.lint:lint-model:31.4.0) with InstrumentationAnalysisTransform
Transforming builder-8.4.0.jar (com.android.tools.build:builder:8.4.0) with InstrumentationAnalysisTransform
Transforming manifest-merger-31.4.0.jar (com.android.tools.build:manifest-merger:31.4.0) with InstrumentationAnalysisTransform
Transforming sdk-common-31.4.0.jar (com.android.tools:sdk-common:31.4.0) with InstrumentationAnalysisTransform
Transforming sdklib-31.4.0.jar (com.android.tools:sdklib:31.4.0) with InstrumentationAnalysisTransform
Transforming repository-31.4.0.jar (com.android.tools:repository:31.4.0) with InstrumentationAnalysisTransform
Transforming gradle-api-8.4.0.jar (com.android.tools.build:gradle-api:8.4.0) with InstrumentationAnalysisTransform
Transforming builder-test-api-8.4.0.jar (com.android.tools.build:builder-test-api:8.4.0) with InstrumentationAnalysisTransform
Transforming ddmlib-31.4.0.jar (com.android.tools.ddms:ddmlib:31.4.0) with InstrumentationAnalysisTransform
Transforming aaptcompiler-8.4.0.jar (com.android.tools.build:aaptcompiler:8.4.0) with InstrumentationAnalysisTransform
Transforming bundletool-1.15.6.jar (com.android.tools.build:bundletool:1.15.6) with InstrumentationAnalysisTransform
Transforming aapt2-proto-8.4.0-11315950.jar (com.android.tools.build:aapt2-proto:8.4.0-11315950) with InstrumentationAnalysisTransform
Transforming crash-31.4.0.jar (com.android.tools.analytics-library:crash:31.4.0) with InstrumentationAnalysisTransform
Transforming tracker-31.4.0.jar (com.android.tools.analytics-library:tracker:31.4.0) with InstrumentationAnalysisTransform
Transforming shared-31.4.0.jar (com.android.tools.analytics-library:shared:31.4.0) with InstrumentationAnalysisTransform
Transforming lint-typedef-remover-31.4.0.jar (com.android.tools.lint:lint-typedef-remover:31.4.0) with InstrumentationAnalysisTransform
Transforming databinding-compiler-common-8.4.0.jar (androidx.databinding:databinding-compiler-common:8.4.0) with InstrumentationAnalysisTransform
Transforming databinding-common-8.4.0.jar (androidx.databinding:databinding-common:8.4.0) with InstrumentationAnalysisTransform
Transforming baseLibrary-8.4.0.jar (com.android.databinding:baseLibrary:8.4.0) with InstrumentationAnalysisTransform
Transforming layoutlib-api-31.4.0.jar (com.android.tools.layoutlib:layoutlib-api:31.4.0) with InstrumentationAnalysisTransform
Transforming android-device-provider-ddmlib-proto-31.4.0.jar (com.android.tools.utp:android-device-provider-ddmlib-proto:31.4.0) with InstrumentationAnalysisTransform
Transforming android-device-provider-gradle-proto-31.4.0.jar (com.android.tools.utp:android-device-provider-gradle-proto:31.4.0) with InstrumentationAnalysisTransform
Transforming android-test-plugin-host-additional-test-output-proto-31.4.0.jar (com.android.tools.utp:android-test-plugin-host-additional-test-output-proto:31.4.0) with InstrumentationAnalysisTransform
Transforming android-test-plugin-host-coverage-proto-31.4.0.jar (com.android.tools.utp:android-test-plugin-host-coverage-proto:31.4.0) with InstrumentationAnalysisTransform
Transforming android-test-plugin-host-emulator-control-proto-31.4.0.jar (com.android.tools.utp:android-test-plugin-host-emulator-control-proto:31.4.0) with InstrumentationAnalysisTransform
Transforming android-test-plugin-host-logcat-proto-31.4.0.jar (com.android.tools.utp:android-test-plugin-host-logcat-proto:31.4.0) with InstrumentationAnalysisTransform
Transforming android-test-plugin-host-apk-installer-proto-31.4.0.jar (com.android.tools.utp:android-test-plugin-host-apk-installer-proto:31.4.0) with InstrumentationAnalysisTransform
Transforming android-test-plugin-host-retention-proto-31.4.0.jar (com.android.tools.utp:android-test-plugin-host-retention-proto:31.4.0) with InstrumentationAnalysisTransform
Transforming android-test-plugin-result-listener-gradle-proto-31.4.0.jar (com.android.tools.utp:android-test-plugin-result-listener-gradle-proto:31.4.0) with InstrumentationAnalysisTransform
Transforming builder-model-8.4.0.jar (com.android.tools.build:builder-model:8.4.0) with InstrumentationAnalysisTransform
Transforming dvlib-31.4.0.jar (com.android.tools:dvlib:31.4.0) with InstrumentationAnalysisTransform
Transforming common-31.4.0.jar (com.android.tools:common:31.4.0) with InstrumentationAnalysisTransform
Transforming jetifier-processor-1.0.0-beta10.jar (com.android.tools.build.jetifier:jetifier-processor:1.0.0-beta10) with InstrumentationAnalysisTransform
Transforming jetifier-core-1.0.0-beta10.jar (com.android.tools.build.jetifier:jetifier-core:1.0.0-beta10) with InstrumentationAnalysisTransform
Transforming kotlin-reflect-1.9.20.jar (org.jetbrains.kotlin:kotlin-reflect:1.9.20) with InstrumentationAnalysisTransform
Transforming kotlin-stdlib-jdk7-1.9.20.jar (org.jetbrains.kotlin:kotlin-stdlib-jdk7:1.9.20) with InstrumentationAnalysisTransform
Transforming kotlin-stdlib-1.9.20.jar (org.jetbrains.kotlin:kotlin-stdlib:1.9.20) with InstrumentationAnalysisTransform
Transforming kotlin-stdlib-jdk8-1.9.20.jar (org.jetbrains.kotlin:kotlin-stdlib-jdk8:1.9.20) with InstrumentationAnalysisTransform
Transforming transform-api-2.0.0-deprecated-use-gradle-api.jar (com.android.tools.build:transform-api:2.0.0-deprecated-use-gradle-api) with InstrumentationAnalysisTransform
Transforming httpmime-4.5.6.jar (org.apache.httpcomponents:httpmime:4.5.6) with InstrumentationAnalysisTransform
Transforming commons-io-2.13.0.jar (commons-io:commons-io:2.13.0) with InstrumentationAnalysisTransform
Transforming asm-commons-9.6.jar (org.ow2.asm:asm-commons:9.6) with InstrumentationAnalysisTransform
Transforming asm-util-9.6.jar (org.ow2.asm:asm-util:9.6) with InstrumentationAnalysisTransform
Transforming asm-analysis-9.6.jar (org.ow2.asm:asm-analysis:9.6) with InstrumentationAnalysisTransform
Transforming asm-tree-9.6.jar (org.ow2.asm:asm-tree:9.6) with InstrumentationAnalysisTransform
Transforming asm-9.6.jar (org.ow2.asm:asm:9.6) with InstrumentationAnalysisTransform
Transforming apkzlib-8.4.0.jar (com.android.tools.build:apkzlib:8.4.0) with InstrumentationAnalysisTransform
Transforming bcpkix-jdk18on-1.77.jar (org.bouncycastle:bcpkix-jdk18on:1.77) with InstrumentationAnalysisTransform
Transforming jaxb-runtime-2.3.2.jar (org.glassfish.jaxb:jaxb-runtime:2.3.2) with InstrumentationAnalysisTransform
Transforming jopt-simple-4.9.jar (net.sf.jopt-simple:jopt-simple:4.9) with InstrumentationAnalysisTransform
Transforming javapoet-1.10.0.jar (com.squareup:javapoet:1.10.0) with InstrumentationAnalysisTransform
Transforming protobuf-java-util-3.22.3.jar (com.google.protobuf:protobuf-java-util:3.22.3) with InstrumentationAnalysisTransform
Transforming grpc-protobuf-1.57.0.jar (io.grpc:grpc-protobuf:1.57.0) with InstrumentationAnalysisTransform
Transforming tink-1.7.0.jar (com.google.crypto.tink:tink:1.7.0) with InstrumentationAnalysisTransform
Transforming protos-31.4.0.jar (com.android.tools.analytics-library:protos:31.4.0) with InstrumentationAnalysisTransform
Transforming proto-google-common-protos-2.17.0.jar (com.google.api.grpc:proto-google-common-protos:2.17.0) with InstrumentationAnalysisTransform
Transforming protobuf-java-3.22.3.jar (com.google.protobuf:protobuf-java:3.22.3) with InstrumentationAnalysisTransform
Transforming grpc-netty-1.57.0.jar (io.grpc:grpc-netty:1.57.0) with InstrumentationAnalysisTransform
Transforming grpc-core-1.57.0.jar (io.grpc:grpc-core:1.57.0) with InstrumentationAnalysisTransform
Transforming gson-2.10.1.jar (com.google.code.gson:gson:2.10.1) with InstrumentationAnalysisTransform
Transforming grpc-stub-1.57.0.jar (io.grpc:grpc-stub:1.57.0) with InstrumentationAnalysisTransform
Transforming core-proto-0.0.9-alpha02.jar (com.google.testing.platform:core-proto:0.0.9-alpha02) with InstrumentationAnalysisTransform
Transforming kxml2-2.3.0.jar (net.sf.kxml:kxml2:2.3.0) with InstrumentationAnalysisTransform
Transforming tensorflow-lite-metadata-0.1.0-rc2.jar (org.tensorflow:tensorflow-lite-metadata:0.1.0-rc2) with InstrumentationAnalysisTransform
Transforming flatbuffers-java-1.12.0.jar (com.google.flatbuffers:flatbuffers-java:1.12.0) with InstrumentationAnalysisTransform
Transforming kotlin-gradle-plugin-idea-proto-1.9.23.jar (org.jetbrains.kotlin:kotlin-gradle-plugin-idea-proto:1.9.23) with InstrumentationAnalysisTransform
Transforming kotlin-gradle-plugin-idea-1.9.23.jar (org.jetbrains.kotlin:kotlin-gradle-plugin-idea:1.9.23) with InstrumentationAnalysisTransform
Transforming kotlin-klib-commonizer-api-1.9.23.jar (org.jetbrains.kotlin:kotlin-klib-commonizer-api:1.9.23) with InstrumentationAnalysisTransform
Transforming kotlin-native-utils-1.9.23.jar (org.jetbrains.kotlin:kotlin-native-utils:1.9.23) with InstrumentationAnalysisTransform
Transforming kotlin-util-klib-1.9.23.jar (org.jetbrains.kotlin:kotlin-util-klib:1.9.23) with InstrumentationAnalysisTransform
Transforming kotlin-build-tools-api-1.9.23.jar (org.jetbrains.kotlin:kotlin-build-tools-api:1.9.23) with InstrumentationAnalysisTransform
Transforming kotlin-android-extensions-1.9.23.jar (org.jetbrains.kotlin:kotlin-android-extensions:1.9.23) with InstrumentationAnalysisTransform
Transforming kotlin-compiler-runner-1.9.23.jar (org.jetbrains.kotlin:kotlin-compiler-runner:1.9.23) with InstrumentationAnalysisTransform
Transforming kotlin-compiler-embeddable-1.9.23.jar (org.jetbrains.kotlin:kotlin-compiler-embeddable:1.9.23) with InstrumentationAnalysisTransform
Transforming kotlin-scripting-compiler-embeddable-1.9.23.jar (org.jetbrains.kotlin:kotlin-scripting-compiler-embeddable:1.9.23) with InstrumentationAnalysisTransform
Transforming kotlin-scripting-compiler-impl-embeddable-1.9.23.jar (org.jetbrains.kotlin:kotlin-scripting-compiler-impl-embeddable:1.9.23) with InstrumentationAnalysisTransform
Transforming jimfs-1.1.jar (com.google.jimfs:jimfs:1.1) with InstrumentationAnalysisTransform
Transforming grpc-context-1.57.0.jar (io.grpc:grpc-context:1.57.0) with InstrumentationAnalysisTransform
Transforming grpc-protobuf-lite-1.57.0.jar (io.grpc:grpc-protobuf-lite:1.57.0) with InstrumentationAnalysisTransform
Transforming grpc-api-1.57.0.jar (io.grpc:grpc-api:1.57.0) with InstrumentationAnalysisTransform
Transforming guava-32.0.1-jre.jar (com.google.guava:guava:32.0.1-jre) with InstrumentationAnalysisTransform
Transforming dagger-2.28.3.jar (com.google.dagger:dagger:2.28.3) with InstrumentationAnalysisTransform
Transforming javax.inject-1.jar (javax.inject:javax.inject:1) with InstrumentationAnalysisTransform
Transforming bcutil-jdk18on-1.77.jar (org.bouncycastle:bcutil-jdk18on:1.77) with InstrumentationAnalysisTransform
Transforming bcprov-jdk18on-1.77.jar (org.bouncycastle:bcprov-jdk18on:1.77) with InstrumentationAnalysisTransform
Transforming trove4j-1.0.20200330.jar (org.jetbrains.intellij.deps:trove4j:1.0.20200330) with InstrumentationAnalysisTransform
Transforming commons-compress-1.21.jar (org.apache.commons:commons-compress:1.21) with InstrumentationAnalysisTransform
Transforming httpclient-4.5.14.jar (org.apache.httpcomponents:httpclient:4.5.14) with InstrumentationAnalysisTransform
Transforming httpcore-4.4.16.jar (org.apache.httpcomponents:httpcore:4.4.16) with InstrumentationAnalysisTransform
Transforming javax.activation-1.2.0.jar (com.sun.activation:javax.activation:1.2.0) with InstrumentationAnalysisTransform
Transforming annotations-23.0.0.jar (org.jetbrains:annotations:23.0.0) with InstrumentationAnalysisTransform
Transforming signflinger-8.4.0.jar (com.android:signflinger:8.4.0) with InstrumentationAnalysisTransform
Transforming zipflinger-8.4.0.jar (com.android:zipflinger:8.4.0) with InstrumentationAnalysisTransform
Transforming annotations-31.4.0.jar (com.android.tools:annotations:31.4.0) with InstrumentationAnalysisTransform
Transforming jna-platform-5.6.0.jar (net.java.dev.jna:jna-platform:5.6.0) with InstrumentationAnalysisTransform
Transforming juniversalchardet-1.0.3.jar (com.googlecode.juniversalchardet:juniversalchardet:1.0.3) with InstrumentationAnalysisTransform
Transforming javax.annotation-api-1.3.2.jar (javax.annotation:javax.annotation-api:1.3.2) with InstrumentationAnalysisTransform
Transforming stax-ex-1.8.1.jar (org.jvnet.staxex:stax-ex:1.8.1) with InstrumentationAnalysisTransform
Transforming jakarta.xml.bind-api-2.3.2.jar (jakarta.xml.bind:jakarta.xml.bind-api:2.3.2) with InstrumentationAnalysisTransform
Transforming txw2-2.3.2.jar (org.glassfish.jaxb:txw2:2.3.2) with InstrumentationAnalysisTransform
Transforming istack-commons-runtime-3.0.8.jar (com.sun.istack:istack-commons-runtime:3.0.8) with InstrumentationAnalysisTransform
Transforming FastInfoset-1.2.16.jar (com.sun.xml.fastinfoset:FastInfoset:1.2.16) with InstrumentationAnalysisTransform
Transforming jakarta.activation-api-1.2.1.jar (jakarta.activation:jakarta.activation-api:1.2.1) with InstrumentationAnalysisTransform
Transforming auto-value-annotations-1.6.2.jar (com.google.auto.value:auto-value-annotations:1.6.2) with InstrumentationAnalysisTransform
Transforming error_prone_annotations-2.18.0.jar (com.google.errorprone:error_prone_annotations:2.18.0) with InstrumentationAnalysisTransform
Transforming jose4j-0.7.0.jar (org.bitbucket.b_c:jose4j:0.7.0) with InstrumentationAnalysisTransform
Transforming slf4j-api-1.7.30.jar (org.slf4j:slf4j-api:1.7.30) with InstrumentationAnalysisTransform
Transforming jdom2-2.0.6.jar (org.jdom:jdom2:2.0.6) with InstrumentationAnalysisTransform
Transforming jsr305-3.0.2.jar (com.google.code.findbugs:jsr305:3.0.2) with InstrumentationAnalysisTransform
Transforming j2objc-annotations-2.8.jar (com.google.j2objc:j2objc-annotations:2.8) with InstrumentationAnalysisTransform
Transforming annotations-4.1.1.4.jar (com.google.android:annotations:4.1.1.4) with InstrumentationAnalysisTransform
Transforming animal-sniffer-annotations-1.23.jar (org.codehaus.mojo:animal-sniffer-annotations:1.23) with InstrumentationAnalysisTransform
Transforming perfmark-api-0.26.0.jar (io.perfmark:perfmark-api:0.26.0) with InstrumentationAnalysisTransform
Transforming netty-codec-http2-4.1.93.Final.jar (io.netty:netty-codec-http2:4.1.93.Final) with InstrumentationAnalysisTransform
Transforming netty-handler-proxy-4.1.93.Final.jar (io.netty:netty-handler-proxy:4.1.93.Final) with InstrumentationAnalysisTransform
Transforming netty-codec-http-4.1.93.Final.jar (io.netty:netty-codec-http:4.1.93.Final) with InstrumentationAnalysisTransform
Transforming netty-handler-4.1.93.Final.jar (io.netty:netty-handler:4.1.93.Final) with InstrumentationAnalysisTransform
Transforming netty-transport-native-unix-common-4.1.93.Final.jar (io.netty:netty-transport-native-unix-common:4.1.93.Final) with InstrumentationAnalysisTransform
Transforming checker-qual-3.33.0.jar (org.checkerframework:checker-qual:3.33.0) with InstrumentationAnalysisTransform
Transforming commons-codec-1.11.jar (commons-codec:commons-codec:1.11) with InstrumentationAnalysisTransform
Transforming apksig-8.4.0.jar (com.android.tools.build:apksig:8.4.0) with InstrumentationAnalysisTransform
Transforming javawriter-2.5.0.jar (com.squareup:javawriter:2.5.0) with InstrumentationAnalysisTransform
Transforming kotlin-gradle-plugin-annotations-1.9.23.jar (org.jetbrains.kotlin:kotlin-gradle-plugin-annotations:1.9.23) with InstrumentationAnalysisTransform
Transforming kotlin-project-model-1.9.23.jar (org.jetbrains.kotlin:kotlin-project-model:1.9.23) with InstrumentationAnalysisTransform
Transforming kotlin-tooling-core-1.9.23.jar (org.jetbrains.kotlin:kotlin-tooling-core:1.9.23) with InstrumentationAnalysisTransform
Transforming kotlin-util-io-1.9.23.jar (org.jetbrains.kotlin:kotlin-util-io:1.9.23) with InstrumentationAnalysisTransform
Transforming kotlin-daemon-embeddable-1.9.23.jar (org.jetbrains.kotlin:kotlin-daemon-embeddable:1.9.23) with InstrumentationAnalysisTransform
Transforming kotlin-daemon-client-1.9.23.jar (org.jetbrains.kotlin:kotlin-daemon-client:1.9.23) with InstrumentationAnalysisTransform
Transforming kotlinx-coroutines-core-jvm-1.5.0.jar (org.jetbrains.kotlinx:kotlinx-coroutines-core-jvm:1.5.0) with InstrumentationAnalysisTransform
Transforming kotlin-scripting-jvm-1.9.23.jar (org.jetbrains.kotlin:kotlin-scripting-jvm:1.9.23) with InstrumentationAnalysisTransform
Transforming kotlin-scripting-common-1.9.23.jar (org.jetbrains.kotlin:kotlin-scripting-common:1.9.23) with InstrumentationAnalysisTransform
Transforming failureaccess-1.0.1.jar (com.google.guava:failureaccess:1.0.1) with InstrumentationAnalysisTransform
Transforming listenablefuture-9999.0-empty-to-avoid-conflict-with-guava.jar (com.google.guava:listenablefuture:9999.0-empty-to-avoid-conflict-with-guava) with InstrumentationAnalysisTransform
Transforming commons-logging-1.2.jar (commons-logging:commons-logging:1.2) with InstrumentationAnalysisTransform
Transforming jna-5.6.0.jar (net.java.dev.jna:jna:5.6.0) with InstrumentationAnalysisTransform
Transforming netty-codec-socks-4.1.93.Final.jar (io.netty:netty-codec-socks:4.1.93.Final) with InstrumentationAnalysisTransform
Transforming netty-codec-4.1.93.Final.jar (io.netty:netty-codec:4.1.93.Final) with InstrumentationAnalysisTransform
Transforming netty-transport-4.1.93.Final.jar (io.netty:netty-transport:4.1.93.Final) with InstrumentationAnalysisTransform
Transforming netty-buffer-4.1.93.Final.jar (io.netty:netty-buffer:4.1.93.Final) with InstrumentationAnalysisTransform
Transforming netty-resolver-4.1.93.Final.jar (io.netty:netty-resolver:4.1.93.Final) with InstrumentationAnalysisTransform
Transforming netty-common-4.1.93.Final.jar (io.netty:netty-common:4.1.93.Final) with InstrumentationAnalysisTransform
Transforming gradle-8.4.0.jar (com.android.tools.build:gradle:8.4.0) with InstrumentationAnalysisTransform
Transforming gradle-8.4.0.jar (com.android.tools.build:gradle:8.4.0) with MergeInstrumentationAnalysisTransform
Transforming kotlin-serialization-1.9.23-gradle82.jar (org.jetbrains.kotlin:kotlin-serialization:1.9.23) with InstrumentationAnalysisTransform
Transforming kotlin-serialization-1.9.23-gradle82.jar (org.jetbrains.kotlin:kotlin-serialization:1.9.23) with MergeInstrumentationAnalysisTransform
Transforming kotlin-gradle-plugin-model-1.9.23.jar (org.jetbrains.kotlin:kotlin-gradle-plugin-model:1.9.23) with InstrumentationAnalysisTransform
Transforming kotlin-gradle-plugin-model-1.9.23.jar (org.jetbrains.kotlin:kotlin-gradle-plugin-model:1.9.23) with MergeInstrumentationAnalysisTransform
Transforming kotlin-gradle-plugin-api-1.9.23.jar (org.jetbrains.kotlin:kotlin-gradle-plugin-api:1.9.23) with InstrumentationAnalysisTransform
Transforming kotlin-gradle-plugin-api-1.9.23.jar (org.jetbrains.kotlin:kotlin-gradle-plugin-api:1.9.23) with MergeInstrumentationAnalysisTransform
Transforming kotlin-gradle-plugin-api-1.9.23-gradle82.jar (org.jetbrains.kotlin:kotlin-gradle-plugin-api:1.9.23) with InstrumentationAnalysisTransform
Transforming kotlin-gradle-plugin-api-1.9.23-gradle82.jar (org.jetbrains.kotlin:kotlin-gradle-plugin-api:1.9.23) with MergeInstrumentationAnalysisTransform
Transforming kotlin-gradle-plugin-1.9.23-gradle82.jar (org.jetbrains.kotlin:kotlin-gradle-plugin:1.9.23) with InstrumentationAnalysisTransform
Transforming kotlin-gradle-plugin-1.9.23-gradle82.jar (org.jetbrains.kotlin:kotlin-gradle-plugin:1.9.23) with MergeInstrumentationAnalysisTransform
Transforming gradle-settings-api-8.4.0.jar (com.android.tools.build:gradle-settings-api:8.4.0) with InstrumentationAnalysisTransform
Transforming gradle-settings-api-8.4.0.jar (com.android.tools.build:gradle-settings-api:8.4.0) with MergeInstrumentationAnalysisTransform
Transforming lint-model-31.4.0.jar (com.android.tools.lint:lint-model:31.4.0) with InstrumentationAnalysisTransform
Transforming lint-model-31.4.0.jar (com.android.tools.lint:lint-model:31.4.0) with MergeInstrumentationAnalysisTransform
Transforming builder-8.4.0.jar (com.android.tools.build:builder:8.4.0) with InstrumentationAnalysisTransform
Transforming builder-8.4.0.jar (com.android.tools.build:builder:8.4.0) with MergeInstrumentationAnalysisTransform
Transforming manifest-merger-31.4.0.jar (com.android.tools.build:manifest-merger:31.4.0) with InstrumentationAnalysisTransform
Transforming manifest-merger-31.4.0.jar (com.android.tools.build:manifest-merger:31.4.0) with MergeInstrumentationAnalysisTransform
Transforming sdk-common-31.4.0.jar (com.android.tools:sdk-common:31.4.0) with InstrumentationAnalysisTransform
Transforming sdk-common-31.4.0.jar (com.android.tools:sdk-common:31.4.0) with MergeInstrumentationAnalysisTransform
Transforming sdklib-31.4.0.jar (com.android.tools:sdklib:31.4.0) with InstrumentationAnalysisTransform
Transforming sdklib-31.4.0.jar (com.android.tools:sdklib:31.4.0) with MergeInstrumentationAnalysisTransform
Transforming repository-31.4.0.jar (com.android.tools:repository:31.4.0) with InstrumentationAnalysisTransform
Transforming repository-31.4.0.jar (com.android.tools:repository:31.4.0) with MergeInstrumentationAnalysisTransform
Transforming gradle-api-8.4.0.jar (com.android.tools.build:gradle-api:8.4.0) with InstrumentationAnalysisTransform
Transforming gradle-api-8.4.0.jar (com.android.tools.build:gradle-api:8.4.0) with MergeInstrumentationAnalysisTransform
Transforming builder-test-api-8.4.0.jar (com.android.tools.build:builder-test-api:8.4.0) with InstrumentationAnalysisTransform
Transforming builder-test-api-8.4.0.jar (com.android.tools.build:builder-test-api:8.4.0) with MergeInstrumentationAnalysisTransform
Transforming ddmlib-31.4.0.jar (com.android.tools.ddms:ddmlib:31.4.0) with InstrumentationAnalysisTransform
Transforming ddmlib-31.4.0.jar (com.android.tools.ddms:ddmlib:31.4.0) with MergeInstrumentationAnalysisTransform
Transforming aaptcompiler-8.4.0.jar (com.android.tools.build:aaptcompiler:8.4.0) with InstrumentationAnalysisTransform
Transforming aaptcompiler-8.4.0.jar (com.android.tools.build:aaptcompiler:8.4.0) with MergeInstrumentationAnalysisTransform
Transforming bundletool-1.15.6.jar (com.android.tools.build:bundletool:1.15.6) with InstrumentationAnalysisTransform
Transforming bundletool-1.15.6.jar (com.android.tools.build:bundletool:1.15.6) with MergeInstrumentationAnalysisTransform
Transforming aapt2-proto-8.4.0-11315950.jar (com.android.tools.build:aapt2-proto:8.4.0-11315950) with InstrumentationAnalysisTransform
Transforming aapt2-proto-8.4.0-11315950.jar (com.android.tools.build:aapt2-proto:8.4.0-11315950) with MergeInstrumentationAnalysisTransform
Transforming crash-31.4.0.jar (com.android.tools.analytics-library:crash:31.4.0) with InstrumentationAnalysisTransform
Transforming crash-31.4.0.jar (com.android.tools.analytics-library:crash:31.4.0) with MergeInstrumentationAnalysisTransform
Transforming tracker-31.4.0.jar (com.android.tools.analytics-library:tracker:31.4.0) with InstrumentationAnalysisTransform
Transforming tracker-31.4.0.jar (com.android.tools.analytics-library:tracker:31.4.0) with MergeInstrumentationAnalysisTransform
Transforming shared-31.4.0.jar (com.android.tools.analytics-library:shared:31.4.0) with InstrumentationAnalysisTransform
Transforming shared-31.4.0.jar (com.android.tools.analytics-library:shared:31.4.0) with MergeInstrumentationAnalysisTransform
Transforming lint-typedef-remover-31.4.0.jar (com.android.tools.lint:lint-typedef-remover:31.4.0) with InstrumentationAnalysisTransform
Transforming lint-typedef-remover-31.4.0.jar (com.android.tools.lint:lint-typedef-remover:31.4.0) with MergeInstrumentationAnalysisTransform
Transforming databinding-compiler-common-8.4.0.jar (androidx.databinding:databinding-compiler-common:8.4.0) with InstrumentationAnalysisTransform
Transforming databinding-compiler-common-8.4.0.jar (androidx.databinding:databinding-compiler-common:8.4.0) with MergeInstrumentationAnalysisTransform
Transforming databinding-common-8.4.0.jar (androidx.databinding:databinding-common:8.4.0) with InstrumentationAnalysisTransform
Transforming databinding-common-8.4.0.jar (androidx.databinding:databinding-common:8.4.0) with MergeInstrumentationAnalysisTransform
Transforming baseLibrary-8.4.0.jar (com.android.databinding:baseLibrary:8.4.0) with InstrumentationAnalysisTransform
Transforming baseLibrary-8.4.0.jar (com.android.databinding:baseLibrary:8.4.0) with MergeInstrumentationAnalysisTransform
Transforming layoutlib-api-31.4.0.jar (com.android.tools.layoutlib:layoutlib-api:31.4.0) with InstrumentationAnalysisTransform
Transforming layoutlib-api-31.4.0.jar (com.android.tools.layoutlib:layoutlib-api:31.4.0) with MergeInstrumentationAnalysisTransform
Transforming android-device-provider-ddmlib-proto-31.4.0.jar (com.android.tools.utp:android-device-provider-ddmlib-proto:31.4.0) with InstrumentationAnalysisTransform
Transforming android-device-provider-ddmlib-proto-31.4.0.jar (com.android.tools.utp:android-device-provider-ddmlib-proto:31.4.0) with MergeInstrumentationAnalysisTransform
Transforming android-device-provider-gradle-proto-31.4.0.jar (com.android.tools.utp:android-device-provider-gradle-proto:31.4.0) with InstrumentationAnalysisTransform
Transforming android-device-provider-gradle-proto-31.4.0.jar (com.android.tools.utp:android-device-provider-gradle-proto:31.4.0) with MergeInstrumentationAnalysisTransform
Transforming android-test-plugin-host-additional-test-output-proto-31.4.0.jar (com.android.tools.utp:android-test-plugin-host-additional-test-output-proto:31.4.0) with InstrumentationAnalysisTransform
Transforming android-test-plugin-host-additional-test-output-proto-31.4.0.jar (com.android.tools.utp:android-test-plugin-host-additional-test-output-proto:31.4.0) with MergeInstrumentationAnalysisTransform
Transforming android-test-plugin-host-coverage-proto-31.4.0.jar (com.android.tools.utp:android-test-plugin-host-coverage-proto:31.4.0) with InstrumentationAnalysisTransform
Transforming android-test-plugin-host-coverage-proto-31.4.0.jar (com.android.tools.utp:android-test-plugin-host-coverage-proto:31.4.0) with MergeInstrumentationAnalysisTransform
Transforming android-test-plugin-host-emulator-control-proto-31.4.0.jar (com.android.tools.utp:android-test-plugin-host-emulator-control-proto:31.4.0) with InstrumentationAnalysisTransform
Transforming android-test-plugin-host-emulator-control-proto-31.4.0.jar (com.android.tools.utp:android-test-plugin-host-emulator-control-proto:31.4.0) with MergeInstrumentationAnalysisTransform
Transforming android-test-plugin-host-logcat-proto-31.4.0.jar (com.android.tools.utp:android-test-plugin-host-logcat-proto:31.4.0) with InstrumentationAnalysisTransform
Transforming android-test-plugin-host-logcat-proto-31.4.0.jar (com.android.tools.utp:android-test-plugin-host-logcat-proto:31.4.0) with MergeInstrumentationAnalysisTransform
Transforming android-test-plugin-host-apk-installer-proto-31.4.0.jar (com.android.tools.utp:android-test-plugin-host-apk-installer-proto:31.4.0) with InstrumentationAnalysisTransform
Transforming android-test-plugin-host-apk-installer-proto-31.4.0.jar (com.android.tools.utp:android-test-plugin-host-apk-installer-proto:31.4.0) with MergeInstrumentationAnalysisTransform
Transforming android-test-plugin-host-retention-proto-31.4.0.jar (com.android.tools.utp:android-test-plugin-host-retention-proto:31.4.0) with InstrumentationAnalysisTransform
Transforming android-test-plugin-host-retention-proto-31.4.0.jar (com.android.tools.utp:android-test-plugin-host-retention-proto:31.4.0) with MergeInstrumentationAnalysisTransform
Transforming android-test-plugin-result-listener-gradle-proto-31.4.0.jar (com.android.tools.utp:android-test-plugin-result-listener-gradle-proto:31.4.0) with InstrumentationAnalysisTransform
Transforming android-test-plugin-result-listener-gradle-proto-31.4.0.jar (com.android.tools.utp:android-test-plugin-result-listener-gradle-proto:31.4.0) with MergeInstrumentationAnalysisTransform
Transforming builder-model-8.4.0.jar (com.android.tools.build:builder-model:8.4.0) with InstrumentationAnalysisTransform
Transforming builder-model-8.4.0.jar (com.android.tools.build:builder-model:8.4.0) with MergeInstrumentationAnalysisTransform
Transforming dvlib-31.4.0.jar (com.android.tools:dvlib:31.4.0) with InstrumentationAnalysisTransform
Transforming dvlib-31.4.0.jar (com.android.tools:dvlib:31.4.0) with MergeInstrumentationAnalysisTransform
Transforming common-31.4.0.jar (com.android.tools:common:31.4.0) with InstrumentationAnalysisTransform
Transforming common-31.4.0.jar (com.android.tools:common:31.4.0) with MergeInstrumentationAnalysisTransform
Transforming jetifier-processor-1.0.0-beta10.jar (com.android.tools.build.jetifier:jetifier-processor:1.0.0-beta10) with InstrumentationAnalysisTransform
Transforming jetifier-processor-1.0.0-beta10.jar (com.android.tools.build.jetifier:jetifier-processor:1.0.0-beta10) with MergeInstrumentationAnalysisTransform
Transforming jetifier-core-1.0.0-beta10.jar (com.android.tools.build.jetifier:jetifier-core:1.0.0-beta10) with InstrumentationAnalysisTransform
Transforming jetifier-core-1.0.0-beta10.jar (com.android.tools.build.jetifier:jetifier-core:1.0.0-beta10) with MergeInstrumentationAnalysisTransform
Transforming kotlin-reflect-1.9.20.jar (org.jetbrains.kotlin:kotlin-reflect:1.9.20) with InstrumentationAnalysisTransform
Transforming kotlin-reflect-1.9.20.jar (org.jetbrains.kotlin:kotlin-reflect:1.9.20) with MergeInstrumentationAnalysisTransform
Transforming kotlin-stdlib-jdk7-1.9.20.jar (org.jetbrains.kotlin:kotlin-stdlib-jdk7:1.9.20) with InstrumentationAnalysisTransform
Transforming kotlin-stdlib-jdk7-1.9.20.jar (org.jetbrains.kotlin:kotlin-stdlib-jdk7:1.9.20) with MergeInstrumentationAnalysisTransform
Transforming kotlin-stdlib-1.9.20.jar (org.jetbrains.kotlin:kotlin-stdlib:1.9.20) with InstrumentationAnalysisTransform
Transforming kotlin-stdlib-1.9.20.jar (org.jetbrains.kotlin:kotlin-stdlib:1.9.20) with MergeInstrumentationAnalysisTransform
Transforming kotlin-stdlib-jdk8-1.9.20.jar (org.jetbrains.kotlin:kotlin-stdlib-jdk8:1.9.20) with InstrumentationAnalysisTransform
Transforming kotlin-stdlib-jdk8-1.9.20.jar (org.jetbrains.kotlin:kotlin-stdlib-jdk8:1.9.20) with MergeInstrumentationAnalysisTransform
Transforming transform-api-2.0.0-deprecated-use-gradle-api.jar (com.android.tools.build:transform-api:2.0.0-deprecated-use-gradle-api) with InstrumentationAnalysisTransform
Transforming transform-api-2.0.0-deprecated-use-gradle-api.jar (com.android.tools.build:transform-api:2.0.0-deprecated-use-gradle-api) with MergeInstrumentationAnalysisTransform
Transforming httpmime-4.5.6.jar (org.apache.httpcomponents:httpmime:4.5.6) with InstrumentationAnalysisTransform
Transforming httpmime-4.5.6.jar (org.apache.httpcomponents:httpmime:4.5.6) with MergeInstrumentationAnalysisTransform
Transforming commons-io-2.13.0.jar (commons-io:commons-io:2.13.0) with InstrumentationAnalysisTransform
Transforming commons-io-2.13.0.jar (commons-io:commons-io:2.13.0) with MergeInstrumentationAnalysisTransform
Transforming asm-commons-9.6.jar (org.ow2.asm:asm-commons:9.6) with InstrumentationAnalysisTransform
Transforming asm-commons-9.6.jar (org.ow2.asm:asm-commons:9.6) with MergeInstrumentationAnalysisTransform
Transforming asm-util-9.6.jar (org.ow2.asm:asm-util:9.6) with InstrumentationAnalysisTransform
Transforming kotlin-gradle-plugin-model-1.9.23.jar (org.jetbrains.kotlin:kotlin-gradle-plugin-model:1.9.23) with ExternalDependencyInstrumentingArtifactTransform
Transforming asm-util-9.6.jar (org.ow2.asm:asm-util:9.6) with MergeInstrumentationAnalysisTransform
Transforming asm-analysis-9.6.jar (org.ow2.asm:asm-analysis:9.6) with InstrumentationAnalysisTransform
Transforming asm-analysis-9.6.jar (org.ow2.asm:asm-analysis:9.6) with MergeInstrumentationAnalysisTransform
Transforming asm-tree-9.6.jar (org.ow2.asm:asm-tree:9.6) with InstrumentationAnalysisTransform
Transforming asm-tree-9.6.jar (org.ow2.asm:asm-tree:9.6) with MergeInstrumentationAnalysisTransform
Transforming kotlin-serialization-1.9.23-gradle82.jar (org.jetbrains.kotlin:kotlin-serialization:1.9.23) with ExternalDependencyInstrumentingArtifactTransform
Transforming kotlin-gradle-plugin-api-1.9.23.jar (org.jetbrains.kotlin:kotlin-gradle-plugin-api:1.9.23) with ExternalDependencyInstrumentingArtifactTransform
Transforming kotlin-gradle-plugin-api-1.9.23-gradle82.jar (org.jetbrains.kotlin:kotlin-gradle-plugin-api:1.9.23) with ExternalDependencyInstrumentingArtifactTransform
Transforming kotlin-gradle-plugin-1.9.23-gradle82.jar (org.jetbrains.kotlin:kotlin-gradle-plugin:1.9.23) with ExternalDependencyInstrumentingArtifactTransform
Transforming gradle-settings-api-8.4.0.jar (com.android.tools.build:gradle-settings-api:8.4.0) with ExternalDependencyInstrumentingArtifactTransform
Transforming lint-model-31.4.0.jar (com.android.tools.lint:lint-model:31.4.0) with ExternalDependencyInstrumentingArtifactTransform
Transforming builder-8.4.0.jar (com.android.tools.build:builder:8.4.0) with ExternalDependencyInstrumentingArtifactTransform
Transforming gradle-8.4.0.jar (com.android.tools.build:gradle:8.4.0) with ExternalDependencyInstrumentingArtifactTransform
Transforming asm-9.6.jar (org.ow2.asm:asm:9.6) with InstrumentationAnalysisTransform
Transforming asm-9.6.jar (org.ow2.asm:asm:9.6) with MergeInstrumentationAnalysisTransform
Transforming apkzlib-8.4.0.jar (com.android.tools.build:apkzlib:8.4.0) with InstrumentationAnalysisTransform
Transforming apkzlib-8.4.0.jar (com.android.tools.build:apkzlib:8.4.0) with MergeInstrumentationAnalysisTransform
Transforming bcpkix-jdk18on-1.77.jar (org.bouncycastle:bcpkix-jdk18on:1.77) with InstrumentationAnalysisTransform
Transforming bcpkix-jdk18on-1.77.jar (org.bouncycastle:bcpkix-jdk18on:1.77) with MergeInstrumentationAnalysisTransform
Transforming jaxb-runtime-2.3.2.jar (org.glassfish.jaxb:jaxb-runtime:2.3.2) with InstrumentationAnalysisTransform
Transforming sdk-common-31.4.0.jar (com.android.tools:sdk-common:31.4.0) with ExternalDependencyInstrumentingArtifactTransform
Transforming jaxb-runtime-2.3.2.jar (org.glassfish.jaxb:jaxb-runtime:2.3.2) with MergeInstrumentationAnalysisTransform
Transforming jopt-simple-4.9.jar (net.sf.jopt-simple:jopt-simple:4.9) with InstrumentationAnalysisTransform
Transforming jopt-simple-4.9.jar (net.sf.jopt-simple:jopt-simple:4.9) with MergeInstrumentationAnalysisTransform
Transforming javapoet-1.10.0.jar (com.squareup:javapoet:1.10.0) with InstrumentationAnalysisTransform
Transforming javapoet-1.10.0.jar (com.squareup:javapoet:1.10.0) with MergeInstrumentationAnalysisTransform
Transforming protobuf-java-util-3.22.3.jar (com.google.protobuf:protobuf-java-util:3.22.3) with InstrumentationAnalysisTransform
Transforming protobuf-java-util-3.22.3.jar (com.google.protobuf:protobuf-java-util:3.22.3) with MergeInstrumentationAnalysisTransform
Transforming grpc-protobuf-1.57.0.jar (io.grpc:grpc-protobuf:1.57.0) with InstrumentationAnalysisTransform
Transforming grpc-protobuf-1.57.0.jar (io.grpc:grpc-protobuf:1.57.0) with MergeInstrumentationAnalysisTransform
Transforming sdklib-31.4.0.jar (com.android.tools:sdklib:31.4.0) with ExternalDependencyInstrumentingArtifactTransform
Transforming tink-1.7.0.jar (com.google.crypto.tink:tink:1.7.0) with InstrumentationAnalysisTransform
Transforming tink-1.7.0.jar (com.google.crypto.tink:tink:1.7.0) with MergeInstrumentationAnalysisTransform
Transforming protos-31.4.0.jar (com.android.tools.analytics-library:protos:31.4.0) with InstrumentationAnalysisTransform
Transforming protos-31.4.0.jar (com.android.tools.analytics-library:protos:31.4.0) with MergeInstrumentationAnalysisTransform
Transforming proto-google-common-protos-2.17.0.jar (com.google.api.grpc:proto-google-common-protos:2.17.0) with InstrumentationAnalysisTransform
Transforming repository-31.4.0.jar (com.android.tools:repository:31.4.0) with ExternalDependencyInstrumentingArtifactTransform
Transforming proto-google-common-protos-2.17.0.jar (com.google.api.grpc:proto-google-common-protos:2.17.0) with MergeInstrumentationAnalysisTransform
Transforming protobuf-java-3.22.3.jar (com.google.protobuf:protobuf-java:3.22.3) with InstrumentationAnalysisTransform
Transforming protobuf-java-3.22.3.jar (com.google.protobuf:protobuf-java:3.22.3) with MergeInstrumentationAnalysisTransform
Transforming grpc-netty-1.57.0.jar (io.grpc:grpc-netty:1.57.0) with InstrumentationAnalysisTransform
Transforming grpc-netty-1.57.0.jar (io.grpc:grpc-netty:1.57.0) with MergeInstrumentationAnalysisTransform
Transforming grpc-core-1.57.0.jar (io.grpc:grpc-core:1.57.0) with InstrumentationAnalysisTransform
Transforming gradle-api-8.4.0.jar (com.android.tools.build:gradle-api:8.4.0) with ExternalDependencyInstrumentingArtifactTransform
Transforming grpc-core-1.57.0.jar (io.grpc:grpc-core:1.57.0) with MergeInstrumentationAnalysisTransform
Transforming gson-2.10.1.jar (com.google.code.gson:gson:2.10.1) with InstrumentationAnalysisTransform
Transforming gson-2.10.1.jar (com.google.code.gson:gson:2.10.1) with MergeInstrumentationAnalysisTransform
Transforming grpc-stub-1.57.0.jar (io.grpc:grpc-stub:1.57.0) with InstrumentationAnalysisTransform
Transforming grpc-stub-1.57.0.jar (io.grpc:grpc-stub:1.57.0) with MergeInstrumentationAnalysisTransform
Transforming core-proto-0.0.9-alpha02.jar (com.google.testing.platform:core-proto:0.0.9-alpha02) with InstrumentationAnalysisTransform
Transforming core-proto-0.0.9-alpha02.jar (com.google.testing.platform:core-proto:0.0.9-alpha02) with MergeInstrumentationAnalysisTransform
Transforming kxml2-2.3.0.jar (net.sf.kxml:kxml2:2.3.0) with InstrumentationAnalysisTransform
Transforming builder-test-api-8.4.0.jar (com.android.tools.build:builder-test-api:8.4.0) with ExternalDependencyInstrumentingArtifactTransform
Transforming kxml2-2.3.0.jar (net.sf.kxml:kxml2:2.3.0) with MergeInstrumentationAnalysisTransform
Transforming tensorflow-lite-metadata-0.1.0-rc2.jar (org.tensorflow:tensorflow-lite-metadata:0.1.0-rc2) with InstrumentationAnalysisTransform
Transforming tensorflow-lite-metadata-0.1.0-rc2.jar (org.tensorflow:tensorflow-lite-metadata:0.1.0-rc2) with MergeInstrumentationAnalysisTransform
Transforming flatbuffers-java-1.12.0.jar (com.google.flatbuffers:flatbuffers-java:1.12.0) with InstrumentationAnalysisTransform
Transforming flatbuffers-java-1.12.0.jar (com.google.flatbuffers:flatbuffers-java:1.12.0) with MergeInstrumentationAnalysisTransform
Transforming kotlin-gradle-plugin-idea-proto-1.9.23.jar (org.jetbrains.kotlin:kotlin-gradle-plugin-idea-proto:1.9.23) with InstrumentationAnalysisTransform
Transforming kotlin-gradle-plugin-idea-proto-1.9.23.jar (org.jetbrains.kotlin:kotlin-gradle-plugin-idea-proto:1.9.23) with MergeInstrumentationAnalysisTransform
Transforming kotlin-gradle-plugin-idea-1.9.23.jar (org.jetbrains.kotlin:kotlin-gradle-plugin-idea:1.9.23) with InstrumentationAnalysisTransform
Transforming ddmlib-31.4.0.jar (com.android.tools.ddms:ddmlib:31.4.0) with ExternalDependencyInstrumentingArtifactTransform
Transforming kotlin-gradle-plugin-idea-1.9.23.jar (org.jetbrains.kotlin:kotlin-gradle-plugin-idea:1.9.23) with MergeInstrumentationAnalysisTransform
Transforming kotlin-klib-commonizer-api-1.9.23.jar (org.jetbrains.kotlin:kotlin-klib-commonizer-api:1.9.23) with InstrumentationAnalysisTransform
Transforming kotlin-klib-commonizer-api-1.9.23.jar (org.jetbrains.kotlin:kotlin-klib-commonizer-api:1.9.23) with MergeInstrumentationAnalysisTransform
Transforming kotlin-native-utils-1.9.23.jar (org.jetbrains.kotlin:kotlin-native-utils:1.9.23) with InstrumentationAnalysisTransform
Transforming kotlin-native-utils-1.9.23.jar (org.jetbrains.kotlin:kotlin-native-utils:1.9.23) with MergeInstrumentationAnalysisTransform
Transforming kotlin-util-klib-1.9.23.jar (org.jetbrains.kotlin:kotlin-util-klib:1.9.23) with InstrumentationAnalysisTransform
Transforming kotlin-util-klib-1.9.23.jar (org.jetbrains.kotlin:kotlin-util-klib:1.9.23) with MergeInstrumentationAnalysisTransform
Transforming kotlin-build-tools-api-1.9.23.jar (org.jetbrains.kotlin:kotlin-build-tools-api:1.9.23) with InstrumentationAnalysisTransform
Transforming kotlin-build-tools-api-1.9.23.jar (org.jetbrains.kotlin:kotlin-build-tools-api:1.9.23) with MergeInstrumentationAnalysisTransform
Transforming aaptcompiler-8.4.0.jar (com.android.tools.build:aaptcompiler:8.4.0) with ExternalDependencyInstrumentingArtifactTransform
Transforming kotlin-android-extensions-1.9.23.jar (org.jetbrains.kotlin:kotlin-android-extensions:1.9.23) with InstrumentationAnalysisTransform
Transforming kotlin-android-extensions-1.9.23.jar (org.jetbrains.kotlin:kotlin-android-extensions:1.9.23) with MergeInstrumentationAnalysisTransform
Transforming kotlin-compiler-runner-1.9.23.jar (org.jetbrains.kotlin:kotlin-compiler-runner:1.9.23) with InstrumentationAnalysisTransform
Transforming kotlin-compiler-runner-1.9.23.jar (org.jetbrains.kotlin:kotlin-compiler-runner:1.9.23) with MergeInstrumentationAnalysisTransform
Transforming kotlin-compiler-embeddable-1.9.23.jar (org.jetbrains.kotlin:kotlin-compiler-embeddable:1.9.23) with InstrumentationAnalysisTransform
Transforming kotlin-compiler-embeddable-1.9.23.jar (org.jetbrains.kotlin:kotlin-compiler-embeddable:1.9.23) with MergeInstrumentationAnalysisTransform
Transforming bundletool-1.15.6.jar (com.android.tools.build:bundletool:1.15.6) with ExternalDependencyInstrumentingArtifactTransform
Transforming kotlin-scripting-compiler-embeddable-1.9.23.jar (org.jetbrains.kotlin:kotlin-scripting-compiler-embeddable:1.9.23) with InstrumentationAnalysisTransform
Transforming kotlin-scripting-compiler-embeddable-1.9.23.jar (org.jetbrains.kotlin:kotlin-scripting-compiler-embeddable:1.9.23) with MergeInstrumentationAnalysisTransform
Transforming kotlin-scripting-compiler-impl-embeddable-1.9.23.jar (org.jetbrains.kotlin:kotlin-scripting-compiler-impl-embeddable:1.9.23) with InstrumentationAnalysisTransform
Transforming kotlin-scripting-compiler-impl-embeddable-1.9.23.jar (org.jetbrains.kotlin:kotlin-scripting-compiler-impl-embeddable:1.9.23) with MergeInstrumentationAnalysisTransform
Transforming jimfs-1.1.jar (com.google.jimfs:jimfs:1.1) with InstrumentationAnalysisTransform
Transforming jimfs-1.1.jar (com.google.jimfs:jimfs:1.1) with MergeInstrumentationAnalysisTransform
Transforming grpc-context-1.57.0.jar (io.grpc:grpc-context:1.57.0) with InstrumentationAnalysisTransform
Transforming aapt2-proto-8.4.0-11315950.jar (com.android.tools.build:aapt2-proto:8.4.0-11315950) with ExternalDependencyInstrumentingArtifactTransform
Transforming grpc-context-1.57.0.jar (io.grpc:grpc-context:1.57.0) with MergeInstrumentationAnalysisTransform
Transforming grpc-protobuf-lite-1.57.0.jar (io.grpc:grpc-protobuf-lite:1.57.0) with InstrumentationAnalysisTransform
Transforming grpc-protobuf-lite-1.57.0.jar (io.grpc:grpc-protobuf-lite:1.57.0) with MergeInstrumentationAnalysisTransform
Transforming grpc-api-1.57.0.jar (io.grpc:grpc-api:1.57.0) with InstrumentationAnalysisTransform
Transforming grpc-api-1.57.0.jar (io.grpc:grpc-api:1.57.0) with MergeInstrumentationAnalysisTransform
Transforming guava-32.0.1-jre.jar (com.google.guava:guava:32.0.1-jre) with InstrumentationAnalysisTransform
Transforming guava-32.0.1-jre.jar (com.google.guava:guava:32.0.1-jre) with MergeInstrumentationAnalysisTransform
Transforming crash-31.4.0.jar (com.android.tools.analytics-library:crash:31.4.0) with ExternalDependencyInstrumentingArtifactTransform
Transforming dagger-2.28.3.jar (com.google.dagger:dagger:2.28.3) with InstrumentationAnalysisTransform
Transforming dagger-2.28.3.jar (com.google.dagger:dagger:2.28.3) with MergeInstrumentationAnalysisTransform
Transforming javax.inject-1.jar (javax.inject:javax.inject:1) with InstrumentationAnalysisTransform
Transforming javax.inject-1.jar (javax.inject:javax.inject:1) with MergeInstrumentationAnalysisTransform
Transforming bcutil-jdk18on-1.77.jar (org.bouncycastle:bcutil-jdk18on:1.77) with InstrumentationAnalysisTransform
Transforming bcutil-jdk18on-1.77.jar (org.bouncycastle:bcutil-jdk18on:1.77) with MergeInstrumentationAnalysisTransform
Transforming bcprov-jdk18on-1.77.jar (org.bouncycastle:bcprov-jdk18on:1.77) with InstrumentationAnalysisTransform
Transforming bcprov-jdk18on-1.77.jar (org.bouncycastle:bcprov-jdk18on:1.77) with MergeInstrumentationAnalysisTransform
Transforming tracker-31.4.0.jar (com.android.tools.analytics-library:tracker:31.4.0) with ExternalDependencyInstrumentingArtifactTransform
Transforming manifest-merger-31.4.0.jar (com.android.tools.build:manifest-merger:31.4.0) with ExternalDependencyInstrumentingArtifactTransform
Transforming lint-typedef-remover-31.4.0.jar (com.android.tools.lint:lint-typedef-remover:31.4.0) with ExternalDependencyInstrumentingArtifactTransform
Transforming trove4j-1.0.20200330.jar (org.jetbrains.intellij.deps:trove4j:1.0.20200330) with InstrumentationAnalysisTransform
Transforming trove4j-1.0.20200330.jar (org.jetbrains.intellij.deps:trove4j:1.0.20200330) with MergeInstrumentationAnalysisTransform
Transforming commons-compress-1.21.jar (org.apache.commons:commons-compress:1.21) with InstrumentationAnalysisTransform
Transforming databinding-compiler-common-8.4.0.jar (androidx.databinding:databinding-compiler-common:8.4.0) with ExternalDependencyInstrumentingArtifactTransform
Transforming commons-compress-1.21.jar (org.apache.commons:commons-compress:1.21) with MergeInstrumentationAnalysisTransform
Transforming httpclient-4.5.14.jar (org.apache.httpcomponents:httpclient:4.5.14) with InstrumentationAnalysisTransform
Transforming httpclient-4.5.14.jar (org.apache.httpcomponents:httpclient:4.5.14) with MergeInstrumentationAnalysisTransform
Transforming httpcore-4.4.16.jar (org.apache.httpcomponents:httpcore:4.4.16) with InstrumentationAnalysisTransform
Transforming httpcore-4.4.16.jar (org.apache.httpcomponents:httpcore:4.4.16) with MergeInstrumentationAnalysisTransform
Transforming javax.activation-1.2.0.jar (com.sun.activation:javax.activation:1.2.0) with InstrumentationAnalysisTransform
Transforming javax.activation-1.2.0.jar (com.sun.activation:javax.activation:1.2.0) with MergeInstrumentationAnalysisTransform
Transforming annotations-23.0.0.jar (org.jetbrains:annotations:23.0.0) with InstrumentationAnalysisTransform
Transforming annotations-23.0.0.jar (org.jetbrains:annotations:23.0.0) with MergeInstrumentationAnalysisTransform
Transforming databinding-common-8.4.0.jar (androidx.databinding:databinding-common:8.4.0) with ExternalDependencyInstrumentingArtifactTransform
Transforming signflinger-8.4.0.jar (com.android:signflinger:8.4.0) with InstrumentationAnalysisTransform
Transforming signflinger-8.4.0.jar (com.android:signflinger:8.4.0) with MergeInstrumentationAnalysisTransform
Transforming zipflinger-8.4.0.jar (com.android:zipflinger:8.4.0) with InstrumentationAnalysisTransform
Transforming baseLibrary-8.4.0.jar (com.android.databinding:baseLibrary:8.4.0) with ExternalDependencyInstrumentingArtifactTransform
Transforming zipflinger-8.4.0.jar (com.android:zipflinger:8.4.0) with MergeInstrumentationAnalysisTransform
Transforming annotations-31.4.0.jar (com.android.tools:annotations:31.4.0) with InstrumentationAnalysisTransform
Transforming annotations-31.4.0.jar (com.android.tools:annotations:31.4.0) with MergeInstrumentationAnalysisTransform
Transforming jna-platform-5.6.0.jar (net.java.dev.jna:jna-platform:5.6.0) with InstrumentationAnalysisTransform
Transforming jna-platform-5.6.0.jar (net.java.dev.jna:jna-platform:5.6.0) with MergeInstrumentationAnalysisTransform
Transforming juniversalchardet-1.0.3.jar (com.googlecode.juniversalchardet:juniversalchardet:1.0.3) with InstrumentationAnalysisTransform
Transforming juniversalchardet-1.0.3.jar (com.googlecode.juniversalchardet:juniversalchardet:1.0.3) with MergeInstrumentationAnalysisTransform
Transforming javax.annotation-api-1.3.2.jar (javax.annotation:javax.annotation-api:1.3.2) with InstrumentationAnalysisTransform
Transforming layoutlib-api-31.4.0.jar (com.android.tools.layoutlib:layoutlib-api:31.4.0) with ExternalDependencyInstrumentingArtifactTransform
Transforming javax.annotation-api-1.3.2.jar (javax.annotation:javax.annotation-api:1.3.2) with MergeInstrumentationAnalysisTransform
Transforming stax-ex-1.8.1.jar (org.jvnet.staxex:stax-ex:1.8.1) with InstrumentationAnalysisTransform
Transforming stax-ex-1.8.1.jar (org.jvnet.staxex:stax-ex:1.8.1) with MergeInstrumentationAnalysisTransform
Transforming jakarta.xml.bind-api-2.3.2.jar (jakarta.xml.bind:jakarta.xml.bind-api:2.3.2) with InstrumentationAnalysisTransform
Transforming jakarta.xml.bind-api-2.3.2.jar (jakarta.xml.bind:jakarta.xml.bind-api:2.3.2) with MergeInstrumentationAnalysisTransform
Transforming txw2-2.3.2.jar (org.glassfish.jaxb:txw2:2.3.2) with InstrumentationAnalysisTransform
Transforming txw2-2.3.2.jar (org.glassfish.jaxb:txw2:2.3.2) with MergeInstrumentationAnalysisTransform
Transforming istack-commons-runtime-3.0.8.jar (com.sun.istack:istack-commons-runtime:3.0.8) with InstrumentationAnalysisTransform
Transforming android-device-provider-ddmlib-proto-31.4.0.jar (com.android.tools.utp:android-device-provider-ddmlib-proto:31.4.0) with ExternalDependencyInstrumentingArtifactTransform
Transforming istack-commons-runtime-3.0.8.jar (com.sun.istack:istack-commons-runtime:3.0.8) with MergeInstrumentationAnalysisTransform
Transforming FastInfoset-1.2.16.jar (com.sun.xml.fastinfoset:FastInfoset:1.2.16) with InstrumentationAnalysisTransform
Transforming FastInfoset-1.2.16.jar (com.sun.xml.fastinfoset:FastInfoset:1.2.16) with MergeInstrumentationAnalysisTransform
Transforming jakarta.activation-api-1.2.1.jar (jakarta.activation:jakarta.activation-api:1.2.1) with InstrumentationAnalysisTransform
Transforming shared-31.4.0.jar (com.android.tools.analytics-library:shared:31.4.0) with ExternalDependencyInstrumentingArtifactTransform
Transforming jakarta.activation-api-1.2.1.jar (jakarta.activation:jakarta.activation-api:1.2.1) with MergeInstrumentationAnalysisTransform
Transforming auto-value-annotations-1.6.2.jar (com.google.auto.value:auto-value-annotations:1.6.2) with InstrumentationAnalysisTransform
Transforming auto-value-annotations-1.6.2.jar (com.google.auto.value:auto-value-annotations:1.6.2) with MergeInstrumentationAnalysisTransform
Transforming error_prone_annotations-2.18.0.jar (com.google.errorprone:error_prone_annotations:2.18.0) with InstrumentationAnalysisTransform
Transforming error_prone_annotations-2.18.0.jar (com.google.errorprone:error_prone_annotations:2.18.0) with MergeInstrumentationAnalysisTransform
Transforming jose4j-0.7.0.jar (org.bitbucket.b_c:jose4j:0.7.0) with InstrumentationAnalysisTransform
Transforming jose4j-0.7.0.jar (org.bitbucket.b_c:jose4j:0.7.0) with MergeInstrumentationAnalysisTransform
Transforming android-device-provider-gradle-proto-31.4.0.jar (com.android.tools.utp:android-device-provider-gradle-proto:31.4.0) with ExternalDependencyInstrumentingArtifactTransform
Transforming slf4j-api-1.7.30.jar (org.slf4j:slf4j-api:1.7.30) with InstrumentationAnalysisTransform
Transforming slf4j-api-1.7.30.jar (org.slf4j:slf4j-api:1.7.30) with MergeInstrumentationAnalysisTransform
Transforming android-test-plugin-host-additional-test-output-proto-31.4.0.jar (com.android.tools.utp:android-test-plugin-host-additional-test-output-proto:31.4.0) with ExternalDependencyInstrumentingArtifactTransform
Transforming android-test-plugin-host-coverage-proto-31.4.0.jar (com.android.tools.utp:android-test-plugin-host-coverage-proto:31.4.0) with ExternalDependencyInstrumentingArtifactTransform
Transforming android-test-plugin-host-emulator-control-proto-31.4.0.jar (com.android.tools.utp:android-test-plugin-host-emulator-control-proto:31.4.0) with ExternalDependencyInstrumentingArtifactTransform
Transforming jdom2-2.0.6.jar (org.jdom:jdom2:2.0.6) with InstrumentationAnalysisTransform
Transforming jdom2-2.0.6.jar (org.jdom:jdom2:2.0.6) with MergeInstrumentationAnalysisTransform
Transforming jsr305-3.0.2.jar (com.google.code.findbugs:jsr305:3.0.2) with InstrumentationAnalysisTransform
Transforming jsr305-3.0.2.jar (com.google.code.findbugs:jsr305:3.0.2) with MergeInstrumentationAnalysisTransform
Transforming j2objc-annotations-2.8.jar (com.google.j2objc:j2objc-annotations:2.8) with InstrumentationAnalysisTransform
Transforming android-test-plugin-host-logcat-proto-31.4.0.jar (com.android.tools.utp:android-test-plugin-host-logcat-proto:31.4.0) with ExternalDependencyInstrumentingArtifactTransform
Transforming j2objc-annotations-2.8.jar (com.google.j2objc:j2objc-annotations:2.8) with MergeInstrumentationAnalysisTransform
Transforming annotations-4.1.1.4.jar (com.google.android:annotations:4.1.1.4) with InstrumentationAnalysisTransform
Transforming annotations-4.1.1.4.jar (com.google.android:annotations:4.1.1.4) with MergeInstrumentationAnalysisTransform
Transforming animal-sniffer-annotations-1.23.jar (org.codehaus.mojo:animal-sniffer-annotations:1.23) with InstrumentationAnalysisTransform
Transforming animal-sniffer-annotations-1.23.jar (org.codehaus.mojo:animal-sniffer-annotations:1.23) with MergeInstrumentationAnalysisTransform
Transforming perfmark-api-0.26.0.jar (io.perfmark:perfmark-api:0.26.0) with InstrumentationAnalysisTransform
Transforming perfmark-api-0.26.0.jar (io.perfmark:perfmark-api:0.26.0) with MergeInstrumentationAnalysisTransform
Transforming netty-codec-http2-4.1.93.Final.jar (io.netty:netty-codec-http2:4.1.93.Final) with InstrumentationAnalysisTransform
Transforming netty-codec-http2-4.1.93.Final.jar (io.netty:netty-codec-http2:4.1.93.Final) with MergeInstrumentationAnalysisTransform
Transforming netty-handler-proxy-4.1.93.Final.jar (io.netty:netty-handler-proxy:4.1.93.Final) with InstrumentationAnalysisTransform
Transforming android-test-plugin-host-apk-installer-proto-31.4.0.jar (com.android.tools.utp:android-test-plugin-host-apk-installer-proto:31.4.0) with ExternalDependencyInstrumentingArtifactTransform
Transforming netty-handler-proxy-4.1.93.Final.jar (io.netty:netty-handler-proxy:4.1.93.Final) with MergeInstrumentationAnalysisTransform
Transforming netty-codec-http-4.1.93.Final.jar (io.netty:netty-codec-http:4.1.93.Final) with InstrumentationAnalysisTransform
Transforming netty-codec-http-4.1.93.Final.jar (io.netty:netty-codec-http:4.1.93.Final) with MergeInstrumentationAnalysisTransform
Transforming netty-handler-4.1.93.Final.jar (io.netty:netty-handler:4.1.93.Final) with InstrumentationAnalysisTransform
Transforming netty-handler-4.1.93.Final.jar (io.netty:netty-handler:4.1.93.Final) with MergeInstrumentationAnalysisTransform
Transforming netty-transport-native-unix-common-4.1.93.Final.jar (io.netty:netty-transport-native-unix-common:4.1.93.Final) with InstrumentationAnalysisTransform
Transforming netty-transport-native-unix-common-4.1.93.Final.jar (io.netty:netty-transport-native-unix-common:4.1.93.Final) with MergeInstrumentationAnalysisTransform
Transforming android-test-plugin-host-retention-proto-31.4.0.jar (com.android.tools.utp:android-test-plugin-host-retention-proto:31.4.0) with ExternalDependencyInstrumentingArtifactTransform
Transforming checker-qual-3.33.0.jar (org.checkerframework:checker-qual:3.33.0) with InstrumentationAnalysisTransform
Transforming checker-qual-3.33.0.jar (org.checkerframework:checker-qual:3.33.0) with MergeInstrumentationAnalysisTransform
Transforming commons-codec-1.11.jar (commons-codec:commons-codec:1.11) with InstrumentationAnalysisTransform
Transforming commons-codec-1.11.jar (commons-codec:commons-codec:1.11) with MergeInstrumentationAnalysisTransform
Transforming apksig-8.4.0.jar (com.android.tools.build:apksig:8.4.0) with InstrumentationAnalysisTransform
Transforming apksig-8.4.0.jar (com.android.tools.build:apksig:8.4.0) with MergeInstrumentationAnalysisTransform
Transforming javawriter-2.5.0.jar (com.squareup:javawriter:2.5.0) with InstrumentationAnalysisTransform
Transforming android-test-plugin-result-listener-gradle-proto-31.4.0.jar (com.android.tools.utp:android-test-plugin-result-listener-gradle-proto:31.4.0) with ExternalDependencyInstrumentingArtifactTransform
Transforming javawriter-2.5.0.jar (com.squareup:javawriter:2.5.0) with MergeInstrumentationAnalysisTransform
Transforming kotlin-gradle-plugin-annotations-1.9.23.jar (org.jetbrains.kotlin:kotlin-gradle-plugin-annotations:1.9.23) with InstrumentationAnalysisTransform
Transforming kotlin-gradle-plugin-annotations-1.9.23.jar (org.jetbrains.kotlin:kotlin-gradle-plugin-annotations:1.9.23) with MergeInstrumentationAnalysisTransform
Transforming kotlin-project-model-1.9.23.jar (org.jetbrains.kotlin:kotlin-project-model:1.9.23) with InstrumentationAnalysisTransform
Transforming kotlin-project-model-1.9.23.jar (org.jetbrains.kotlin:kotlin-project-model:1.9.23) with MergeInstrumentationAnalysisTransform
Transforming kotlin-tooling-core-1.9.23.jar (org.jetbrains.kotlin:kotlin-tooling-core:1.9.23) with InstrumentationAnalysisTransform
Transforming kotlin-tooling-core-1.9.23.jar (org.jetbrains.kotlin:kotlin-tooling-core:1.9.23) with MergeInstrumentationAnalysisTransform
Transforming kotlin-util-io-1.9.23.jar (org.jetbrains.kotlin:kotlin-util-io:1.9.23) with InstrumentationAnalysisTransform
Transforming kotlin-util-io-1.9.23.jar (org.jetbrains.kotlin:kotlin-util-io:1.9.23) with MergeInstrumentationAnalysisTransform
Transforming kotlin-daemon-embeddable-1.9.23.jar (org.jetbrains.kotlin:kotlin-daemon-embeddable:1.9.23) with InstrumentationAnalysisTransform
Transforming kotlin-daemon-embeddable-1.9.23.jar (org.jetbrains.kotlin:kotlin-daemon-embeddable:1.9.23) with MergeInstrumentationAnalysisTransform
Transforming kotlin-daemon-client-1.9.23.jar (org.jetbrains.kotlin:kotlin-daemon-client:1.9.23) with InstrumentationAnalysisTransform
Transforming kotlin-daemon-client-1.9.23.jar (org.jetbrains.kotlin:kotlin-daemon-client:1.9.23) with MergeInstrumentationAnalysisTransform
Transforming dvlib-31.4.0.jar (com.android.tools:dvlib:31.4.0) with ExternalDependencyInstrumentingArtifactTransform
Transforming common-31.4.0.jar (com.android.tools:common:31.4.0) with ExternalDependencyInstrumentingArtifactTransform
Transforming jetifier-processor-1.0.0-beta10.jar (com.android.tools.build.jetifier:jetifier-processor:1.0.0-beta10) with ExternalDependencyInstrumentingArtifactTransform
Transforming jetifier-core-1.0.0-beta10.jar (com.android.tools.build.jetifier:jetifier-core:1.0.0-beta10) with ExternalDependencyInstrumentingArtifactTransform
Transforming kotlin-reflect-1.9.20.jar (org.jetbrains.kotlin:kotlin-reflect:1.9.20) with ExternalDependencyInstrumentingArtifactTransform
Transforming builder-model-8.4.0.jar (com.android.tools.build:builder-model:8.4.0) with ExternalDependencyInstrumentingArtifactTransform
Transforming kotlin-stdlib-jdk7-1.9.20.jar (org.jetbrains.kotlin:kotlin-stdlib-jdk7:1.9.20) with ExternalDependencyInstrumentingArtifactTransform
Transforming kotlin-stdlib-1.9.20.jar (org.jetbrains.kotlin:kotlin-stdlib:1.9.20) with ExternalDependencyInstrumentingArtifactTransform
Transforming kotlin-stdlib-jdk8-1.9.20.jar (org.jetbrains.kotlin:kotlin-stdlib-jdk8:1.9.20) with ExternalDependencyInstrumentingArtifactTransform
Transforming transform-api-2.0.0-deprecated-use-gradle-api.jar (com.android.tools.build:transform-api:2.0.0-deprecated-use-gradle-api) with ExternalDependencyInstrumentingArtifactTransform
Transforming kotlinx-coroutines-core-jvm-1.5.0.jar (org.jetbrains.kotlinx:kotlinx-coroutines-core-jvm:1.5.0) with InstrumentationAnalysisTransform
Transforming kotlinx-coroutines-core-jvm-1.5.0.jar (org.jetbrains.kotlinx:kotlinx-coroutines-core-jvm:1.5.0) with MergeInstrumentationAnalysisTransform
Transforming kotlin-scripting-jvm-1.9.23.jar (org.jetbrains.kotlin:kotlin-scripting-jvm:1.9.23) with InstrumentationAnalysisTransform
Transforming kotlin-scripting-jvm-1.9.23.jar (org.jetbrains.kotlin:kotlin-scripting-jvm:1.9.23) with MergeInstrumentationAnalysisTransform
Transforming kotlin-scripting-common-1.9.23.jar (org.jetbrains.kotlin:kotlin-scripting-common:1.9.23) with InstrumentationAnalysisTransform
Transforming kotlin-scripting-common-1.9.23.jar (org.jetbrains.kotlin:kotlin-scripting-common:1.9.23) with MergeInstrumentationAnalysisTransform
Transforming failureaccess-1.0.1.jar (com.google.guava:failureaccess:1.0.1) with InstrumentationAnalysisTransform
Transforming commons-io-2.13.0.jar (commons-io:commons-io:2.13.0) with ExternalDependencyInstrumentingArtifactTransform
Transforming failureaccess-1.0.1.jar (com.google.guava:failureaccess:1.0.1) with MergeInstrumentationAnalysisTransform
Transforming listenablefuture-9999.0-empty-to-avoid-conflict-with-guava.jar (com.google.guava:listenablefuture:9999.0-empty-to-avoid-conflict-with-guava) with InstrumentationAnalysisTransform
Transforming listenablefuture-9999.0-empty-to-avoid-conflict-with-guava.jar (com.google.guava:listenablefuture:9999.0-empty-to-avoid-conflict-with-guava) with MergeInstrumentationAnalysisTransform
Transforming commons-logging-1.2.jar (commons-logging:commons-logging:1.2) with InstrumentationAnalysisTransform
Transforming commons-logging-1.2.jar (commons-logging:commons-logging:1.2) with MergeInstrumentationAnalysisTransform
Transforming asm-commons-9.6.jar (org.ow2.asm:asm-commons:9.6) with ExternalDependencyInstrumentingArtifactTransform
Transforming jna-5.6.0.jar (net.java.dev.jna:jna:5.6.0) with InstrumentationAnalysisTransform
Transforming jna-5.6.0.jar (net.java.dev.jna:jna:5.6.0) with MergeInstrumentationAnalysisTransform
Transforming netty-codec-socks-4.1.93.Final.jar (io.netty:netty-codec-socks:4.1.93.Final) with InstrumentationAnalysisTransform
Transforming netty-codec-socks-4.1.93.Final.jar (io.netty:netty-codec-socks:4.1.93.Final) with MergeInstrumentationAnalysisTransform
Transforming netty-codec-4.1.93.Final.jar (io.netty:netty-codec:4.1.93.Final) with InstrumentationAnalysisTransform
Transforming netty-codec-4.1.93.Final.jar (io.netty:netty-codec:4.1.93.Final) with MergeInstrumentationAnalysisTransform
Transforming netty-transport-4.1.93.Final.jar (io.netty:netty-transport:4.1.93.Final) with InstrumentationAnalysisTransform
Transforming netty-transport-4.1.93.Final.jar (io.netty:netty-transport:4.1.93.Final) with MergeInstrumentationAnalysisTransform
Transforming netty-buffer-4.1.93.Final.jar (io.netty:netty-buffer:4.1.93.Final) with InstrumentationAnalysisTransform
Transforming asm-util-9.6.jar (org.ow2.asm:asm-util:9.6) with ExternalDependencyInstrumentingArtifactTransform
Transforming netty-buffer-4.1.93.Final.jar (io.netty:netty-buffer:4.1.93.Final) with MergeInstrumentationAnalysisTransform
Transforming netty-resolver-4.1.93.Final.jar (io.netty:netty-resolver:4.1.93.Final) with InstrumentationAnalysisTransform
Transforming netty-resolver-4.1.93.Final.jar (io.netty:netty-resolver:4.1.93.Final) with MergeInstrumentationAnalysisTransform
Transforming netty-common-4.1.93.Final.jar (io.netty:netty-common:4.1.93.Final) with InstrumentationAnalysisTransform
Transforming netty-common-4.1.93.Final.jar (io.netty:netty-common:4.1.93.Final) with MergeInstrumentationAnalysisTransform
Transforming asm-analysis-9.6.jar (org.ow2.asm:asm-analysis:9.6) with ExternalDependencyInstrumentingArtifactTransform
Transforming asm-tree-9.6.jar (org.ow2.asm:asm-tree:9.6) with ExternalDependencyInstrumentingArtifactTransform
Transforming apkzlib-8.4.0.jar (com.android.tools.build:apkzlib:8.4.0) with ExternalDependencyInstrumentingArtifactTransform
Transforming bcpkix-jdk18on-1.77.jar (org.bouncycastle:bcpkix-jdk18on:1.77) with ExternalDependencyInstrumentingArtifactTransform
Transforming jaxb-runtime-2.3.2.jar (org.glassfish.jaxb:jaxb-runtime:2.3.2) with ExternalDependencyInstrumentingArtifactTransform
Transforming jopt-simple-4.9.jar (net.sf.jopt-simple:jopt-simple:4.9) with ExternalDependencyInstrumentingArtifactTransform
Transforming javapoet-1.10.0.jar (com.squareup:javapoet:1.10.0) with ExternalDependencyInstrumentingArtifactTransform
Transforming httpmime-4.5.6.jar (org.apache.httpcomponents:httpmime:4.5.6) with ExternalDependencyInstrumentingArtifactTransform
Transforming protobuf-java-util-3.22.3.jar (com.google.protobuf:protobuf-java-util:3.22.3) with ExternalDependencyInstrumentingArtifactTransform
Transforming grpc-protobuf-1.57.0.jar (io.grpc:grpc-protobuf:1.57.0) with ExternalDependencyInstrumentingArtifactTransform
Transforming tink-1.7.0.jar (com.google.crypto.tink:tink:1.7.0) with ExternalDependencyInstrumentingArtifactTransform
Transforming asm-9.6.jar (org.ow2.asm:asm:9.6) with ExternalDependencyInstrumentingArtifactTransform
Transforming protos-31.4.0.jar (com.android.tools.analytics-library:protos:31.4.0) with ExternalDependencyInstrumentingArtifactTransform
Transforming protobuf-java-3.22.3.jar (com.google.protobuf:protobuf-java:3.22.3) with ExternalDependencyInstrumentingArtifactTransform
Transforming grpc-netty-1.57.0.jar (io.grpc:grpc-netty:1.57.0) with ExternalDependencyInstrumentingArtifactTransform
Transforming grpc-core-1.57.0.jar (io.grpc:grpc-core:1.57.0) with ExternalDependencyInstrumentingArtifactTransform
Transforming gson-2.10.1.jar (com.google.code.gson:gson:2.10.1) with ExternalDependencyInstrumentingArtifactTransform
Transforming grpc-stub-1.57.0.jar (io.grpc:grpc-stub:1.57.0) with ExternalDependencyInstrumentingArtifactTransform
Transforming core-proto-0.0.9-alpha02.jar (com.google.testing.platform:core-proto:0.0.9-alpha02) with ExternalDependencyInstrumentingArtifactTransform
Transforming kxml2-2.3.0.jar (net.sf.kxml:kxml2:2.3.0) with ExternalDependencyInstrumentingArtifactTransform
Transforming proto-google-common-protos-2.17.0.jar (com.google.api.grpc:proto-google-common-protos:2.17.0) with ExternalDependencyInstrumentingArtifactTransform
Transforming flatbuffers-java-1.12.0.jar (com.google.flatbuffers:flatbuffers-java:1.12.0) with ExternalDependencyInstrumentingArtifactTransform
Transforming kotlin-gradle-plugin-idea-proto-1.9.23.jar (org.jetbrains.kotlin:kotlin-gradle-plugin-idea-proto:1.9.23) with ExternalDependencyInstrumentingArtifactTransform
Transforming kotlin-gradle-plugin-idea-1.9.23.jar (org.jetbrains.kotlin:kotlin-gradle-plugin-idea:1.9.23) with ExternalDependencyInstrumentingArtifactTransform
Transforming kotlin-klib-commonizer-api-1.9.23.jar (org.jetbrains.kotlin:kotlin-klib-commonizer-api:1.9.23) with ExternalDependencyInstrumentingArtifactTransform
Transforming kotlin-native-utils-1.9.23.jar (org.jetbrains.kotlin:kotlin-native-utils:1.9.23) with ExternalDependencyInstrumentingArtifactTransform
Transforming kotlin-util-klib-1.9.23.jar (org.jetbrains.kotlin:kotlin-util-klib:1.9.23) with ExternalDependencyInstrumentingArtifactTransform
Transforming kotlin-build-tools-api-1.9.23.jar (org.jetbrains.kotlin:kotlin-build-tools-api:1.9.23) with ExternalDependencyInstrumentingArtifactTransform
Transforming kotlin-android-extensions-1.9.23.jar (org.jetbrains.kotlin:kotlin-android-extensions:1.9.23) with ExternalDependencyInstrumentingArtifactTransform
Transforming kotlin-compiler-runner-1.9.23.jar (org.jetbrains.kotlin:kotlin-compiler-runner:1.9.23) with ExternalDependencyInstrumentingArtifactTransform
Transforming kotlin-compiler-embeddable-1.9.23.jar (org.jetbrains.kotlin:kotlin-compiler-embeddable:1.9.23) with ExternalDependencyInstrumentingArtifactTransform
Transforming kotlin-scripting-compiler-embeddable-1.9.23.jar (org.jetbrains.kotlin:kotlin-scripting-compiler-embeddable:1.9.23) with ExternalDependencyInstrumentingArtifactTransform
Transforming kotlin-scripting-compiler-impl-embeddable-1.9.23.jar (org.jetbrains.kotlin:kotlin-scripting-compiler-impl-embeddable:1.9.23) with ExternalDependencyInstrumentingArtifactTransform
Transforming jimfs-1.1.jar (com.google.jimfs:jimfs:1.1) with ExternalDependencyInstrumentingArtifactTransform
Transforming grpc-context-1.57.0.jar (io.grpc:grpc-context:1.57.0) with ExternalDependencyInstrumentingArtifactTransform
Transforming grpc-protobuf-lite-1.57.0.jar (io.grpc:grpc-protobuf-lite:1.57.0) with ExternalDependencyInstrumentingArtifactTransform
Transforming grpc-api-1.57.0.jar (io.grpc:grpc-api:1.57.0) with ExternalDependencyInstrumentingArtifactTransform
Transforming guava-32.0.1-jre.jar (com.google.guava:guava:32.0.1-jre) with ExternalDependencyInstrumentingArtifactTransform
Transforming dagger-2.28.3.jar (com.google.dagger:dagger:2.28.3) with ExternalDependencyInstrumentingArtifactTransform
Transforming bcutil-jdk18on-1.77.jar (org.bouncycastle:bcutil-jdk18on:1.77) with ExternalDependencyInstrumentingArtifactTransform
Transforming tensorflow-lite-metadata-0.1.0-rc2.jar (org.tensorflow:tensorflow-lite-metadata:0.1.0-rc2) with ExternalDependencyInstrumentingArtifactTransform
Transforming bcprov-jdk18on-1.77.jar (org.bouncycastle:bcprov-jdk18on:1.77) with ExternalDependencyInstrumentingArtifactTransform
Transforming trove4j-1.0.20200330.jar (org.jetbrains.intellij.deps:trove4j:1.0.20200330) with ExternalDependencyInstrumentingArtifactTransform
Transforming commons-compress-1.21.jar (org.apache.commons:commons-compress:1.21) with ExternalDependencyInstrumentingArtifactTransform
Transforming httpclient-4.5.14.jar (org.apache.httpcomponents:httpclient:4.5.14) with ExternalDependencyInstrumentingArtifactTransform
Transforming httpcore-4.4.16.jar (org.apache.httpcomponents:httpcore:4.4.16) with ExternalDependencyInstrumentingArtifactTransform
Transforming javax.activation-1.2.0.jar (com.sun.activation:javax.activation:1.2.0) with ExternalDependencyInstrumentingArtifactTransform
Transforming annotations-23.0.0.jar (org.jetbrains:annotations:23.0.0) with ExternalDependencyInstrumentingArtifactTransform
Transforming signflinger-8.4.0.jar (com.android:signflinger:8.4.0) with ExternalDependencyInstrumentingArtifactTransform
Transforming zipflinger-8.4.0.jar (com.android:zipflinger:8.4.0) with ExternalDependencyInstrumentingArtifactTransform
Transforming annotations-31.4.0.jar (com.android.tools:annotations:31.4.0) with ExternalDependencyInstrumentingArtifactTransform
Transforming jna-platform-5.6.0.jar (net.java.dev.jna:jna-platform:5.6.0) with ExternalDependencyInstrumentingArtifactTransform
Transforming juniversalchardet-1.0.3.jar (com.googlecode.juniversalchardet:juniversalchardet:1.0.3) with ExternalDependencyInstrumentingArtifactTransform
Transforming javax.annotation-api-1.3.2.jar (javax.annotation:javax.annotation-api:1.3.2) with ExternalDependencyInstrumentingArtifactTransform
Transforming javax.inject-1.jar (javax.inject:javax.inject:1) with ExternalDependencyInstrumentingArtifactTransform
Transforming jakarta.xml.bind-api-2.3.2.jar (jakarta.xml.bind:jakarta.xml.bind-api:2.3.2) with ExternalDependencyInstrumentingArtifactTransform
Transforming txw2-2.3.2.jar (org.glassfish.jaxb:txw2:2.3.2) with ExternalDependencyInstrumentingArtifactTransform
Transforming istack-commons-runtime-3.0.8.jar (com.sun.istack:istack-commons-runtime:3.0.8) with ExternalDependencyInstrumentingArtifactTransform
Transforming FastInfoset-1.2.16.jar (com.sun.xml.fastinfoset:FastInfoset:1.2.16) with ExternalDependencyInstrumentingArtifactTransform
Transforming jakarta.activation-api-1.2.1.jar (jakarta.activation:jakarta.activation-api:1.2.1) with ExternalDependencyInstrumentingArtifactTransform
Transforming auto-value-annotations-1.6.2.jar (com.google.auto.value:auto-value-annotations:1.6.2) with ExternalDependencyInstrumentingArtifactTransform
Transforming stax-ex-1.8.1.jar (org.jvnet.staxex:stax-ex:1.8.1) with ExternalDependencyInstrumentingArtifactTransform
Transforming error_prone_annotations-2.18.0.jar (com.google.errorprone:error_prone_annotations:2.18.0) with ExternalDependencyInstrumentingArtifactTransform
Transforming jose4j-0.7.0.jar (org.bitbucket.b_c:jose4j:0.7.0) with ExternalDependencyInstrumentingArtifactTransform
Transforming slf4j-api-1.7.30.jar (org.slf4j:slf4j-api:1.7.30) with ExternalDependencyInstrumentingArtifactTransform
Transforming jdom2-2.0.6.jar (org.jdom:jdom2:2.0.6) with ExternalDependencyInstrumentingArtifactTransform
Transforming jsr305-3.0.2.jar (com.google.code.findbugs:jsr305:3.0.2) with ExternalDependencyInstrumentingArtifactTransform
Transforming j2objc-annotations-2.8.jar (com.google.j2objc:j2objc-annotations:2.8) with ExternalDependencyInstrumentingArtifactTransform
Transforming annotations-4.1.1.4.jar (com.google.android:annotations:4.1.1.4) with ExternalDependencyInstrumentingArtifactTransform
Transforming animal-sniffer-annotations-1.23.jar (org.codehaus.mojo:animal-sniffer-annotations:1.23) with ExternalDependencyInstrumentingArtifactTransform
Transforming perfmark-api-0.26.0.jar (io.perfmark:perfmark-api:0.26.0) with ExternalDependencyInstrumentingArtifactTransform
Transforming netty-codec-http2-4.1.93.Final.jar (io.netty:netty-codec-http2:4.1.93.Final) with ExternalDependencyInstrumentingArtifactTransform
Transforming netty-codec-http-4.1.93.Final.jar (io.netty:netty-codec-http:4.1.93.Final) with ExternalDependencyInstrumentingArtifactTransform
Transforming netty-handler-4.1.93.Final.jar (io.netty:netty-handler:4.1.93.Final) with ExternalDependencyInstrumentingArtifactTransform
Transforming netty-transport-native-unix-common-4.1.93.Final.jar (io.netty:netty-transport-native-unix-common:4.1.93.Final) with ExternalDependencyInstrumentingArtifactTransform
Transforming checker-qual-3.33.0.jar (org.checkerframework:checker-qual:3.33.0) with ExternalDependencyInstrumentingArtifactTransform
Transforming commons-codec-1.11.jar (commons-codec:commons-codec:1.11) with ExternalDependencyInstrumentingArtifactTransform
Transforming javawriter-2.5.0.jar (com.squareup:javawriter:2.5.0) with ExternalDependencyInstrumentingArtifactTransform
Transforming netty-handler-proxy-4.1.93.Final.jar (io.netty:netty-handler-proxy:4.1.93.Final) with ExternalDependencyInstrumentingArtifactTransform
Transforming kotlin-project-model-1.9.23.jar (org.jetbrains.kotlin:kotlin-project-model:1.9.23) with ExternalDependencyInstrumentingArtifactTransform
Transforming apksig-8.4.0.jar (com.android.tools.build:apksig:8.4.0) with ExternalDependencyInstrumentingArtifactTransform
Transforming kotlin-tooling-core-1.9.23.jar (org.jetbrains.kotlin:kotlin-tooling-core:1.9.23) with ExternalDependencyInstrumentingArtifactTransform
Transforming kotlin-util-io-1.9.23.jar (org.jetbrains.kotlin:kotlin-util-io:1.9.23) with ExternalDependencyInstrumentingArtifactTransform
Transforming kotlin-daemon-embeddable-1.9.23.jar (org.jetbrains.kotlin:kotlin-daemon-embeddable:1.9.23) with ExternalDependencyInstrumentingArtifactTransform
Transforming kotlin-daemon-client-1.9.23.jar (org.jetbrains.kotlin:kotlin-daemon-client:1.9.23) with ExternalDependencyInstrumentingArtifactTransform
Transforming kotlinx-coroutines-core-jvm-1.5.0.jar (org.jetbrains.kotlinx:kotlinx-coroutines-core-jvm:1.5.0) with ExternalDependencyInstrumentingArtifactTransform
Transforming kotlin-scripting-jvm-1.9.23.jar (org.jetbrains.kotlin:kotlin-scripting-jvm:1.9.23) with ExternalDependencyInstrumentingArtifactTransform
Transforming kotlin-scripting-common-1.9.23.jar (org.jetbrains.kotlin:kotlin-scripting-common:1.9.23) with ExternalDependencyInstrumentingArtifactTransform
Transforming failureaccess-1.0.1.jar (com.google.guava:failureaccess:1.0.1) with ExternalDependencyInstrumentingArtifactTransform
Transforming listenablefuture-9999.0-empty-to-avoid-conflict-with-guava.jar (com.google.guava:listenablefuture:9999.0-empty-to-avoid-conflict-with-guava) with ExternalDependencyInstrumentingArtifactTransform
Transforming commons-logging-1.2.jar (commons-logging:commons-logging:1.2) with ExternalDependencyInstrumentingArtifactTransform
Transforming jna-5.6.0.jar (net.java.dev.jna:jna:5.6.0) with ExternalDependencyInstrumentingArtifactTransform
Transforming netty-codec-socks-4.1.93.Final.jar (io.netty:netty-codec-socks:4.1.93.Final) with ExternalDependencyInstrumentingArtifactTransform
Transforming netty-codec-4.1.93.Final.jar (io.netty:netty-codec:4.1.93.Final) with ExternalDependencyInstrumentingArtifactTransform
Transforming netty-transport-4.1.93.Final.jar (io.netty:netty-transport:4.1.93.Final) with ExternalDependencyInstrumentingArtifactTransform
Transforming kotlin-gradle-plugin-annotations-1.9.23.jar (org.jetbrains.kotlin:kotlin-gradle-plugin-annotations:1.9.23) with ExternalDependencyInstrumentingArtifactTransform
Transforming netty-resolver-4.1.93.Final.jar (io.netty:netty-resolver:4.1.93.Final) with ExternalDependencyInstrumentingArtifactTransform
Transforming netty-common-4.1.93.Final.jar (io.netty:netty-common:4.1.93.Final) with ExternalDependencyInstrumentingArtifactTransform
Transforming netty-buffer-4.1.93.Final.jar (io.netty:netty-buffer:4.1.93.Final) with ExternalDependencyInstrumentingArtifactTransform

> Configure project :app
Evaluating project ':app' using build file '/app/app/build.gradle'.
Using default execution profile
Using Kotlin Gradle Plugin gradle82 variant

> Configure project :core
Evaluating project ':core' using build file '/app/core/build.gradle'.
Using default execution profile
Using Kotlin Gradle Plugin gradle82 variant
All projects evaluated.
Task path ':core:testDebugUnitTest' matched project ':core'
Task name matched 'testDebugUnitTest'
Selected primary task 'testDebugUnitTest' from project :core
Tasks to be executed: [task ':core:checkKotlinGradlePluginConfigurationErrors', task ':core:preBuild', task ':core:preDebugBuild', task ':core:generateDebugResValues', task ':core:generateDebugResources', task ':core:packageDebugResources', task ':core:parseDebugLocalResources', task ':core:generateDebugRFile', task ':core:compileDebugKotlin', task ':core:javaPreCompileDebug', task ':core:compileDebugJavaWithJavac', task ':core:bundleLibRuntimeToJarDebug', task ':core:bundleLibCompileToJarDebug', task ':core:preDebugUnitTestBuild', task ':core:writeDebugAarMetadata', task ':core:checkDebugUnitTestAarMetadata', task ':core:compileDebugLibraryResources', task ':core:generateDebugUnitTestResValues', task ':core:mapDebugUnitTestSourceSetPaths', task ':core:generateDebugUnitTestResources', task ':core:mergeDebugUnitTestResources', task ':core:extractDeepLinksDebug', task ':core:processDebugManifest', task ':core:processDebugUnitTestManifest', task ':core:processDebugUnitTestResources', task ':core:compileDebugUnitTestKotlin', task ':core:javaPreCompileDebugUnitTest', task ':core:compileDebugUnitTestJavaWithJavac', task ':core:mergeDebugShaders', task ':core:compileDebugShaders', task ':core:generateDebugAssets', task ':core:mergeDebugAssets', task ':core:generateDebugUnitTestAssets', task ':core:packageDebugAssets', task ':core:mergeDebugUnitTestAssets', task ':core:packageDebugUnitTestForUnitTest', task ':core:generateDebugUnitTestConfig', task ':core:processDebugJavaRes', task ':core:processDebugUnitTestJavaRes', task ':core:testDebugUnitTest']
Tasks that were excluded: []
Resolve mutations for :core:checkKotlinGradlePluginConfigurationErrors (Thread[#435,Execution worker,5,main]) started.
:core:checkKotlinGradlePluginConfigurationErrors (Thread[#435,Execution worker,5,main]) started.

> Task :core:checkKotlinGradlePluginConfigurationErrors
Caching disabled for task ':core:checkKotlinGradlePluginConfigurationErrors' because:
  Build cache is disabled
Task ':core:checkKotlinGradlePluginConfigurationErrors' is not up-to-date because:
  Task has not declared any outputs despite executing actions.
Resolve mutations for :core:preBuild (Thread[#435,Execution worker,5,main]) started.
:core:preBuild (Thread[#434,included builds,5,main]) started.

> Task :core:preBuild UP-TO-DATE
Skipping task ':core:preBuild' as it has no actions.
Resolve mutations for :core:preDebugBuild (Thread[#434,included builds,5,main]) started.
:core:preDebugBuild (Thread[#434,included builds,5,main]) started.

> Task :core:preDebugBuild UP-TO-DATE
Skipping task ':core:preDebugBuild' as it has no actions.
Resolve mutations for :core:generateDebugResValues (Thread[#434,included builds,5,main]) started.
:core:generateDebugResValues (Thread[#434,included builds,5,main]) started.

> Task :core:generateDebugResValues UP-TO-DATE
Caching disabled for task ':core:generateDebugResValues' because:
  Build cache is disabled
Skipping task ':core:generateDebugResValues' as it is up-to-date.
Resolve mutations for :core:generateDebugResources (Thread[#434,included builds,5,main]) started.
:core:generateDebugResources (Thread[#434,included builds,5,main]) started.

> Task :core:generateDebugResources UP-TO-DATE
Caching disabled for task ':core:generateDebugResources' because:
  Build cache is disabled
Skipping task ':core:generateDebugResources' as it is up-to-date.
Resolve mutations for :core:packageDebugResources (Thread[#434,included builds,5,main]) started.
:core:packageDebugResources (Thread[#434,included builds,5,main]) started.

> Task :core:packageDebugResources UP-TO-DATE
Caching disabled for task ':core:packageDebugResources' because:
  Build cache is disabled
Skipping task ':core:packageDebugResources' as it is up-to-date.
work action resolve packageDebugResources (project :core) (Thread[#434,included builds,5,main]) started.
Resolve mutations for :core:parseDebugLocalResources (Thread[#434,included builds,5,main]) started.
:core:parseDebugLocalResources (Thread[#434,included builds,5,main]) started.

> Task :core:parseDebugLocalResources UP-TO-DATE
Transforming android.jar with PlatformAttrTransform
Transforming android.jar with PlatformAttrTransform
Caching disabled for task ':core:parseDebugLocalResources' because:
  Build cache is disabled
Skipping task ':core:parseDebugLocalResources' as it is up-to-date.
Resolve mutations for :core:generateDebugRFile (Thread[#434,included builds,5,main]) started.
:core:generateDebugRFile (Thread[#434,included builds,5,main]) started.

> Task :core:generateDebugRFile UP-TO-DATE
Transforming android.jar with PlatformAttrTransform
Caching disabled for task ':core:generateDebugRFile' because:
  Build cache is disabled
Skipping task ':core:generateDebugRFile' as it is up-to-date.
work action resolve package-aware-r.txt (project :core) (Thread[#434,included builds,5,main]) started.
Resolve mutations for :core:compileDebugKotlin (Thread[#434,included builds,5,main]) started.
:core:compileDebugKotlin (Thread[#434,included builds,5,main]) started.

> Task :core:compileDebugKotlin UP-TO-DATE
Transforming annotations-23.0.0.jar (org.jetbrains:annotations:23.0.0) with JetifyTransform
Transforming core-ktx-1.13.1.aar (androidx.core:core-ktx:1.13.1) with JetifyTransform
Transforming annotations-23.0.0.jar (org.jetbrains:annotations:23.0.0) with IdentityTransform
Transforming core-ktx-1.13.1.aar (androidx.core:core-ktx:1.13.1) with AarToClassTransform
Transforming core-1.13.1.aar (androidx.core:core:1.13.1) with JetifyTransform
Transforming documentfile-1.0.1.aar (androidx.documentfile:documentfile:1.0.1) with JetifyTransform
Transforming core-1.13.1.aar (androidx.core:core:1.13.1) with AarToClassTransform
Transforming documentfile-1.0.1.aar (androidx.documentfile:documentfile:1.0.1) with AarToClassTransform
Transforming lifecycle-common-2.6.2.jar (androidx.lifecycle:lifecycle-common:2.6.2) with JetifyTransform
Transforming lifecycle-runtime-2.6.2.aar (androidx.lifecycle:lifecycle-runtime:2.6.2) with JetifyTransform
Transforming versionedparcelable-1.1.1.aar (androidx.versionedparcelable:versionedparcelable:1.1.1) with JetifyTransform
Transforming versionedparcelable-1.1.1.aar (androidx.versionedparcelable:versionedparcelable:1.1.1) with AarToClassTransform
Transforming core-common-2.2.0.jar (androidx.arch.core:core-common:2.2.0) with JetifyTransform
Transforming collection-1.0.0.jar (androidx.collection:collection:1.0.0) with JetifyTransform
Transforming collection-1.0.0.jar (androidx.collection:collection:1.0.0) with IdentityTransform
Transforming lifecycle-common-2.6.2.jar (androidx.lifecycle:lifecycle-common:2.6.2) with IdentityTransform
Transforming annotation-jvm-1.6.0.jar (androidx.annotation:annotation-jvm:1.6.0) with JetifyTransform
Transforming annotation-jvm-1.6.0.jar (androidx.annotation:annotation-jvm:1.6.0) with IdentityTransform
Transforming core-common-2.2.0.jar (androidx.arch.core:core-common:2.2.0) with IdentityTransform
Transforming lifecycle-runtime-2.6.2.aar (androidx.lifecycle:lifecycle-runtime:2.6.2) with AarToClassTransform
Transforming annotation-experimental-1.4.0.aar (androidx.annotation:annotation-experimental:1.4.0) with JetifyTransform
Transforming ktor-client-core-jvm-2.3.10.jar (io.ktor:ktor-client-core-jvm:2.3.10) with JetifyTransform
Transforming annotation-experimental-1.4.0.aar (androidx.annotation:annotation-experimental:1.4.0) with AarToClassTransform
Transforming ktor-client-core-jvm-2.3.10.jar (io.ktor:ktor-client-core-jvm:2.3.10) with IdentityTransform
Transforming ktor-client-okhttp-jvm-2.3.10.jar (io.ktor:ktor-client-okhttp-jvm:2.3.10) with JetifyTransform
Transforming ktor-client-okhttp-jvm-2.3.10.jar (io.ktor:ktor-client-okhttp-jvm:2.3.10) with IdentityTransform
Transforming ktor-client-content-negotiation-jvm-2.3.10.jar (io.ktor:ktor-client-content-negotiation-jvm:2.3.10) with JetifyTransform
Transforming ktor-client-content-negotiation-jvm-2.3.10.jar (io.ktor:ktor-client-content-negotiation-jvm:2.3.10) with IdentityTransform
Transforming ktor-serialization-kotlinx-json-jvm-2.3.10.jar (io.ktor:ktor-serialization-kotlinx-json-jvm:2.3.10) with JetifyTransform
Transforming okhttp-4.12.0.jar (com.squareup.okhttp3:okhttp:4.12.0) with JetifyTransform
Transforming ktor-events-jvm-2.3.10.jar (io.ktor:ktor-events-jvm:2.3.10) with JetifyTransform
Transforming ktor-events-jvm-2.3.10.jar (io.ktor:ktor-events-jvm:2.3.10) with IdentityTransform
Transforming ktor-serialization-kotlinx-json-jvm-2.3.10.jar (io.ktor:ktor-serialization-kotlinx-json-jvm:2.3.10) with IdentityTransform
Transforming ktor-websocket-serialization-jvm-2.3.10.jar (io.ktor:ktor-websocket-serialization-jvm:2.3.10) with JetifyTransform
Transforming okhttp-4.12.0.jar (com.squareup.okhttp3:okhttp:4.12.0) with IdentityTransform
Transforming ktor-serialization-jvm-2.3.10.jar (io.ktor:ktor-serialization-jvm:2.3.10) with JetifyTransform
Transforming ktor-websocket-serialization-jvm-2.3.10.jar (io.ktor:ktor-websocket-serialization-jvm:2.3.10) with IdentityTransform
Transforming ktor-serialization-jvm-2.3.10.jar (io.ktor:ktor-serialization-jvm:2.3.10) with IdentityTransform
Transforming ktor-serialization-kotlinx-jvm-2.3.10.jar (io.ktor:ktor-serialization-kotlinx-jvm:2.3.10) with JetifyTransform
Transforming ktor-http-jvm-2.3.10.jar (io.ktor:ktor-http-jvm:2.3.10) with JetifyTransform
Transforming ktor-serialization-kotlinx-jvm-2.3.10.jar (io.ktor:ktor-serialization-kotlinx-jvm:2.3.10) with IdentityTransform
Transforming ktor-http-jvm-2.3.10.jar (io.ktor:ktor-http-jvm:2.3.10) with IdentityTransform
Transforming ktor-websockets-jvm-2.3.10.jar (io.ktor:ktor-websockets-jvm:2.3.10) with JetifyTransform
Transforming ktor-io-jvm-2.3.10.jar (io.ktor:ktor-io-jvm:2.3.10) with JetifyTransform
Transforming ktor-websockets-jvm-2.3.10.jar (io.ktor:ktor-websockets-jvm:2.3.10) with IdentityTransform
Transforming ktor-io-jvm-2.3.10.jar (io.ktor:ktor-io-jvm:2.3.10) with IdentityTransform
Transforming kotlin-stdlib-jdk7-1.8.22.jar (org.jetbrains.kotlin:kotlin-stdlib-jdk7:1.8.22) with JetifyTransform
Transforming kotlinx-coroutines-android-1.7.1.jar (org.jetbrains.kotlinx:kotlinx-coroutines-android:1.7.1) with JetifyTransform
Transforming kotlin-stdlib-jdk7-1.8.22.jar (org.jetbrains.kotlin:kotlin-stdlib-jdk7:1.8.22) with IdentityTransform
Transforming kotlinx-coroutines-android-1.7.1.jar (org.jetbrains.kotlinx:kotlinx-coroutines-android:1.7.1) with IdentityTransform
Transforming ktor-utils-jvm-2.3.10.jar (io.ktor:ktor-utils-jvm:2.3.10) with JetifyTransform
Transforming ktor-utils-jvm-2.3.10.jar (io.ktor:ktor-utils-jvm:2.3.10) with IdentityTransform
Transforming kotlin-stdlib-jdk8-1.8.22.jar (org.jetbrains.kotlin:kotlin-stdlib-jdk8:1.8.22) with JetifyTransform
Transforming kotlin-stdlib-jdk8-1.8.22.jar (org.jetbrains.kotlin:kotlin-stdlib-jdk8:1.8.22) with IdentityTransform
Transforming kotlinx-coroutines-jdk8-1.7.1.jar (org.jetbrains.kotlinx:kotlinx-coroutines-jdk8:1.7.1) with JetifyTransform
Transforming kotlinx-coroutines-jdk8-1.7.1.jar (org.jetbrains.kotlinx:kotlinx-coroutines-jdk8:1.7.1) with IdentityTransform
Transforming kotlinx-coroutines-core-jvm-1.7.1.jar (org.jetbrains.kotlinx:kotlinx-coroutines-core-jvm:1.7.1) with JetifyTransform
Transforming kotlinx-serialization-json-jvm-1.5.1.jar (org.jetbrains.kotlinx:kotlinx-serialization-json-jvm:1.5.1) with JetifyTransform
Transforming kotlinx-coroutines-core-jvm-1.7.1.jar (org.jetbrains.kotlinx:kotlinx-coroutines-core-jvm:1.7.1) with IdentityTransform
Transforming kotlinx-serialization-json-jvm-1.5.1.jar (org.jetbrains.kotlinx:kotlinx-serialization-json-jvm:1.5.1) with IdentityTransform
Transforming kotlinx-serialization-core-jvm-1.5.1.jar (org.jetbrains.kotlinx:kotlinx-serialization-core-jvm:1.5.1) with JetifyTransform
Transforming kotlinx-serialization-core-jvm-1.5.1.jar (org.jetbrains.kotlinx:kotlinx-serialization-core-jvm:1.5.1) with IdentityTransform
Transforming okio-jvm-3.7.0.jar (com.squareup.okio:okio-jvm:3.7.0) with JetifyTransform
Transforming kotlin-stdlib-1.9.23.jar (org.jetbrains.kotlin:kotlin-stdlib:1.9.23) with JetifyTransform
Transforming okio-jvm-3.7.0.jar (com.squareup.okio:okio-jvm:3.7.0) with IdentityTransform
Transforming kotlin-stdlib-1.9.23.jar (org.jetbrains.kotlin:kotlin-stdlib:1.9.23) with IdentityTransform
Transforming jsoup-1.17.2.jar (org.jsoup:jsoup:1.17.2) with JetifyTransform
Transforming jsoup-1.17.2.jar (org.jsoup:jsoup:1.17.2) with IdentityTransform
Transforming jaudiotagger-3.0.1.jar (net.jthink:jaudiotagger:3.0.1) with JetifyTransform
Transforming jaudiotagger-3.0.1.jar (net.jthink:jaudiotagger:3.0.1) with IdentityTransform
Transforming slf4j-api-1.7.36.jar (org.slf4j:slf4j-api:1.7.36) with JetifyTransform
Transforming slf4j-api-1.7.36.jar (org.slf4j:slf4j-api:1.7.36) with IdentityTransform
Transforming R.jar with ClasspathEntrySnapshotTransform
Transforming jetified-core-ktx-1.13.1-api.jar with ClasspathEntrySnapshotTransform
Transforming core-1.13.1-api.jar with ClasspathEntrySnapshotTransform
Transforming documentfile-1.0.1-api.jar with ClasspathEntrySnapshotTransform
Transforming lifecycle-common-2.6.2.jar with ClasspathEntrySnapshotTransform
Transforming lifecycle-runtime-2.6.2-api.jar with ClasspathEntrySnapshotTransform
Transforming versionedparcelable-1.1.1-api.jar with ClasspathEntrySnapshotTransform
Transforming core-common-2.2.0.jar with ClasspathEntrySnapshotTransform
Transforming collection-1.0.0.jar with ClasspathEntrySnapshotTransform
Transforming jetified-annotation-jvm-1.6.0.jar with ClasspathEntrySnapshotTransform
Transforming jetified-annotation-experimental-1.4.0-api.jar with ClasspathEntrySnapshotTransform
Transforming jetified-ktor-client-okhttp-jvm-2.3.10.jar with ClasspathEntrySnapshotTransform
Transforming jetified-ktor-client-content-negotiation-jvm-2.3.10.jar with ClasspathEntrySnapshotTransform
Transforming jetified-ktor-client-core-jvm-2.3.10.jar with ClasspathEntrySnapshotTransform
Transforming jetified-ktor-serialization-kotlinx-json-jvm-2.3.10.jar with ClasspathEntrySnapshotTransform
Transforming jetified-okhttp-4.12.0.jar with ClasspathEntrySnapshotTransform
Transforming jetified-ktor-events-jvm-2.3.10.jar with ClasspathEntrySnapshotTransform
Transforming jetified-ktor-websocket-serialization-jvm-2.3.10.jar with ClasspathEntrySnapshotTransform
Transforming jetified-ktor-serialization-kotlinx-jvm-2.3.10.jar with ClasspathEntrySnapshotTransform
Transforming jetified-ktor-serialization-jvm-2.3.10.jar with ClasspathEntrySnapshotTransform
Transforming jetified-ktor-websockets-jvm-2.3.10.jar with ClasspathEntrySnapshotTransform
Transforming jetified-ktor-http-jvm-2.3.10.jar with ClasspathEntrySnapshotTransform
Transforming jetified-ktor-utils-jvm-2.3.10.jar with ClasspathEntrySnapshotTransform
Transforming jetified-ktor-io-jvm-2.3.10.jar with ClasspathEntrySnapshotTransform
Transforming jetified-kotlin-stdlib-jdk8-1.8.22.jar with ClasspathEntrySnapshotTransform
Transforming jetified-kotlin-stdlib-jdk7-1.8.22.jar with ClasspathEntrySnapshotTransform
Transforming jetified-kotlinx-coroutines-android-1.7.1.jar with ClasspathEntrySnapshotTransform
Transforming jetified-kotlinx-coroutines-jdk8-1.7.1.jar with ClasspathEntrySnapshotTransform
Transforming jetified-kotlinx-coroutines-core-jvm-1.7.1.jar with ClasspathEntrySnapshotTransform
Transforming jetified-kotlinx-serialization-core-jvm-1.5.1.jar with ClasspathEntrySnapshotTransform
Transforming jetified-kotlinx-serialization-json-jvm-1.5.1.jar with ClasspathEntrySnapshotTransform
Transforming jetified-okio-jvm-3.7.0.jar with ClasspathEntrySnapshotTransform
Transforming jetified-kotlin-stdlib-1.9.23.jar with ClasspathEntrySnapshotTransform
Transforming jetified-jsoup-1.17.2.jar with ClasspathEntrySnapshotTransform
Transforming jetified-jaudiotagger-3.0.1.jar with ClasspathEntrySnapshotTransform
Transforming jetified-annotations-23.0.0.jar with ClasspathEntrySnapshotTransform
Transforming jetified-slf4j-api-1.7.36.jar with ClasspathEntrySnapshotTransform
Transforming android.jar with ClasspathEntrySnapshotTransform
Transforming core-lambda-stubs.jar with ClasspathEntrySnapshotTransform
Caching disabled for task ':core:compileDebugKotlin' because:
  Build cache is disabled
Skipping task ':core:compileDebugKotlin' as it is up-to-date.
Resolve mutations for :core:javaPreCompileDebug (Thread[#434,included builds,5,main]) started.
:core:javaPreCompileDebug (Thread[#434,included builds,5,main]) started.

> Task :core:javaPreCompileDebug UP-TO-DATE
Caching disabled for task ':core:javaPreCompileDebug' because:
  Build cache is disabled
Skipping task ':core:javaPreCompileDebug' as it is up-to-date.
Resolve mutations for :core:compileDebugJavaWithJavac (Thread[#434,included builds,5,main]) started.
:core:compileDebugJavaWithJavac (Thread[#434,included builds,5,main]) started.

> Task :core:compileDebugJavaWithJavac NO-SOURCE
Skipping task ':core:compileDebugJavaWithJavac' as it has no source files and no previous output files.
Resolve mutations for :core:bundleLibRuntimeToJarDebug (Thread[#434,included builds,5,main]) started.
:core:bundleLibRuntimeToJarDebug (Thread[#434,included builds,5,main]) started.

> Task :core:bundleLibRuntimeToJarDebug UP-TO-DATE
Caching disabled for task ':core:bundleLibRuntimeToJarDebug' because:
  Build cache is disabled
  Simple merging task
Skipping task ':core:bundleLibRuntimeToJarDebug' as it is up-to-date.
work action resolve classes.jar (project :core) (Thread[#434,included builds,5,main]) started.
Resolve mutations for :core:bundleLibCompileToJarDebug (Thread[#434,included builds,5,main]) started.
:core:bundleLibCompileToJarDebug (Thread[#436,Execution worker Thread 2,5,main]) started.

> Task :core:bundleLibCompileToJarDebug UP-TO-DATE
Caching disabled for task ':core:bundleLibCompileToJarDebug' because:
  Build cache is disabled
  Simple merging task
Skipping task ':core:bundleLibCompileToJarDebug' as it is up-to-date.
work action resolve classes.jar (project :core) (Thread[#434,included builds,5,main]) started.
Resolve mutations for :core:preDebugUnitTestBuild (Thread[#434,included builds,5,main]) started.
:core:preDebugUnitTestBuild (Thread[#434,included builds,5,main]) started.

> Task :core:preDebugUnitTestBuild UP-TO-DATE
Skipping task ':core:preDebugUnitTestBuild' as it has no actions.
Resolve mutations for :core:writeDebugAarMetadata (Thread[#434,included builds,5,main]) started.
:core:writeDebugAarMetadata (Thread[#434,included builds,5,main]) started.

> Task :core:writeDebugAarMetadata UP-TO-DATE
Caching disabled for task ':core:writeDebugAarMetadata' because:
  Build cache is disabled
  Caching has been disabled for the task
Skipping task ':core:writeDebugAarMetadata' as it is up-to-date.
work action resolve aar-metadata.properties (project :core) (Thread[#434,included builds,5,main]) started.
Resolve mutations for :core:checkDebugUnitTestAarMetadata (Thread[#434,included builds,5,main]) started.
:core:checkDebugUnitTestAarMetadata (Thread[#434,included builds,5,main]) started.

> Task :core:checkDebugUnitTestAarMetadata UP-TO-DATE
Transforming core-ktx-1.13.1.aar (androidx.core:core-ktx:1.13.1) with JetifyTransform
Transforming core-ktx-1.13.1.aar (androidx.core:core-ktx:1.13.1) with ExtractAarTransform
Transforming core-ktx-1.13.1.aar (androidx.core:core-ktx:1.13.1) with AarTransform
Transforming core-1.13.1.aar (androidx.core:core:1.13.1) with JetifyTransform
Transforming core-1.13.1.aar (androidx.core:core:1.13.1) with ExtractAarTransform
Transforming core-1.13.1.aar (androidx.core:core:1.13.1) with AarTransform
Transforming rules-1.5.0.aar (androidx.test:rules:1.5.0) with JetifyTransform
Transforming rules-1.5.0.aar (androidx.test:rules:1.5.0) with ExtractAarTransform
Transforming rules-1.5.0.aar (androidx.test:rules:1.5.0) with AarTransform
Transforming espresso-core-3.5.1.aar (androidx.test.espresso:espresso-core:3.5.1) with JetifyTransform
Transforming espresso-core-3.5.1.aar (androidx.test.espresso:espresso-core:3.5.1) with ExtractAarTransform
Transforming espresso-core-3.5.1.aar (androidx.test.espresso:espresso-core:3.5.1) with AarTransform
Transforming runner-1.5.2.aar (androidx.test:runner:1.5.2) with JetifyTransform
Transforming runner-1.5.2.aar (androidx.test:runner:1.5.2) with ExtractAarTransform
Transforming runner-1.5.2.aar (androidx.test:runner:1.5.2) with AarTransform
Transforming junit-ktx-1.1.5.aar (androidx.test.ext:junit-ktx:1.1.5) with JetifyTransform
Transforming junit-ktx-1.1.5.aar (androidx.test.ext:junit-ktx:1.1.5) with ExtractAarTransform
Transforming junit-ktx-1.1.5.aar (androidx.test.ext:junit-ktx:1.1.5) with AarTransform
Transforming espresso-intents-3.5.1.aar (androidx.test.espresso:espresso-intents:3.5.1) with JetifyTransform
Transforming espresso-intents-3.5.1.aar (androidx.test.espresso:espresso-intents:3.5.1) with ExtractAarTransform
Transforming espresso-intents-3.5.1.aar (androidx.test.espresso:espresso-intents:3.5.1) with AarTransform
Transforming junit-1.1.5.aar (androidx.test.ext:junit:1.1.5) with JetifyTransform
Transforming core-ktx-1.5.0.aar (androidx.test:core-ktx:1.5.0) with JetifyTransform
Transforming junit-1.1.5.aar (androidx.test.ext:junit:1.1.5) with ExtractAarTransform
Transforming junit-1.1.5.aar (androidx.test.ext:junit:1.1.5) with AarTransform
Transforming core-1.5.0.aar (androidx.test:core:1.5.0) with JetifyTransform
Transforming core-1.5.0.aar (androidx.test:core:1.5.0) with ExtractAarTransform
Transforming core-1.5.0.aar (androidx.test:core:1.5.0) with AarTransform
Transforming lifecycle-runtime-2.6.2.aar (androidx.lifecycle:lifecycle-runtime:2.6.2) with JetifyTransform
Transforming lifecycle-runtime-2.6.2.aar (androidx.lifecycle:lifecycle-runtime:2.6.2) with ExtractAarTransform
Transforming lifecycle-runtime-2.6.2.aar (androidx.lifecycle:lifecycle-runtime:2.6.2) with AarTransform
Transforming annotation-experimental-1.4.0.aar (androidx.annotation:annotation-experimental:1.4.0) with JetifyTransform
Transforming annotation-experimental-1.4.0.aar (androidx.annotation:annotation-experimental:1.4.0) with ExtractAarTransform
Transforming annotation-experimental-1.4.0.aar (androidx.annotation:annotation-experimental:1.4.0) with AarTransform
Transforming core-ktx-1.5.0.aar (androidx.test:core-ktx:1.5.0) with ExtractAarTransform
Transforming core-ktx-1.5.0.aar (androidx.test:core-ktx:1.5.0) with AarTransform
Transforming documentfile-1.0.1.aar (androidx.documentfile:documentfile:1.0.1) with JetifyTransform
Transforming documentfile-1.0.1.aar (androidx.documentfile:documentfile:1.0.1) with ExtractAarTransform
Transforming documentfile-1.0.1.aar (androidx.documentfile:documentfile:1.0.1) with AarTransform
Transforming versionedparcelable-1.1.1.aar (androidx.versionedparcelable:versionedparcelable:1.1.1) with JetifyTransform
Transforming versionedparcelable-1.1.1.aar (androidx.versionedparcelable:versionedparcelable:1.1.1) with ExtractAarTransform
Transforming versionedparcelable-1.1.1.aar (androidx.versionedparcelable:versionedparcelable:1.1.1) with AarTransform
Transforming storage-1.4.2.aar (androidx.test.services:storage:1.4.2) with JetifyTransform
Transforming storage-1.4.2.aar (androidx.test.services:storage:1.4.2) with ExtractAarTransform
Transforming storage-1.4.2.aar (androidx.test.services:storage:1.4.2) with AarTransform
Transforming monitor-1.6.1.aar (androidx.test:monitor:1.6.1) with JetifyTransform
Transforming monitor-1.6.1.aar (androidx.test:monitor:1.6.1) with ExtractAarTransform
Transforming monitor-1.6.1.aar (androidx.test:monitor:1.6.1) with AarTransform
Transforming annotation-1.0.1.aar (androidx.test:annotation:1.0.1) with JetifyTransform
Transforming annotation-1.0.1.aar (androidx.test:annotation:1.0.1) with ExtractAarTransform
Transforming monitor-1.6.1.aar (androidx.test:monitor:1.6.1) with JetifyTransform
Transforming annotation-1.0.1.aar (androidx.test:annotation:1.0.1) with AarTransform
Transforming monitor-1.6.1.aar (androidx.test:monitor:1.6.1) with JetifyTransform
Transforming monitor-1.6.1.aar (androidx.test:monitor:1.6.1) with ExtractAarTransform
Transforming monitor-1.6.1.aar (androidx.test:monitor:1.6.1) with ExtractAarTransform
Transforming monitor-1.6.1.aar (androidx.test:monitor:1.6.1) with AarTransform
Transforming monitor-1.6.1.aar (androidx.test:monitor:1.6.1) with AarTransform
Transforming profileinstaller-1.3.0.aar (androidx.profileinstaller:profileinstaller:1.3.0) with JetifyTransform
Transforming startup-runtime-1.1.1.aar (androidx.startup:startup-runtime:1.1.1) with JetifyTransform
Transforming tracing-1.0.0.aar (androidx.tracing:tracing:1.0.0) with JetifyTransform
Transforming startup-runtime-1.1.1.aar (androidx.startup:startup-runtime:1.1.1) with ExtractAarTransform
Transforming profileinstaller-1.3.0.aar (androidx.profileinstaller:profileinstaller:1.3.0) with ExtractAarTransform
Transforming profileinstaller-1.3.0.aar (androidx.profileinstaller:profileinstaller:1.3.0) with AarTransform
Transforming tracing-1.0.0.aar (androidx.tracing:tracing:1.0.0) with ExtractAarTransform
Transforming tracing-1.0.0.aar (androidx.tracing:tracing:1.0.0) with AarTransform
Transforming interpolator-1.0.0.aar (androidx.interpolator:interpolator:1.0.0) with JetifyTransform
Transforming interpolator-1.0.0.aar (androidx.interpolator:interpolator:1.0.0) with ExtractAarTransform
Transforming interpolator-1.0.0.aar (androidx.interpolator:interpolator:1.0.0) with AarTransform
Transforming core-runtime-2.2.0.aar (androidx.arch.core:core-runtime:2.2.0) with JetifyTransform
Transforming core-runtime-2.2.0.aar (androidx.arch.core:core-runtime:2.2.0) with ExtractAarTransform
Transforming core-runtime-2.2.0.aar (androidx.arch.core:core-runtime:2.2.0) with AarTransform
Transforming espresso-idling-resource-3.5.1.aar (androidx.test.espresso:espresso-idling-resource:3.5.1) with JetifyTransform
Transforming espresso-idling-resource-3.5.1.aar (androidx.test.espresso:espresso-idling-resource:3.5.1) with JetifyTransform
Transforming espresso-idling-resource-3.5.1.aar (androidx.test.espresso:espresso-idling-resource:3.5.1) with ExtractAarTransform
Transforming espresso-idling-resource-3.5.1.aar (androidx.test.espresso:espresso-idling-resource:3.5.1) with ExtractAarTransform
Transforming espresso-idling-resource-3.5.1.aar (androidx.test.espresso:espresso-idling-resource:3.5.1) with AarTransform
Transforming espresso-idling-resource-3.5.1.aar (androidx.test.espresso:espresso-idling-resource:3.5.1) with AarTransform
Transforming startup-runtime-1.1.1.aar (androidx.startup:startup-runtime:1.1.1) with AarTransform
Caching disabled for task ':core:checkDebugUnitTestAarMetadata' because:
  Build cache is disabled
  Caching has been disabled for the task
Skipping task ':core:checkDebugUnitTestAarMetadata' as it is up-to-date.
Resolve mutations for :core:compileDebugLibraryResources (Thread[#434,included builds,5,main]) started.
:core:compileDebugLibraryResources (Thread[#434,included builds,5,main]) started.

> Task :core:compileDebugLibraryResources UP-TO-DATE
Caching disabled for task ':core:compileDebugLibraryResources' because:
  Build cache is disabled
Skipping task ':core:compileDebugLibraryResources' as it is up-to-date.
work action resolve out (project :core) (Thread[#434,included builds,5,main]) started.
Resolve mutations for :core:generateDebugUnitTestResValues (Thread[#434,included builds,5,main]) started.
:core:generateDebugUnitTestResValues (Thread[#434,included builds,5,main]) started.

> Task :core:generateDebugUnitTestResValues UP-TO-DATE
Caching disabled for task ':core:generateDebugUnitTestResValues' because:
  Build cache is disabled
Skipping task ':core:generateDebugUnitTestResValues' as it is up-to-date.
Resolve mutations for :core:mapDebugUnitTestSourceSetPaths (Thread[#434,included builds,5,main]) started.
:core:mapDebugUnitTestSourceSetPaths (Thread[#434,included builds,5,main]) started.

> Task :core:mapDebugUnitTestSourceSetPaths UP-TO-DATE
Transforming espresso-intents-3.5.1.aar (androidx.test.espresso:espresso-intents:3.5.1) with JetifyTransform
Transforming espresso-intents-3.5.1.aar (androidx.test.espresso:espresso-intents:3.5.1) with ExtractAarTransform
Transforming espresso-intents-3.5.1.aar (androidx.test.espresso:espresso-intents:3.5.1) with AarTransform
Transforming rules-1.5.0.aar (androidx.test:rules:1.5.0) with JetifyTransform
Transforming rules-1.5.0.aar (androidx.test:rules:1.5.0) with ExtractAarTransform
Transforming rules-1.5.0.aar (androidx.test:rules:1.5.0) with AarTransform
Transforming espresso-core-3.5.1.aar (androidx.test.espresso:espresso-core:3.5.1) with JetifyTransform
Transforming espresso-core-3.5.1.aar (androidx.test.espresso:espresso-core:3.5.1) with ExtractAarTransform
Transforming espresso-core-3.5.1.aar (androidx.test.espresso:espresso-core:3.5.1) with AarTransform
Transforming runner-1.5.2.aar (androidx.test:runner:1.5.2) with JetifyTransform
Transforming runner-1.5.2.aar (androidx.test:runner:1.5.2) with ExtractAarTransform
Transforming runner-1.5.2.aar (androidx.test:runner:1.5.2) with AarTransform
Transforming junit-ktx-1.1.5.aar (androidx.test.ext:junit-ktx:1.1.5) with JetifyTransform
Transforming junit-ktx-1.1.5.aar (androidx.test.ext:junit-ktx:1.1.5) with ExtractAarTransform
Transforming junit-ktx-1.1.5.aar (androidx.test.ext:junit-ktx:1.1.5) with AarTransform
Transforming junit-1.1.5.aar (androidx.test.ext:junit:1.1.5) with JetifyTransform
Transforming junit-1.1.5.aar (androidx.test.ext:junit:1.1.5) with ExtractAarTransform
Transforming junit-1.1.5.aar (androidx.test.ext:junit:1.1.5) with AarTransform
Transforming core-ktx-1.5.0.aar (androidx.test:core-ktx:1.5.0) with JetifyTransform
Transforming core-ktx-1.5.0.aar (androidx.test:core-ktx:1.5.0) with ExtractAarTransform
Transforming core-ktx-1.5.0.aar (androidx.test:core-ktx:1.5.0) with AarTransform
Transforming core-1.5.0.aar (androidx.test:core:1.5.0) with JetifyTransform
Transforming core-1.5.0.aar (androidx.test:core:1.5.0) with ExtractAarTransform
Transforming core-1.5.0.aar (androidx.test:core:1.5.0) with AarTransform
Transforming core-ktx-1.13.1.aar (androidx.core:core-ktx:1.13.1) with JetifyTransform
Transforming core-ktx-1.13.1.aar (androidx.core:core-ktx:1.13.1) with ExtractAarTransform
Transforming core-ktx-1.13.1.aar (androidx.core:core-ktx:1.13.1) with AarTransform
Transforming core-1.13.1.aar (androidx.core:core:1.13.1) with JetifyTransform
Transforming core-1.13.1.aar (androidx.core:core:1.13.1) with ExtractAarTransform
Transforming core-1.13.1.aar (androidx.core:core:1.13.1) with AarTransform
Transforming lifecycle-runtime-2.6.2.aar (androidx.lifecycle:lifecycle-runtime:2.6.2) with JetifyTransform
Transforming lifecycle-runtime-2.6.2.aar (androidx.lifecycle:lifecycle-runtime:2.6.2) with ExtractAarTransform
Transforming lifecycle-runtime-2.6.2.aar (androidx.lifecycle:lifecycle-runtime:2.6.2) with AarTransform
Transforming storage-1.4.2.aar (androidx.test.services:storage:1.4.2) with JetifyTransform
Transforming storage-1.4.2.aar (androidx.test.services:storage:1.4.2) with ExtractAarTransform
Transforming storage-1.4.2.aar (androidx.test.services:storage:1.4.2) with AarTransform
Transforming monitor-1.6.1.aar (androidx.test:monitor:1.6.1) with JetifyTransform
Transforming monitor-1.6.1.aar (androidx.test:monitor:1.6.1) with ExtractAarTransform
Transforming monitor-1.6.1.aar (androidx.test:monitor:1.6.1) with AarTransform
Transforming monitor-1.6.1.aar (androidx.test:monitor:1.6.1) with JetifyTransform
Transforming monitor-1.6.1.aar (androidx.test:monitor:1.6.1) with ExtractAarTransform
Transforming monitor-1.6.1.aar (androidx.test:monitor:1.6.1) with AarTransform
Transforming annotation-1.0.1.aar (androidx.test:annotation:1.0.1) with JetifyTransform
Transforming annotation-1.0.1.aar (androidx.test:annotation:1.0.1) with ExtractAarTransform
Transforming annotation-1.0.1.aar (androidx.test:annotation:1.0.1) with AarTransform
Transforming annotation-experimental-1.4.0.aar (androidx.annotation:annotation-experimental:1.4.0) with JetifyTransform
Transforming annotation-experimental-1.4.0.aar (androidx.annotation:annotation-experimental:1.4.0) with ExtractAarTransform
Transforming annotation-experimental-1.4.0.aar (androidx.annotation:annotation-experimental:1.4.0) with AarTransform
Transforming documentfile-1.0.1.aar (androidx.documentfile:documentfile:1.0.1) with JetifyTransform
Transforming documentfile-1.0.1.aar (androidx.documentfile:documentfile:1.0.1) with ExtractAarTransform
Transforming documentfile-1.0.1.aar (androidx.documentfile:documentfile:1.0.1) with AarTransform
Transforming profileinstaller-1.3.0.aar (androidx.profileinstaller:profileinstaller:1.3.0) with JetifyTransform
Transforming profileinstaller-1.3.0.aar (androidx.profileinstaller:profileinstaller:1.3.0) with ExtractAarTransform
Transforming profileinstaller-1.3.0.aar (androidx.profileinstaller:profileinstaller:1.3.0) with AarTransform
Transforming startup-runtime-1.1.1.aar (androidx.startup:startup-runtime:1.1.1) with JetifyTransform
Transforming startup-runtime-1.1.1.aar (androidx.startup:startup-runtime:1.1.1) with ExtractAarTransform
Transforming startup-runtime-1.1.1.aar (androidx.startup:startup-runtime:1.1.1) with AarTransform
Transforming tracing-1.0.0.aar (androidx.tracing:tracing:1.0.0) with JetifyTransform
Transforming tracing-1.0.0.aar (androidx.tracing:tracing:1.0.0) with ExtractAarTransform
Transforming tracing-1.0.0.aar (androidx.tracing:tracing:1.0.0) with AarTransform
Transforming versionedparcelable-1.1.1.aar (androidx.versionedparcelable:versionedparcelable:1.1.1) with JetifyTransform
Transforming versionedparcelable-1.1.1.aar (androidx.versionedparcelable:versionedparcelable:1.1.1) with ExtractAarTransform
Transforming versionedparcelable-1.1.1.aar (androidx.versionedparcelable:versionedparcelable:1.1.1) with AarTransform
Transforming interpolator-1.0.0.aar (androidx.interpolator:interpolator:1.0.0) with JetifyTransform
Transforming interpolator-1.0.0.aar (androidx.interpolator:interpolator:1.0.0) with ExtractAarTransform
Transforming interpolator-1.0.0.aar (androidx.interpolator:interpolator:1.0.0) with AarTransform
Transforming core-runtime-2.2.0.aar (androidx.arch.core:core-runtime:2.2.0) with JetifyTransform
Transforming core-runtime-2.2.0.aar (androidx.arch.core:core-runtime:2.2.0) with ExtractAarTransform
Transforming core-runtime-2.2.0.aar (androidx.arch.core:core-runtime:2.2.0) with AarTransform
Transforming espresso-idling-resource-3.5.1.aar (androidx.test.espresso:espresso-idling-resource:3.5.1) with JetifyTransform
Transforming espresso-idling-resource-3.5.1.aar (androidx.test.espresso:espresso-idling-resource:3.5.1) with ExtractAarTransform
Transforming espresso-idling-resource-3.5.1.aar (androidx.test.espresso:espresso-idling-resource:3.5.1) with AarTransform
Transforming espresso-idling-resource-3.5.1.aar (androidx.test.espresso:espresso-idling-resource:3.5.1) with JetifyTransform
Transforming espresso-idling-resource-3.5.1.aar (androidx.test.espresso:espresso-idling-resource:3.5.1) with ExtractAarTransform
Transforming espresso-idling-resource-3.5.1.aar (androidx.test.espresso:espresso-idling-resource:3.5.1) with AarTransform
Caching disabled for task ':core:mapDebugUnitTestSourceSetPaths' because:
  Build cache is disabled
  Caching has been disabled for the task
Skipping task ':core:mapDebugUnitTestSourceSetPaths' as it is up-to-date.
Resolve mutations for :core:generateDebugUnitTestResources (Thread[#434,included builds,5,main]) started.
:core:generateDebugUnitTestResources (Thread[#434,included builds,5,main]) started.

> Task :core:generateDebugUnitTestResources UP-TO-DATE
Caching disabled for task ':core:generateDebugUnitTestResources' because:
  Build cache is disabled
Skipping task ':core:generateDebugUnitTestResources' as it is up-to-date.
Resolve mutations for :core:mergeDebugUnitTestResources (Thread[#434,included builds,5,main]) started.
:core:mergeDebugUnitTestResources (Thread[#434,included builds,5,main]) started.

> Task :core:mergeDebugUnitTestResources UP-TO-DATE
Caching disabled for task ':core:mergeDebugUnitTestResources' because:
  Build cache is disabled
Skipping task ':core:mergeDebugUnitTestResources' as it is up-to-date.
Resolve mutations for :core:extractDeepLinksDebug (Thread[#434,included builds,5,main]) started.
:core:extractDeepLinksDebug (Thread[#434,included builds,5,main]) started.

> Task :core:extractDeepLinksDebug UP-TO-DATE
Caching disabled for task ':core:extractDeepLinksDebug' because:
  Build cache is disabled
Skipping task ':core:extractDeepLinksDebug' as it is up-to-date.
work action resolve navigation.json (project :core) (Thread[#434,included builds,5,main]) started.
Resolve mutations for :core:processDebugManifest (Thread[#435,Execution worker,5,main]) started.
:core:processDebugManifest (Thread[#435,Execution worker,5,main]) started.

> Task :core:processDebugManifest UP-TO-DATE
Caching disabled for task ':core:processDebugManifest' because:
  Build cache is disabled
Skipping task ':core:processDebugManifest' as it is up-to-date.
work action resolve AndroidManifest.xml (project :core) (Thread[#435,Execution worker,5,main]) started.
Resolve mutations for :core:processDebugUnitTestManifest (Thread[#435,Execution worker,5,main]) started.
:core:processDebugUnitTestManifest (Thread[#435,Execution worker,5,main]) started.

> Task :core:processDebugUnitTestManifest UP-TO-DATE
Transforming espresso-intents-3.5.1.aar (androidx.test.espresso:espresso-intents:3.5.1) with JetifyTransform
Transforming espresso-intents-3.5.1.aar (androidx.test.espresso:espresso-intents:3.5.1) with ExtractAarTransform
Transforming espresso-intents-3.5.1.aar (androidx.test.espresso:espresso-intents:3.5.1) with AarTransform
Transforming rules-1.5.0.aar (androidx.test:rules:1.5.0) with JetifyTransform
Transforming rules-1.5.0.aar (androidx.test:rules:1.5.0) with ExtractAarTransform
Transforming rules-1.5.0.aar (androidx.test:rules:1.5.0) with AarTransform
Transforming espresso-core-3.5.1.aar (androidx.test.espresso:espresso-core:3.5.1) with JetifyTransform
Transforming espresso-core-3.5.1.aar (androidx.test.espresso:espresso-core:3.5.1) with ExtractAarTransform
Transforming espresso-core-3.5.1.aar (androidx.test.espresso:espresso-core:3.5.1) with AarTransform
Transforming runner-1.5.2.aar (androidx.test:runner:1.5.2) with JetifyTransform
Transforming runner-1.5.2.aar (androidx.test:runner:1.5.2) with ExtractAarTransform
Transforming runner-1.5.2.aar (androidx.test:runner:1.5.2) with AarTransform
Transforming junit-ktx-1.1.5.aar (androidx.test.ext:junit-ktx:1.1.5) with JetifyTransform
Transforming junit-ktx-1.1.5.aar (androidx.test.ext:junit-ktx:1.1.5) with ExtractAarTransform
Transforming junit-ktx-1.1.5.aar (androidx.test.ext:junit-ktx:1.1.5) with AarTransform
Transforming junit-1.1.5.aar (androidx.test.ext:junit:1.1.5) with JetifyTransform
Transforming junit-1.1.5.aar (androidx.test.ext:junit:1.1.5) with ExtractAarTransform
Transforming junit-1.1.5.aar (androidx.test.ext:junit:1.1.5) with AarTransform
Transforming core-ktx-1.5.0.aar (androidx.test:core-ktx:1.5.0) with JetifyTransform
Transforming core-ktx-1.5.0.aar (androidx.test:core-ktx:1.5.0) with ExtractAarTransform
Transforming core-ktx-1.5.0.aar (androidx.test:core-ktx:1.5.0) with AarTransform
Transforming core-1.5.0.aar (androidx.test:core:1.5.0) with JetifyTransform
Transforming core-1.5.0.aar (androidx.test:core:1.5.0) with ExtractAarTransform
Transforming core-1.5.0.aar (androidx.test:core:1.5.0) with AarTransform
Transforming core-ktx-1.13.1.aar (androidx.core:core-ktx:1.13.1) with JetifyTransform
Transforming core-ktx-1.13.1.aar (androidx.core:core-ktx:1.13.1) with ExtractAarTransform
Transforming core-ktx-1.13.1.aar (androidx.core:core-ktx:1.13.1) with AarTransform
Transforming core-1.13.1.aar (androidx.core:core:1.13.1) with JetifyTransform
Transforming core-1.13.1.aar (androidx.core:core:1.13.1) with ExtractAarTransform
Transforming core-1.13.1.aar (androidx.core:core:1.13.1) with AarTransform
Transforming lifecycle-runtime-2.6.2.aar (androidx.lifecycle:lifecycle-runtime:2.6.2) with JetifyTransform
Transforming lifecycle-runtime-2.6.2.aar (androidx.lifecycle:lifecycle-runtime:2.6.2) with ExtractAarTransform
Transforming lifecycle-runtime-2.6.2.aar (androidx.lifecycle:lifecycle-runtime:2.6.2) with AarTransform
Transforming storage-1.4.2.aar (androidx.test.services:storage:1.4.2) with JetifyTransform
Transforming storage-1.4.2.aar (androidx.test.services:storage:1.4.2) with ExtractAarTransform
Transforming storage-1.4.2.aar (androidx.test.services:storage:1.4.2) with AarTransform
Transforming monitor-1.6.1.aar (androidx.test:monitor:1.6.1) with JetifyTransform
Transforming monitor-1.6.1.aar (androidx.test:monitor:1.6.1) with ExtractAarTransform
Transforming monitor-1.6.1.aar (androidx.test:monitor:1.6.1) with AarTransform
Transforming monitor-1.6.1.aar (androidx.test:monitor:1.6.1) with JetifyTransform
Transforming monitor-1.6.1.aar (androidx.test:monitor:1.6.1) with ExtractAarTransform
Transforming monitor-1.6.1.aar (androidx.test:monitor:1.6.1) with AarTransform
Transforming annotation-1.0.1.aar (androidx.test:annotation:1.0.1) with JetifyTransform
Transforming annotation-1.0.1.aar (androidx.test:annotation:1.0.1) with ExtractAarTransform
Transforming annotation-1.0.1.aar (androidx.test:annotation:1.0.1) with AarTransform
Transforming annotation-experimental-1.4.0.aar (androidx.annotation:annotation-experimental:1.4.0) with JetifyTransform
Transforming annotation-experimental-1.4.0.aar (androidx.annotation:annotation-experimental:1.4.0) with ExtractAarTransform
Transforming annotation-experimental-1.4.0.aar (androidx.annotation:annotation-experimental:1.4.0) with AarTransform
Transforming documentfile-1.0.1.aar (androidx.documentfile:documentfile:1.0.1) with JetifyTransform
Transforming documentfile-1.0.1.aar (androidx.documentfile:documentfile:1.0.1) with ExtractAarTransform
Transforming documentfile-1.0.1.aar (androidx.documentfile:documentfile:1.0.1) with AarTransform
Transforming profileinstaller-1.3.0.aar (androidx.profileinstaller:profileinstaller:1.3.0) with JetifyTransform
Transforming profileinstaller-1.3.0.aar (androidx.profileinstaller:profileinstaller:1.3.0) with ExtractAarTransform
Transforming profileinstaller-1.3.0.aar (androidx.profileinstaller:profileinstaller:1.3.0) with AarTransform
Transforming startup-runtime-1.1.1.aar (androidx.startup:startup-runtime:1.1.1) with JetifyTransform
Transforming startup-runtime-1.1.1.aar (androidx.startup:startup-runtime:1.1.1) with ExtractAarTransform
Transforming startup-runtime-1.1.1.aar (androidx.startup:startup-runtime:1.1.1) with AarTransform
Transforming tracing-1.0.0.aar (androidx.tracing:tracing:1.0.0) with JetifyTransform
Transforming tracing-1.0.0.aar (androidx.tracing:tracing:1.0.0) with ExtractAarTransform
Transforming tracing-1.0.0.aar (androidx.tracing:tracing:1.0.0) with AarTransform
Transforming versionedparcelable-1.1.1.aar (androidx.versionedparcelable:versionedparcelable:1.1.1) with JetifyTransform
Transforming versionedparcelable-1.1.1.aar (androidx.versionedparcelable:versionedparcelable:1.1.1) with ExtractAarTransform
Transforming versionedparcelable-1.1.1.aar (androidx.versionedparcelable:versionedparcelable:1.1.1) with AarTransform
Transforming interpolator-1.0.0.aar (androidx.interpolator:interpolator:1.0.0) with JetifyTransform
Transforming interpolator-1.0.0.aar (androidx.interpolator:interpolator:1.0.0) with ExtractAarTransform
Transforming interpolator-1.0.0.aar (androidx.interpolator:interpolator:1.0.0) with AarTransform
Transforming core-runtime-2.2.0.aar (androidx.arch.core:core-runtime:2.2.0) with JetifyTransform
Transforming core-runtime-2.2.0.aar (androidx.arch.core:core-runtime:2.2.0) with ExtractAarTransform
Transforming core-runtime-2.2.0.aar (androidx.arch.core:core-runtime:2.2.0) with AarTransform
Transforming espresso-idling-resource-3.5.1.aar (androidx.test.espresso:espresso-idling-resource:3.5.1) with JetifyTransform
Transforming espresso-idling-resource-3.5.1.aar (androidx.test.espresso:espresso-idling-resource:3.5.1) with ExtractAarTransform
Transforming espresso-idling-resource-3.5.1.aar (androidx.test.espresso:espresso-idling-resource:3.5.1) with AarTransform
Transforming espresso-idling-resource-3.5.1.aar (androidx.test.espresso:espresso-idling-resource:3.5.1) with JetifyTransform
Transforming espresso-idling-resource-3.5.1.aar (androidx.test.espresso:espresso-idling-resource:3.5.1) with ExtractAarTransform
Transforming espresso-idling-resource-3.5.1.aar (androidx.test.espresso:espresso-idling-resource:3.5.1) with AarTransform
Transforming espresso-intents-3.5.1.aar (androidx.test.espresso:espresso-intents:3.5.1) with JetifyTransform
Transforming espresso-intents-3.5.1.aar (androidx.test.espresso:espresso-intents:3.5.1) with ExtractAarTransform
Transforming espresso-intents-3.5.1.aar (androidx.test.espresso:espresso-intents:3.5.1) with AarTransform
Transforming rules-1.5.0.aar (androidx.test:rules:1.5.0) with JetifyTransform
Transforming rules-1.5.0.aar (androidx.test:rules:1.5.0) with ExtractAarTransform
Transforming rules-1.5.0.aar (androidx.test:rules:1.5.0) with AarTransform
Transforming espresso-core-3.5.1.aar (androidx.test.espresso:espresso-core:3.5.1) with JetifyTransform
Transforming espresso-core-3.5.1.aar (androidx.test.espresso:espresso-core:3.5.1) with ExtractAarTransform
Transforming espresso-core-3.5.1.aar (androidx.test.espresso:espresso-core:3.5.1) with AarTransform
Transforming runner-1.5.2.aar (androidx.test:runner:1.5.2) with JetifyTransform
Transforming runner-1.5.2.aar (androidx.test:runner:1.5.2) with ExtractAarTransform
Transforming runner-1.5.2.aar (androidx.test:runner:1.5.2) with AarTransform
Transforming junit-ktx-1.1.5.aar (androidx.test.ext:junit-ktx:1.1.5) with JetifyTransform
Transforming junit-ktx-1.1.5.aar (androidx.test.ext:junit-ktx:1.1.5) with ExtractAarTransform
Transforming junit-ktx-1.1.5.aar (androidx.test.ext:junit-ktx:1.1.5) with AarTransform
Transforming junit-1.1.5.aar (androidx.test.ext:junit:1.1.5) with JetifyTransform
Transforming junit-1.1.5.aar (androidx.test.ext:junit:1.1.5) with ExtractAarTransform
Transforming junit-1.1.5.aar (androidx.test.ext:junit:1.1.5) with AarTransform
Transforming core-ktx-1.5.0.aar (androidx.test:core-ktx:1.5.0) with JetifyTransform
Transforming core-ktx-1.5.0.aar (androidx.test:core-ktx:1.5.0) with ExtractAarTransform
Transforming core-ktx-1.5.0.aar (androidx.test:core-ktx:1.5.0) with AarTransform
Transforming core-1.5.0.aar (androidx.test:core:1.5.0) with JetifyTransform
Transforming core-1.5.0.aar (androidx.test:core:1.5.0) with ExtractAarTransform
Transforming core-1.5.0.aar (androidx.test:core:1.5.0) with AarTransform
Transforming core-ktx-1.13.1.aar (androidx.core:core-ktx:1.13.1) with JetifyTransform
Transforming core-ktx-1.13.1.aar (androidx.core:core-ktx:1.13.1) with ExtractAarTransform
Transforming core-ktx-1.13.1.aar (androidx.core:core-ktx:1.13.1) with AarTransform
Transforming core-1.13.1.aar (androidx.core:core:1.13.1) with JetifyTransform
Transforming core-1.13.1.aar (androidx.core:core:1.13.1) with ExtractAarTransform
Transforming core-1.13.1.aar (androidx.core:core:1.13.1) with AarTransform
Transforming lifecycle-runtime-2.6.2.aar (androidx.lifecycle:lifecycle-runtime:2.6.2) with JetifyTransform
Transforming lifecycle-runtime-2.6.2.aar (androidx.lifecycle:lifecycle-runtime:2.6.2) with ExtractAarTransform
Transforming lifecycle-runtime-2.6.2.aar (androidx.lifecycle:lifecycle-runtime:2.6.2) with AarTransform
Transforming storage-1.4.2.aar (androidx.test.services:storage:1.4.2) with JetifyTransform
Transforming storage-1.4.2.aar (androidx.test.services:storage:1.4.2) with ExtractAarTransform
Transforming storage-1.4.2.aar (androidx.test.services:storage:1.4.2) with AarTransform
Transforming monitor-1.6.1.aar (androidx.test:monitor:1.6.1) with JetifyTransform
Transforming monitor-1.6.1.aar (androidx.test:monitor:1.6.1) with ExtractAarTransform
Transforming monitor-1.6.1.aar (androidx.test:monitor:1.6.1) with AarTransform
Transforming monitor-1.6.1.aar (androidx.test:monitor:1.6.1) with JetifyTransform
Transforming monitor-1.6.1.aar (androidx.test:monitor:1.6.1) with ExtractAarTransform
Transforming monitor-1.6.1.aar (androidx.test:monitor:1.6.1) with AarTransform
Transforming annotation-1.0.1.aar (androidx.test:annotation:1.0.1) with JetifyTransform
Transforming annotation-1.0.1.aar (androidx.test:annotation:1.0.1) with ExtractAarTransform
Transforming annotation-1.0.1.aar (androidx.test:annotation:1.0.1) with AarTransform
Transforming annotation-experimental-1.4.0.aar (androidx.annotation:annotation-experimental:1.4.0) with JetifyTransform
Transforming annotation-experimental-1.4.0.aar (androidx.annotation:annotation-experimental:1.4.0) with ExtractAarTransform
Transforming annotation-experimental-1.4.0.aar (androidx.annotation:annotation-experimental:1.4.0) with AarTransform
Transforming documentfile-1.0.1.aar (androidx.documentfile:documentfile:1.0.1) with JetifyTransform
Transforming documentfile-1.0.1.aar (androidx.documentfile:documentfile:1.0.1) with ExtractAarTransform
Transforming documentfile-1.0.1.aar (androidx.documentfile:documentfile:1.0.1) with AarTransform
Transforming profileinstaller-1.3.0.aar (androidx.profileinstaller:profileinstaller:1.3.0) with JetifyTransform
Transforming profileinstaller-1.3.0.aar (androidx.profileinstaller:profileinstaller:1.3.0) with ExtractAarTransform
Transforming profileinstaller-1.3.0.aar (androidx.profileinstaller:profileinstaller:1.3.0) with AarTransform
Transforming startup-runtime-1.1.1.aar (androidx.startup:startup-runtime:1.1.1) with JetifyTransform
Transforming startup-runtime-1.1.1.aar (androidx.startup:startup-runtime:1.1.1) with ExtractAarTransform
Transforming startup-runtime-1.1.1.aar (androidx.startup:startup-runtime:1.1.1) with AarTransform
Transforming tracing-1.0.0.aar (androidx.tracing:tracing:1.0.0) with JetifyTransform
Transforming tracing-1.0.0.aar (androidx.tracing:tracing:1.0.0) with ExtractAarTransform
Transforming tracing-1.0.0.aar (androidx.tracing:tracing:1.0.0) with AarTransform
Transforming versionedparcelable-1.1.1.aar (androidx.versionedparcelable:versionedparcelable:1.1.1) with JetifyTransform
Transforming versionedparcelable-1.1.1.aar (androidx.versionedparcelable:versionedparcelable:1.1.1) with ExtractAarTransform
Transforming versionedparcelable-1.1.1.aar (androidx.versionedparcelable:versionedparcelable:1.1.1) with AarTransform
Transforming interpolator-1.0.0.aar (androidx.interpolator:interpolator:1.0.0) with JetifyTransform
Transforming interpolator-1.0.0.aar (androidx.interpolator:interpolator:1.0.0) with ExtractAarTransform
Transforming interpolator-1.0.0.aar (androidx.interpolator:interpolator:1.0.0) with AarTransform
Transforming core-runtime-2.2.0.aar (androidx.arch.core:core-runtime:2.2.0) with JetifyTransform
Transforming core-runtime-2.2.0.aar (androidx.arch.core:core-runtime:2.2.0) with ExtractAarTransform
Transforming core-runtime-2.2.0.aar (androidx.arch.core:core-runtime:2.2.0) with AarTransform
Transforming espresso-idling-resource-3.5.1.aar (androidx.test.espresso:espresso-idling-resource:3.5.1) with JetifyTransform
Transforming espresso-idling-resource-3.5.1.aar (androidx.test.espresso:espresso-idling-resource:3.5.1) with ExtractAarTransform
Transforming espresso-idling-resource-3.5.1.aar (androidx.test.espresso:espresso-idling-resource:3.5.1) with AarTransform
Transforming espresso-idling-resource-3.5.1.aar (androidx.test.espresso:espresso-idling-resource:3.5.1) with JetifyTransform
Transforming espresso-idling-resource-3.5.1.aar (androidx.test.espresso:espresso-idling-resource:3.5.1) with ExtractAarTransform
Transforming espresso-idling-resource-3.5.1.aar (androidx.test.espresso:espresso-idling-resource:3.5.1) with AarTransform
Caching disabled for task ':core:processDebugUnitTestManifest' because:
  Build cache is disabled
  Caching has been disabled for the task
Skipping task ':core:processDebugUnitTestManifest' as it is up-to-date.
Resolve mutations for :core:processDebugUnitTestResources (Thread[#435,Execution worker,5,main]) started.
:core:processDebugUnitTestResources (Thread[#435,Execution worker,5,main]) started.

> Task :core:processDebugUnitTestResources UP-TO-DATE
Transforming aapt2-8.4.0-11315950-linux.jar (com.android.tools.build:aapt2:8.4.0-11315950) with Aapt2Extractor
Transforming espresso-intents-3.5.1.aar (androidx.test.espresso:espresso-intents:3.5.1) with JetifyTransform
Transforming espresso-intents-3.5.1.aar (androidx.test.espresso:espresso-intents:3.5.1) with ExtractAarTransform
Transforming espresso-intents-3.5.1.aar (androidx.test.espresso:espresso-intents:3.5.1) with AarResourcesCompilerTransform
Transforming rules-1.5.0.aar (androidx.test:rules:1.5.0) with JetifyTransform
Transforming rules-1.5.0.aar (androidx.test:rules:1.5.0) with ExtractAarTransform
Transforming rules-1.5.0.aar (androidx.test:rules:1.5.0) with AarResourcesCompilerTransform
Transforming espresso-core-3.5.1.aar (androidx.test.espresso:espresso-core:3.5.1) with JetifyTransform
Transforming espresso-core-3.5.1.aar (androidx.test.espresso:espresso-core:3.5.1) with ExtractAarTransform
Transforming espresso-core-3.5.1.aar (androidx.test.espresso:espresso-core:3.5.1) with AarResourcesCompilerTransform
Transforming runner-1.5.2.aar (androidx.test:runner:1.5.2) with JetifyTransform
Transforming runner-1.5.2.aar (androidx.test:runner:1.5.2) with ExtractAarTransform
Transforming runner-1.5.2.aar (androidx.test:runner:1.5.2) with AarResourcesCompilerTransform
Transforming junit-ktx-1.1.5.aar (androidx.test.ext:junit-ktx:1.1.5) with JetifyTransform
Transforming junit-ktx-1.1.5.aar (androidx.test.ext:junit-ktx:1.1.5) with ExtractAarTransform
Transforming junit-ktx-1.1.5.aar (androidx.test.ext:junit-ktx:1.1.5) with AarResourcesCompilerTransform
Transforming junit-1.1.5.aar (androidx.test.ext:junit:1.1.5) with JetifyTransform
Transforming junit-1.1.5.aar (androidx.test.ext:junit:1.1.5) with ExtractAarTransform
Transforming junit-1.1.5.aar (androidx.test.ext:junit:1.1.5) with AarResourcesCompilerTransform
Transforming core-ktx-1.5.0.aar (androidx.test:core-ktx:1.5.0) with JetifyTransform
Transforming core-ktx-1.5.0.aar (androidx.test:core-ktx:1.5.0) with ExtractAarTransform
Transforming core-ktx-1.5.0.aar (androidx.test:core-ktx:1.5.0) with AarResourcesCompilerTransform
Transforming core-1.5.0.aar (androidx.test:core:1.5.0) with JetifyTransform
Transforming core-1.5.0.aar (androidx.test:core:1.5.0) with ExtractAarTransform
Transforming core-1.5.0.aar (androidx.test:core:1.5.0) with AarResourcesCompilerTransform
Transforming core-ktx-1.13.1.aar (androidx.core:core-ktx:1.13.1) with JetifyTransform
Transforming core-ktx-1.13.1.aar (androidx.core:core-ktx:1.13.1) with ExtractAarTransform
Transforming core-ktx-1.13.1.aar (androidx.core:core-ktx:1.13.1) with AarResourcesCompilerTransform
Transforming core-1.13.1.aar (androidx.core:core:1.13.1) with JetifyTransform
Transforming core-1.13.1.aar (androidx.core:core:1.13.1) with ExtractAarTransform
Transforming core-1.13.1.aar (androidx.core:core:1.13.1) with AarResourcesCompilerTransform
Transforming lifecycle-runtime-2.6.2.aar (androidx.lifecycle:lifecycle-runtime:2.6.2) with JetifyTransform
Transforming lifecycle-runtime-2.6.2.aar (androidx.lifecycle:lifecycle-runtime:2.6.2) with ExtractAarTransform
Transforming lifecycle-runtime-2.6.2.aar (androidx.lifecycle:lifecycle-runtime:2.6.2) with AarResourcesCompilerTransform
Transforming storage-1.4.2.aar (androidx.test.services:storage:1.4.2) with JetifyTransform
Transforming storage-1.4.2.aar (androidx.test.services:storage:1.4.2) with ExtractAarTransform
Transforming storage-1.4.2.aar (androidx.test.services:storage:1.4.2) with AarResourcesCompilerTransform
Transforming monitor-1.6.1.aar (androidx.test:monitor:1.6.1) with JetifyTransform
Transforming monitor-1.6.1.aar (androidx.test:monitor:1.6.1) with ExtractAarTransform
Transforming monitor-1.6.1.aar (androidx.test:monitor:1.6.1) with AarResourcesCompilerTransform
Transforming monitor-1.6.1.aar (androidx.test:monitor:1.6.1) with JetifyTransform
Transforming monitor-1.6.1.aar (androidx.test:monitor:1.6.1) with ExtractAarTransform
Transforming monitor-1.6.1.aar (androidx.test:monitor:1.6.1) with AarResourcesCompilerTransform
Transforming annotation-1.0.1.aar (androidx.test:annotation:1.0.1) with JetifyTransform
Transforming annotation-1.0.1.aar (androidx.test:annotation:1.0.1) with ExtractAarTransform
Transforming annotation-1.0.1.aar (androidx.test:annotation:1.0.1) with AarResourcesCompilerTransform
Transforming annotation-experimental-1.4.0.aar (androidx.annotation:annotation-experimental:1.4.0) with JetifyTransform
Transforming annotation-experimental-1.4.0.aar (androidx.annotation:annotation-experimental:1.4.0) with ExtractAarTransform
Transforming annotation-experimental-1.4.0.aar (androidx.annotation:annotation-experimental:1.4.0) with AarResourcesCompilerTransform
Transforming documentfile-1.0.1.aar (androidx.documentfile:documentfile:1.0.1) with JetifyTransform
Transforming documentfile-1.0.1.aar (androidx.documentfile:documentfile:1.0.1) with ExtractAarTransform
Transforming documentfile-1.0.1.aar (androidx.documentfile:documentfile:1.0.1) with AarResourcesCompilerTransform
Transforming profileinstaller-1.3.0.aar (androidx.profileinstaller:profileinstaller:1.3.0) with JetifyTransform
Transforming profileinstaller-1.3.0.aar (androidx.profileinstaller:profileinstaller:1.3.0) with ExtractAarTransform
Transforming profileinstaller-1.3.0.aar (androidx.profileinstaller:profileinstaller:1.3.0) with AarResourcesCompilerTransform
Transforming startup-runtime-1.1.1.aar (androidx.startup:startup-runtime:1.1.1) with JetifyTransform
Transforming startup-runtime-1.1.1.aar (androidx.startup:startup-runtime:1.1.1) with ExtractAarTransform
Transforming startup-runtime-1.1.1.aar (androidx.startup:startup-runtime:1.1.1) with AarResourcesCompilerTransform
Transforming tracing-1.0.0.aar (androidx.tracing:tracing:1.0.0) with JetifyTransform
Transforming tracing-1.0.0.aar (androidx.tracing:tracing:1.0.0) with ExtractAarTransform
Transforming tracing-1.0.0.aar (androidx.tracing:tracing:1.0.0) with AarResourcesCompilerTransform
Transforming versionedparcelable-1.1.1.aar (androidx.versionedparcelable:versionedparcelable:1.1.1) with JetifyTransform
Transforming versionedparcelable-1.1.1.aar (androidx.versionedparcelable:versionedparcelable:1.1.1) with ExtractAarTransform
Transforming versionedparcelable-1.1.1.aar (androidx.versionedparcelable:versionedparcelable:1.1.1) with AarResourcesCompilerTransform
Transforming interpolator-1.0.0.aar (androidx.interpolator:interpolator:1.0.0) with JetifyTransform
Transforming interpolator-1.0.0.aar (androidx.interpolator:interpolator:1.0.0) with ExtractAarTransform
Transforming interpolator-1.0.0.aar (androidx.interpolator:interpolator:1.0.0) with AarResourcesCompilerTransform
Transforming core-runtime-2.2.0.aar (androidx.arch.core:core-runtime:2.2.0) with JetifyTransform
Transforming core-runtime-2.2.0.aar (androidx.arch.core:core-runtime:2.2.0) with ExtractAarTransform
Transforming core-runtime-2.2.0.aar (androidx.arch.core:core-runtime:2.2.0) with AarResourcesCompilerTransform
Transforming espresso-idling-resource-3.5.1.aar (androidx.test.espresso:espresso-idling-resource:3.5.1) with JetifyTransform
Transforming espresso-idling-resource-3.5.1.aar (androidx.test.espresso:espresso-idling-resource:3.5.1) with ExtractAarTransform
Transforming espresso-idling-resource-3.5.1.aar (androidx.test.espresso:espresso-idling-resource:3.5.1) with AarResourcesCompilerTransform
Transforming espresso-idling-resource-3.5.1.aar (androidx.test.espresso:espresso-idling-resource:3.5.1) with JetifyTransform
Transforming espresso-idling-resource-3.5.1.aar (androidx.test.espresso:espresso-idling-resource:3.5.1) with ExtractAarTransform
Transforming espresso-idling-resource-3.5.1.aar (androidx.test.espresso:espresso-idling-resource:3.5.1) with AarResourcesCompilerTransform
Transforming espresso-intents-3.5.1.aar (androidx.test.espresso:espresso-intents:3.5.1) with JetifyTransform
Transforming espresso-intents-3.5.1.aar (androidx.test.espresso:espresso-intents:3.5.1) with ExtractAarTransform
Transforming espresso-intents-3.5.1.aar (androidx.test.espresso:espresso-intents:3.5.1) with LibrarySymbolTableTransform
Transforming rules-1.5.0.aar (androidx.test:rules:1.5.0) with JetifyTransform
Transforming rules-1.5.0.aar (androidx.test:rules:1.5.0) with ExtractAarTransform
Transforming rules-1.5.0.aar (androidx.test:rules:1.5.0) with LibrarySymbolTableTransform
Transforming espresso-core-3.5.1.aar (androidx.test.espresso:espresso-core:3.5.1) with JetifyTransform
Transforming espresso-core-3.5.1.aar (androidx.test.espresso:espresso-core:3.5.1) with ExtractAarTransform
Transforming espresso-core-3.5.1.aar (androidx.test.espresso:espresso-core:3.5.1) with LibrarySymbolTableTransform
Transforming runner-1.5.2.aar (androidx.test:runner:1.5.2) with JetifyTransform
Transforming runner-1.5.2.aar (androidx.test:runner:1.5.2) with ExtractAarTransform
Transforming runner-1.5.2.aar (androidx.test:runner:1.5.2) with LibrarySymbolTableTransform
Transforming junit-ktx-1.1.5.aar (androidx.test.ext:junit-ktx:1.1.5) with JetifyTransform
Transforming junit-ktx-1.1.5.aar (androidx.test.ext:junit-ktx:1.1.5) with ExtractAarTransform
Transforming junit-ktx-1.1.5.aar (androidx.test.ext:junit-ktx:1.1.5) with LibrarySymbolTableTransform
Transforming junit-1.1.5.aar (androidx.test.ext:junit:1.1.5) with JetifyTransform
Transforming junit-1.1.5.aar (androidx.test.ext:junit:1.1.5) with ExtractAarTransform
Transforming junit-1.1.5.aar (androidx.test.ext:junit:1.1.5) with LibrarySymbolTableTransform
Transforming core-ktx-1.5.0.aar (androidx.test:core-ktx:1.5.0) with JetifyTransform
Transforming core-ktx-1.5.0.aar (androidx.test:core-ktx:1.5.0) with ExtractAarTransform
Transforming core-ktx-1.5.0.aar (androidx.test:core-ktx:1.5.0) with LibrarySymbolTableTransform
Transforming core-1.5.0.aar (androidx.test:core:1.5.0) with JetifyTransform
Transforming core-1.5.0.aar (androidx.test:core:1.5.0) with ExtractAarTransform
Transforming core-1.5.0.aar (androidx.test:core:1.5.0) with LibrarySymbolTableTransform
Transforming core-ktx-1.13.1.aar (androidx.core:core-ktx:1.13.1) with JetifyTransform
Transforming core-ktx-1.13.1.aar (androidx.core:core-ktx:1.13.1) with ExtractAarTransform
Transforming core-ktx-1.13.1.aar (androidx.core:core-ktx:1.13.1) with LibrarySymbolTableTransform
Transforming core-1.13.1.aar (androidx.core:core:1.13.1) with JetifyTransform
Transforming core-1.13.1.aar (androidx.core:core:1.13.1) with ExtractAarTransform
Transforming core-1.13.1.aar (androidx.core:core:1.13.1) with LibrarySymbolTableTransform
Transforming lifecycle-runtime-2.6.2.aar (androidx.lifecycle:lifecycle-runtime:2.6.2) with JetifyTransform
Transforming lifecycle-runtime-2.6.2.aar (androidx.lifecycle:lifecycle-runtime:2.6.2) with ExtractAarTransform
Transforming lifecycle-runtime-2.6.2.aar (androidx.lifecycle:lifecycle-runtime:2.6.2) with LibrarySymbolTableTransform
Transforming storage-1.4.2.aar (androidx.test.services:storage:1.4.2) with JetifyTransform
Transforming storage-1.4.2.aar (androidx.test.services:storage:1.4.2) with ExtractAarTransform
Transforming storage-1.4.2.aar (androidx.test.services:storage:1.4.2) with LibrarySymbolTableTransform
Transforming monitor-1.6.1.aar (androidx.test:monitor:1.6.1) with JetifyTransform
Transforming monitor-1.6.1.aar (androidx.test:monitor:1.6.1) with ExtractAarTransform
Transforming monitor-1.6.1.aar (androidx.test:monitor:1.6.1) with LibrarySymbolTableTransform
Transforming monitor-1.6.1.aar (androidx.test:monitor:1.6.1) with JetifyTransform
Transforming monitor-1.6.1.aar (androidx.test:monitor:1.6.1) with ExtractAarTransform
Transforming monitor-1.6.1.aar (androidx.test:monitor:1.6.1) with LibrarySymbolTableTransform
Transforming annotation-1.0.1.aar (androidx.test:annotation:1.0.1) with JetifyTransform
Transforming annotation-1.0.1.aar (androidx.test:annotation:1.0.1) with ExtractAarTransform
Transforming annotation-1.0.1.aar (androidx.test:annotation:1.0.1) with LibrarySymbolTableTransform
Transforming annotation-experimental-1.4.0.aar (androidx.annotation:annotation-experimental:1.4.0) with JetifyTransform
Transforming annotation-experimental-1.4.0.aar (androidx.annotation:annotation-experimental:1.4.0) with ExtractAarTransform
Transforming annotation-experimental-1.4.0.aar (androidx.annotation:annotation-experimental:1.4.0) with LibrarySymbolTableTransform
Transforming documentfile-1.0.1.aar (androidx.documentfile:documentfile:1.0.1) with JetifyTransform
Transforming documentfile-1.0.1.aar (androidx.documentfile:documentfile:1.0.1) with ExtractAarTransform
Transforming documentfile-1.0.1.aar (androidx.documentfile:documentfile:1.0.1) with LibrarySymbolTableTransform
Transforming profileinstaller-1.3.0.aar (androidx.profileinstaller:profileinstaller:1.3.0) with JetifyTransform
Transforming profileinstaller-1.3.0.aar (androidx.profileinstaller:profileinstaller:1.3.0) with ExtractAarTransform
Transforming profileinstaller-1.3.0.aar (androidx.profileinstaller:profileinstaller:1.3.0) with LibrarySymbolTableTransform
Transforming startup-runtime-1.1.1.aar (androidx.startup:startup-runtime:1.1.1) with JetifyTransform
Transforming startup-runtime-1.1.1.aar (androidx.startup:startup-runtime:1.1.1) with ExtractAarTransform
Transforming startup-runtime-1.1.1.aar (androidx.startup:startup-runtime:1.1.1) with LibrarySymbolTableTransform
Transforming tracing-1.0.0.aar (androidx.tracing:tracing:1.0.0) with JetifyTransform
Transforming tracing-1.0.0.aar (androidx.tracing:tracing:1.0.0) with ExtractAarTransform
Transforming tracing-1.0.0.aar (androidx.tracing:tracing:1.0.0) with LibrarySymbolTableTransform
Transforming versionedparcelable-1.1.1.aar (androidx.versionedparcelable:versionedparcelable:1.1.1) with JetifyTransform
Transforming versionedparcelable-1.1.1.aar (androidx.versionedparcelable:versionedparcelable:1.1.1) with ExtractAarTransform
Transforming versionedparcelable-1.1.1.aar (androidx.versionedparcelable:versionedparcelable:1.1.1) with LibrarySymbolTableTransform
Transforming interpolator-1.0.0.aar (androidx.interpolator:interpolator:1.0.0) with JetifyTransform
Transforming interpolator-1.0.0.aar (androidx.interpolator:interpolator:1.0.0) with ExtractAarTransform
Transforming interpolator-1.0.0.aar (androidx.interpolator:interpolator:1.0.0) with LibrarySymbolTableTransform
Transforming core-runtime-2.2.0.aar (androidx.arch.core:core-runtime:2.2.0) with JetifyTransform
Transforming core-runtime-2.2.0.aar (androidx.arch.core:core-runtime:2.2.0) with ExtractAarTransform
Transforming core-runtime-2.2.0.aar (androidx.arch.core:core-runtime:2.2.0) with LibrarySymbolTableTransform
Transforming espresso-idling-resource-3.5.1.aar (androidx.test.espresso:espresso-idling-resource:3.5.1) with JetifyTransform
Transforming espresso-idling-resource-3.5.1.aar (androidx.test.espresso:espresso-idling-resource:3.5.1) with ExtractAarTransform
Transforming espresso-idling-resource-3.5.1.aar (androidx.test.espresso:espresso-idling-resource:3.5.1) with LibrarySymbolTableTransform
Transforming espresso-idling-resource-3.5.1.aar (androidx.test.espresso:espresso-idling-resource:3.5.1) with JetifyTransform
Transforming espresso-idling-resource-3.5.1.aar (androidx.test.espresso:espresso-idling-resource:3.5.1) with ExtractAarTransform
Transforming espresso-idling-resource-3.5.1.aar (androidx.test.espresso:espresso-idling-resource:3.5.1) with LibrarySymbolTableTransform
Caching disabled for task ':core:processDebugUnitTestResources' because:
  Build cache is disabled
Skipping task ':core:processDebugUnitTestResources' as it is up-to-date.
Resolve mutations for :core:compileDebugUnitTestKotlin (Thread[#435,Execution worker,5,main]) started.
:core:compileDebugUnitTestKotlin (Thread[#435,Execution worker,5,main]) started.

> Task :core:compileDebugUnitTestKotlin UP-TO-DATE
Transforming core-ktx-1.5.0.aar (androidx.test:core-ktx:1.5.0) with JetifyTransform
Transforming core-ktx-1.5.0.aar (androidx.test:core-ktx:1.5.0) with AarToClassTransform
Transforming junit-ktx-1.1.5.aar (androidx.test.ext:junit-ktx:1.1.5) with JetifyTransform
Transforming junit-ktx-1.1.5.aar (androidx.test.ext:junit-ktx:1.1.5) with AarToClassTransform
Transforming espresso-intents-3.5.1.aar (androidx.test.espresso:espresso-intents:3.5.1) with JetifyTransform
Transforming espresso-intents-3.5.1.aar (androidx.test.espresso:espresso-intents:3.5.1) with AarToClassTransform
Transforming espresso-core-3.5.1.aar (androidx.test.espresso:espresso-core:3.5.1) with JetifyTransform
Transforming espresso-core-3.5.1.aar (androidx.test.espresso:espresso-core:3.5.1) with AarToClassTransform
Transforming junit-1.1.5.aar (androidx.test.ext:junit:1.1.5) with JetifyTransform
Transforming junit-1.1.5.aar (androidx.test.ext:junit:1.1.5) with AarToClassTransform
Transforming core-1.5.0.aar (androidx.test:core:1.5.0) with JetifyTransform
Transforming core-1.5.0.aar (androidx.test:core:1.5.0) with AarToClassTransform
Transforming rules-1.5.0.aar (androidx.test:rules:1.5.0) with JetifyTransform
Transforming rules-1.5.0.aar (androidx.test:rules:1.5.0) with AarToClassTransform
Transforming runner-1.5.2.aar (androidx.test:runner:1.5.2) with JetifyTransform
Transforming runner-1.5.2.aar (androidx.test:runner:1.5.2) with AarToClassTransform
Transforming storage-1.4.2.aar (androidx.test.services:storage:1.4.2) with JetifyTransform
Transforming shadows-framework-4.12.2.jar (org.robolectric:shadows-framework:4.12.2) with JetifyTransform
Transforming storage-1.4.2.aar (androidx.test.services:storage:1.4.2) with AarToClassTransform
Transforming monitor-1.6.1.aar (androidx.test:monitor:1.6.1) with JetifyTransform
Transforming shadows-framework-4.12.2.jar (org.robolectric:shadows-framework:4.12.2) with IdentityTransform
Transforming robolectric-4.12.2.jar (org.robolectric:robolectric:4.12.2) with JetifyTransform
Transforming robolectric-4.12.2.jar (org.robolectric:robolectric:4.12.2) with IdentityTransform
Transforming monitor-1.6.1.aar (androidx.test:monitor:1.6.1) with AarToClassTransform
Transforming monitor-1.6.1.aar (androidx.test:monitor:1.6.1) with JetifyTransform
Transforming monitor-1.6.1.aar (androidx.test:monitor:1.6.1) with AarToClassTransform
Transforming annotation-1.0.1.aar (androidx.test:annotation:1.0.1) with JetifyTransform
Transforming annotation-1.0.1.aar (androidx.test:annotation:1.0.1) with AarToClassTransform
Transforming espresso-idling-resource-3.5.1.aar (androidx.test.espresso:espresso-idling-resource:3.5.1) with JetifyTransform
Transforming espresso-idling-resource-3.5.1.aar (androidx.test.espresso:espresso-idling-resource:3.5.1) with AarToClassTransform
Transforming failureaccess-1.0.1.jar (com.google.guava:failureaccess:1.0.1) with JetifyTransform
Transforming failureaccess-1.0.1.jar (com.google.guava:failureaccess:1.0.1) with IdentityTransform
Transforming listenablefuture-9999.0-empty-to-avoid-conflict-with-guava.jar (com.google.guava:listenablefuture:9999.0-empty-to-avoid-conflict-with-guava) with JetifyTransform
Transforming listenablefuture-9999.0-empty-to-avoid-conflict-with-guava.jar (com.google.guava:listenablefuture:9999.0-empty-to-avoid-conflict-with-guava) with IdentityTransform
Transforming jsr305-3.0.2.jar (com.google.code.findbugs:jsr305:3.0.2) with JetifyTransform
Transforming jsr305-3.0.2.jar (com.google.code.findbugs:jsr305:3.0.2) with IdentityTransform
Transforming javax.inject-1.jar (javax.inject:javax.inject:1) with JetifyTransform
Transforming javax.inject-1.jar (javax.inject:javax.inject:1) with IdentityTransform
Transforming javax.annotation-api-1.3.2.jar (javax.annotation:javax.annotation-api:1.3.2) with JetifyTransform
Transforming javax.annotation-api-1.3.2.jar (javax.annotation:javax.annotation-api:1.3.2) with IdentityTransform
Transforming tracing-1.0.0.aar (androidx.tracing:tracing:1.0.0) with JetifyTransform
Transforming tracing-1.0.0.aar (androidx.tracing:tracing:1.0.0) with AarToClassTransform
Transforming bcprov-jdk18on-1.77.jar (org.bouncycastle:bcprov-jdk18on:1.77) with JetifyTransform
Transforming bcprov-jdk18on-1.77.jar (org.bouncycastle:bcprov-jdk18on:1.77) with IdentityTransform
Transforming ktor-client-mock-jvm-2.3.10.jar (io.ktor:ktor-client-mock-jvm:2.3.10) with JetifyTransform
Transforming concurrent-futures-1.1.0.jar (androidx.concurrent:concurrent-futures:1.1.0) with JetifyTransform
Transforming ktor-client-mock-jvm-2.3.10.jar (io.ktor:ktor-client-mock-jvm:2.3.10) with IdentityTransform
Transforming concurrent-futures-1.1.0.jar (androidx.concurrent:concurrent-futures:1.1.0) with IdentityTransform
Transforming kotlinx-coroutines-jdk8-1.7.3.jar (org.jetbrains.kotlinx:kotlinx-coroutines-jdk8:1.7.3) with JetifyTransform
Transforming kotlinx-coroutines-jdk8-1.7.3.jar (org.jetbrains.kotlinx:kotlinx-coroutines-jdk8:1.7.3) with IdentityTransform
Transforming mockk-jvm-1.13.10.jar (io.mockk:mockk-jvm:1.13.10) with JetifyTransform
Transforming kotlinx-coroutines-android-1.7.3.jar (org.jetbrains.kotlinx:kotlinx-coroutines-android:1.7.3) with JetifyTransform
Transforming mockk-jvm-1.13.10.jar (io.mockk:mockk-jvm:1.13.10) with IdentityTransform
Transforming kotlinx-coroutines-android-1.7.3.jar (org.jetbrains.kotlinx:kotlinx-coroutines-android:1.7.3) with IdentityTransform
Transforming kotlinx-coroutines-core-jvm-1.7.3.jar (org.jetbrains.kotlinx:kotlinx-coroutines-core-jvm:1.7.3) with JetifyTransform
Transforming kotlinx-coroutines-core-jvm-1.7.3.jar (org.jetbrains.kotlinx:kotlinx-coroutines-core-jvm:1.7.3) with IdentityTransform
Transforming kotlinx-coroutines-test-jvm-1.7.3.jar (org.jetbrains.kotlinx:kotlinx-coroutines-test-jvm:1.7.3) with JetifyTransform
Transforming mockk-dsl-jvm-1.13.10.jar (io.mockk:mockk-dsl-jvm:1.13.10) with JetifyTransform
Transforming kotlinx-coroutines-test-jvm-1.7.3.jar (org.jetbrains.kotlinx:kotlinx-coroutines-test-jvm:1.7.3) with IdentityTransform
Transforming mockk-dsl-jvm-1.13.10.jar (io.mockk:mockk-dsl-jvm:1.13.10) with IdentityTransform
Transforming mockk-agent-api-jvm-1.13.10.jar (io.mockk:mockk-agent-api-jvm:1.13.10) with JetifyTransform
Transforming mockk-agent-jvm-1.13.10.jar (io.mockk:mockk-agent-jvm:1.13.10) with JetifyTransform
Transforming mockk-core-jvm-1.13.10.jar (io.mockk:mockk-core-jvm:1.13.10) with JetifyTransform
Transforming mockk-agent-jvm-1.13.10.jar (io.mockk:mockk-agent-jvm:1.13.10) with IdentityTransform
Transforming mockk-core-jvm-1.13.10.jar (io.mockk:mockk-core-jvm:1.13.10) with IdentityTransform
Transforming kotlin-stdlib-jdk8-1.9.10.jar (org.jetbrains.kotlin:kotlin-stdlib-jdk8:1.9.10) with JetifyTransform
Transforming kotlin-stdlib-jdk8-1.9.10.jar (org.jetbrains.kotlin:kotlin-stdlib-jdk8:1.9.10) with IdentityTransform
Transforming mockk-agent-api-jvm-1.13.10.jar (io.mockk:mockk-agent-api-jvm:1.13.10) with IdentityTransform
Transforming kotlin-stdlib-jdk7-1.9.10.jar (org.jetbrains.kotlin:kotlin-stdlib-jdk7:1.9.10) with JetifyTransform
Transforming kotlin-stdlib-jdk7-1.9.10.jar (org.jetbrains.kotlin:kotlin-stdlib-jdk7:1.9.10) with IdentityTransform
Transforming junit-4.13.2.jar (junit:junit:4.13.2) with JetifyTransform
Transforming junit-4.13.2.jar (junit:junit:4.13.2) with IdentityTransform
Transforming hamcrest-integration-1.3.jar (org.hamcrest:hamcrest-integration:1.3) with JetifyTransform
Transforming hamcrest-integration-1.3.jar (org.hamcrest:hamcrest-integration:1.3) with IdentityTransform
Transforming hamcrest-library-1.3.jar (org.hamcrest:hamcrest-library:1.3) with JetifyTransform
Transforming hamcrest-core-1.3.jar (org.hamcrest:hamcrest-core:1.3) with JetifyTransform
Transforming hamcrest-library-1.3.jar (org.hamcrest:hamcrest-library:1.3) with IdentityTransform
Transforming hamcrest-core-1.3.jar (org.hamcrest:hamcrest-core:1.3) with IdentityTransform
Transforming objenesis-3.3.jar (org.objenesis:objenesis:3.3) with JetifyTransform
Transforming objenesis-3.3.jar (org.objenesis:objenesis:3.3) with IdentityTransform
Transforming byte-buddy-agent-1.14.6.jar (net.bytebuddy:byte-buddy-agent:1.14.6) with JetifyTransform
Transforming junit-4.12.2.jar (org.robolectric:junit:4.12.2) with JetifyTransform
Transforming byte-buddy-agent-1.14.6.jar (net.bytebuddy:byte-buddy-agent:1.14.6) with IdentityTransform
Transforming junit-4.12.2.jar (org.robolectric:junit:4.12.2) with IdentityTransform
Transforming byte-buddy-1.14.6.jar (net.bytebuddy:byte-buddy:1.14.6) with JetifyTransform
Transforming byte-buddy-1.14.6.jar (net.bytebuddy:byte-buddy:1.14.6) with IdentityTransform
Transforming resources-4.12.2.jar (org.robolectric:resources:4.12.2) with JetifyTransform
Transforming resources-4.12.2.jar (org.robolectric:resources:4.12.2) with IdentityTransform
Transforming sandbox-4.12.2.jar (org.robolectric:sandbox:4.12.2) with JetifyTransform
Transforming nativeruntime-4.12.2.jar (org.robolectric:nativeruntime:4.12.2) with JetifyTransform
Transforming utils-reflector-4.12.2.jar (org.robolectric:utils-reflector:4.12.2) with JetifyTransform
Transforming nativeruntime-4.12.2.jar (org.robolectric:nativeruntime:4.12.2) with IdentityTransform
Transforming sandbox-4.12.2.jar (org.robolectric:sandbox:4.12.2) with IdentityTransform
Transforming utils-reflector-4.12.2.jar (org.robolectric:utils-reflector:4.12.2) with IdentityTransform
Transforming plugins-maven-dependency-resolver-4.12.2.jar (org.robolectric:plugins-maven-dependency-resolver:4.12.2) with JetifyTransform
Transforming shadows-versioning-4.12.2.jar (org.robolectric:shadows-versioning:4.12.2) with JetifyTransform
Transforming plugins-maven-dependency-resolver-4.12.2.jar (org.robolectric:plugins-maven-dependency-resolver:4.12.2) with IdentityTransform
Transforming shadows-versioning-4.12.2.jar (org.robolectric:shadows-versioning:4.12.2) with IdentityTransform
Transforming shadowapi-4.12.2.jar (org.robolectric:shadowapi:4.12.2) with JetifyTransform
Transforming shadowapi-4.12.2.jar (org.robolectric:shadowapi:4.12.2) with IdentityTransform
Transforming utils-4.12.2.jar (org.robolectric:utils:4.12.2) with JetifyTransform
Transforming utils-4.12.2.jar (org.robolectric:utils:4.12.2) with IdentityTransform
Transforming pluginapi-4.12.2.jar (org.robolectric:pluginapi:4.12.2) with JetifyTransform
Transforming pluginapi-4.12.2.jar (org.robolectric:pluginapi:4.12.2) with IdentityTransform
Transforming annotations-4.12.2.jar (org.robolectric:annotations:4.12.2) with JetifyTransform
Transforming annotations-4.12.2.jar (org.robolectric:annotations:4.12.2) with IdentityTransform
Transforming guava-31.1-jre.jar (com.google.guava:guava:31.1-jre) with JetifyTransform
Transforming guava-31.1-jre.jar (com.google.guava:guava:31.1-jre) with IdentityTransform
Transforming error_prone_annotations-2.11.0.jar (com.google.errorprone:error_prone_annotations:2.11.0) with JetifyTransform
Transforming j2objc-annotations-1.3.jar (com.google.j2objc:j2objc-annotations:1.3) with JetifyTransform
Transforming error_prone_annotations-2.11.0.jar (com.google.errorprone:error_prone_annotations:2.11.0) with IdentityTransform
Transforming j2objc-annotations-1.3.jar (com.google.j2objc:j2objc-annotations:1.3) with IdentityTransform
Transforming checker-qual-3.12.0.jar (org.checkerframework:checker-qual:3.12.0) with JetifyTransform
Transforming checker-qual-3.12.0.jar (org.checkerframework:checker-qual:3.12.0) with IdentityTransform
Transforming asm-commons-9.7.jar (org.ow2.asm:asm-commons:9.7) with JetifyTransform
Transforming asm-commons-9.7.jar (org.ow2.asm:asm-commons:9.7) with IdentityTransform
Transforming asm-util-9.7.jar (org.ow2.asm:asm-util:9.7) with JetifyTransform
Transforming asm-analysis-9.7.jar (org.ow2.asm:asm-analysis:9.7) with JetifyTransform
Transforming asm-util-9.7.jar (org.ow2.asm:asm-util:9.7) with IdentityTransform
Transforming asm-analysis-9.7.jar (org.ow2.asm:asm-analysis:9.7) with IdentityTransform
Transforming asm-9.7.jar (org.ow2.asm:asm:9.7) with JetifyTransform
Transforming asm-9.7.jar (org.ow2.asm:asm:9.7) with IdentityTransform
Transforming sqlite4java-1.0.392.jar (com.almworks.sqlite4java:sqlite4java:1.0.392) with JetifyTransform
Transforming auto-value-annotations-1.10.4.jar (com.google.auto.value:auto-value-annotations:1.10.4) with JetifyTransform
Transforming sqlite4java-1.0.392.jar (com.almworks.sqlite4java:sqlite4java:1.0.392) with IdentityTransform
Transforming asm-tree-9.7.jar (org.ow2.asm:asm-tree:9.7) with JetifyTransform
Transforming asm-tree-9.7.jar (org.ow2.asm:asm-tree:9.7) with IdentityTransform
Transforming icu4j-74.2.jar (com.ibm.icu:icu4j:74.2) with JetifyTransform
Transforming icu4j-74.2.jar (com.ibm.icu:icu4j:74.2) with IdentityTransform
Transforming auto-value-annotations-1.10.4.jar (com.google.auto.value:auto-value-annotations:1.10.4) with IdentityTransform
Transforming javawriter-2.1.1.jar (com.squareup:javawriter:2.1.1) with JetifyTransform
Transforming javawriter-2.1.1.jar (com.squareup:javawriter:2.1.1) with IdentityTransform
Transforming R.jar with ClasspathEntrySnapshotTransform
Transforming classes.jar with ClasspathEntrySnapshotTransform
Transforming jetified-core-ktx-1.13.1-api.jar with ClasspathEntrySnapshotTransform
Transforming jetified-core-ktx-1.5.0-api.jar with ClasspathEntrySnapshotTransform
Transforming jetified-junit-ktx-1.1.5-api.jar with ClasspathEntrySnapshotTransform
Transforming espresso-intents-3.5.1-api.jar with ClasspathEntrySnapshotTransform
Transforming espresso-core-3.5.1-api.jar with ClasspathEntrySnapshotTransform
Transforming core-1.13.1-api.jar with ClasspathEntrySnapshotTransform
Transforming jetified-junit-1.1.5-api.jar with ClasspathEntrySnapshotTransform
Transforming jetified-core-1.5.0-api.jar with ClasspathEntrySnapshotTransform
Transforming lifecycle-runtime-2.6.2-api.jar with ClasspathEntrySnapshotTransform
Transforming lifecycle-common-2.6.2.jar with ClasspathEntrySnapshotTransform
Transforming documentfile-1.0.1-api.jar with ClasspathEntrySnapshotTransform
Transforming rules-1.5.0-api.jar with ClasspathEntrySnapshotTransform
Transforming runner-1.5.2-api.jar with ClasspathEntrySnapshotTransform
Transforming jetified-robolectric-4.12.2.jar with ClasspathEntrySnapshotTransform
Transforming jetified-shadows-framework-4.12.2.jar with ClasspathEntrySnapshotTransform
Transforming jetified-storage-1.4.2-api.jar with ClasspathEntrySnapshotTransform
Transforming monitor-1.6.1-api.jar with ClasspathEntrySnapshotTransform
Transforming jetified-annotation-1.0.1-api.jar with ClasspathEntrySnapshotTransform
Transforming versionedparcelable-1.1.1-api.jar with ClasspathEntrySnapshotTransform
Transforming jetified-concurrent-futures-1.1.0.jar with ClasspathEntrySnapshotTransform
Transforming core-common-2.2.0.jar with ClasspathEntrySnapshotTransform
Transforming collection-1.0.0.jar with ClasspathEntrySnapshotTransform
Transforming jetified-annotation-jvm-1.6.0.jar with ClasspathEntrySnapshotTransform
Transforming jetified-annotation-experimental-1.4.0-api.jar with ClasspathEntrySnapshotTransform
Transforming jetified-ktor-client-okhttp-jvm-2.3.10.jar with ClasspathEntrySnapshotTransform
Transforming jetified-ktor-client-content-negotiation-jvm-2.3.10.jar with ClasspathEntrySnapshotTransform
Transforming jetified-ktor-client-mock-jvm-2.3.10.jar with ClasspathEntrySnapshotTransform
Transforming jetified-ktor-client-core-jvm-2.3.10.jar with ClasspathEntrySnapshotTransform
Transforming jetified-ktor-serialization-kotlinx-json-jvm-2.3.10.jar with ClasspathEntrySnapshotTransform
Transforming jetified-mockk-jvm-1.13.10.jar with ClasspathEntrySnapshotTransform
Transforming jetified-ktor-events-jvm-2.3.10.jar with ClasspathEntrySnapshotTransform
Transforming jetified-ktor-websocket-serialization-jvm-2.3.10.jar with ClasspathEntrySnapshotTransform
Transforming jetified-ktor-serialization-kotlinx-jvm-2.3.10.jar with ClasspathEntrySnapshotTransform
Transforming jetified-ktor-serialization-jvm-2.3.10.jar with ClasspathEntrySnapshotTransform
Transforming jetified-ktor-websockets-jvm-2.3.10.jar with ClasspathEntrySnapshotTransform
Transforming jetified-ktor-http-jvm-2.3.10.jar with ClasspathEntrySnapshotTransform
Transforming jetified-ktor-utils-jvm-2.3.10.jar with ClasspathEntrySnapshotTransform
Transforming jetified-ktor-io-jvm-2.3.10.jar with ClasspathEntrySnapshotTransform
Transforming jetified-kotlinx-coroutines-jdk8-1.7.3.jar with ClasspathEntrySnapshotTransform
Transforming jetified-kotlinx-coroutines-android-1.7.3.jar with ClasspathEntrySnapshotTransform
Transforming jetified-kotlinx-coroutines-core-jvm-1.7.3.jar with ClasspathEntrySnapshotTransform
Transforming jetified-kotlinx-coroutines-test-jvm-1.7.3.jar with ClasspathEntrySnapshotTransform
Transforming jetified-okhttp-4.12.0.jar with ClasspathEntrySnapshotTransform
Transforming jetified-mockk-dsl-jvm-1.13.10.jar with ClasspathEntrySnapshotTransform
Transforming jetified-mockk-agent-jvm-1.13.10.jar with ClasspathEntrySnapshotTransform
Transforming jetified-mockk-agent-api-jvm-1.13.10.jar with ClasspathEntrySnapshotTransform
Transforming jetified-mockk-core-jvm-1.13.10.jar with ClasspathEntrySnapshotTransform
Transforming jetified-kotlin-stdlib-jdk8-1.9.10.jar with ClasspathEntrySnapshotTransform
Transforming jetified-kotlin-stdlib-jdk7-1.9.10.jar with ClasspathEntrySnapshotTransform
Transforming jetified-kotlinx-serialization-core-jvm-1.5.1.jar with ClasspathEntrySnapshotTransform
Transforming jetified-kotlinx-serialization-json-jvm-1.5.1.jar with ClasspathEntrySnapshotTransform
Transforming jetified-okio-jvm-3.7.0.jar with ClasspathEntrySnapshotTransform
Transforming jetified-kotlin-stdlib-1.9.23.jar with ClasspathEntrySnapshotTransform
Transforming jetified-jsoup-1.17.2.jar with ClasspathEntrySnapshotTransform
Transforming jetified-jaudiotagger-3.0.1.jar with ClasspathEntrySnapshotTransform
Transforming jetified-junit-4.13.2.jar with ClasspathEntrySnapshotTransform
Transforming jetified-hamcrest-integration-1.3.jar with ClasspathEntrySnapshotTransform
Transforming jetified-hamcrest-library-1.3.jar with ClasspathEntrySnapshotTransform
Transforming jetified-hamcrest-core-1.3.jar with ClasspathEntrySnapshotTransform
Transforming jetified-annotations-23.0.0.jar with ClasspathEntrySnapshotTransform
Transforming jetified-slf4j-api-1.7.36.jar with ClasspathEntrySnapshotTransform
Transforming jetified-objenesis-3.3.jar with ClasspathEntrySnapshotTransform
Transforming jetified-byte-buddy-1.14.6.jar with ClasspathEntrySnapshotTransform
Transforming jetified-byte-buddy-agent-1.14.6.jar with ClasspathEntrySnapshotTransform
Transforming espresso-idling-resource-3.5.1-api.jar with ClasspathEntrySnapshotTransform
Transforming jetified-junit-4.12.2.jar with ClasspathEntrySnapshotTransform
Transforming jetified-resources-4.12.2.jar with ClasspathEntrySnapshotTransform
Transforming jetified-sandbox-4.12.2.jar with ClasspathEntrySnapshotTransform
Transforming jetified-nativeruntime-4.12.2.jar with ClasspathEntrySnapshotTransform
Transforming jetified-utils-reflector-4.12.2.jar with ClasspathEntrySnapshotTransform
Transforming jetified-plugins-maven-dependency-resolver-4.12.2.jar with ClasspathEntrySnapshotTransform
Transforming jetified-shadows-versioning-4.12.2.jar with ClasspathEntrySnapshotTransform
Transforming jetified-shadowapi-4.12.2.jar with ClasspathEntrySnapshotTransform
Transforming jetified-utils-4.12.2.jar with ClasspathEntrySnapshotTransform
Transforming jetified-pluginapi-4.12.2.jar with ClasspathEntrySnapshotTransform
Transforming jetified-annotations-4.12.2.jar with ClasspathEntrySnapshotTransform
Transforming jetified-guava-31.1-jre.jar with ClasspathEntrySnapshotTransform
Transforming jetified-failureaccess-1.0.1.jar with ClasspathEntrySnapshotTransform
Transforming jetified-listenablefuture-9999.0-empty-to-avoid-conflict-with-guava.jar with ClasspathEntrySnapshotTransform
Transforming jetified-jsr305-3.0.2.jar with ClasspathEntrySnapshotTransform
Transforming jetified-checker-qual-3.12.0.jar with ClasspathEntrySnapshotTransform
Transforming jetified-error_prone_annotations-2.11.0.jar with ClasspathEntrySnapshotTransform
Transforming jetified-j2objc-annotations-1.3.jar with ClasspathEntrySnapshotTransform
Transforming jetified-javax.inject-1.jar with ClasspathEntrySnapshotTransform
Transforming jetified-javax.annotation-api-1.3.2.jar with ClasspathEntrySnapshotTransform
Transforming jetified-asm-commons-9.7.jar with ClasspathEntrySnapshotTransform
Transforming jetified-asm-util-9.7.jar with ClasspathEntrySnapshotTransform
Transforming jetified-asm-analysis-9.7.jar with ClasspathEntrySnapshotTransform
Transforming jetified-asm-tree-9.7.jar with ClasspathEntrySnapshotTransform
Transforming jetified-asm-9.7.jar with ClasspathEntrySnapshotTransform
Transforming jetified-auto-value-annotations-1.10.4.jar with ClasspathEntrySnapshotTransform
Transforming jetified-tracing-1.0.0-api.jar with ClasspathEntrySnapshotTransform
Transforming jetified-sqlite4java-1.0.392.jar with ClasspathEntrySnapshotTransform
Transforming jetified-icu4j-74.2.jar with ClasspathEntrySnapshotTransform
Transforming jetified-bcprov-jdk18on-1.77.jar with ClasspathEntrySnapshotTransform
Transforming jetified-javawriter-2.1.1.jar with ClasspathEntrySnapshotTransform
Transforming android.jar with ClasspathEntrySnapshotTransform
Transforming core-lambda-stubs.jar with ClasspathEntrySnapshotTransform
Caching disabled for task ':core:compileDebugUnitTestKotlin' because:
  Build cache is disabled
Skipping task ':core:compileDebugUnitTestKotlin' as it is up-to-date.
Resolve mutations for :core:javaPreCompileDebugUnitTest (Thread[#435,Execution worker,5,main]) started.
:core:javaPreCompileDebugUnitTest (Thread[#435,Execution worker,5,main]) started.

> Task :core:javaPreCompileDebugUnitTest UP-TO-DATE
Caching disabled for task ':core:javaPreCompileDebugUnitTest' because:
  Build cache is disabled
Skipping task ':core:javaPreCompileDebugUnitTest' as it is up-to-date.
Resolve mutations for :core:compileDebugUnitTestJavaWithJavac (Thread[#435,Execution worker,5,main]) started.
:core:compileDebugUnitTestJavaWithJavac (Thread[#435,Execution worker,5,main]) started.

> Task :core:compileDebugUnitTestJavaWithJavac NO-SOURCE
Skipping task ':core:compileDebugUnitTestJavaWithJavac' as it has no source files and no previous output files.
Resolve mutations for :core:mergeDebugShaders (Thread[#435,Execution worker,5,main]) started.
:core:mergeDebugShaders (Thread[#435,Execution worker,5,main]) started.

> Task :core:mergeDebugShaders UP-TO-DATE
Caching disabled for task ':core:mergeDebugShaders' because:
  Build cache is disabled
  Simple merging task
Skipping task ':core:mergeDebugShaders' as it is up-to-date.
Resolve mutations for :core:compileDebugShaders (Thread[#435,Execution worker,5,main]) started.
:core:compileDebugShaders (Thread[#435,Execution worker,5,main]) started.

> Task :core:compileDebugShaders NO-SOURCE
Skipping task ':core:compileDebugShaders' as it has no source files and no previous output files.
Resolve mutations for :core:generateDebugAssets (Thread[#435,Execution worker,5,main]) started.
:core:generateDebugAssets (Thread[#435,Execution worker,5,main]) started.

> Task :core:generateDebugAssets UP-TO-DATE
Skipping task ':core:generateDebugAssets' as it has no actions.
Resolve mutations for :core:mergeDebugAssets (Thread[#435,Execution worker,5,main]) started.
:core:mergeDebugAssets (Thread[#435,Execution worker,5,main]) started.

> Task :core:mergeDebugAssets UP-TO-DATE
Transforming core-1.13.1.aar (androidx.core:core:1.13.1) with JetifyTransform
Transforming core-1.13.1.aar (androidx.core:core:1.13.1) with ExtractAarTransform
Transforming core-1.13.1.aar (androidx.core:core:1.13.1) with AarTransform
Transforming core-ktx-1.13.1.aar (androidx.core:core-ktx:1.13.1) with JetifyTransform
Transforming core-ktx-1.13.1.aar (androidx.core:core-ktx:1.13.1) with ExtractAarTransform
Transforming core-ktx-1.13.1.aar (androidx.core:core-ktx:1.13.1) with AarTransform
Transforming annotation-experimental-1.4.0.aar (androidx.annotation:annotation-experimental:1.4.0) with JetifyTransform
Transforming annotation-experimental-1.4.0.aar (androidx.annotation:annotation-experimental:1.4.0) with ExtractAarTransform
Transforming annotation-experimental-1.4.0.aar (androidx.annotation:annotation-experimental:1.4.0) with AarTransform
Transforming lifecycle-runtime-2.6.2.aar (androidx.lifecycle:lifecycle-runtime:2.6.2) with JetifyTransform
Transforming lifecycle-runtime-2.6.2.aar (androidx.lifecycle:lifecycle-runtime:2.6.2) with ExtractAarTransform
Transforming lifecycle-runtime-2.6.2.aar (androidx.lifecycle:lifecycle-runtime:2.6.2) with AarTransform
Transforming documentfile-1.0.1.aar (androidx.documentfile:documentfile:1.0.1) with JetifyTransform
Transforming documentfile-1.0.1.aar (androidx.documentfile:documentfile:1.0.1) with ExtractAarTransform
Transforming documentfile-1.0.1.aar (androidx.documentfile:documentfile:1.0.1) with AarTransform
Transforming versionedparcelable-1.1.1.aar (androidx.versionedparcelable:versionedparcelable:1.1.1) with JetifyTransform
Transforming versionedparcelable-1.1.1.aar (androidx.versionedparcelable:versionedparcelable:1.1.1) with ExtractAarTransform
Transforming versionedparcelable-1.1.1.aar (androidx.versionedparcelable:versionedparcelable:1.1.1) with AarTransform
Transforming interpolator-1.0.0.aar (androidx.interpolator:interpolator:1.0.0) with JetifyTransform
Transforming interpolator-1.0.0.aar (androidx.interpolator:interpolator:1.0.0) with ExtractAarTransform
Transforming interpolator-1.0.0.aar (androidx.interpolator:interpolator:1.0.0) with AarTransform
Transforming core-runtime-2.2.0.aar (androidx.arch.core:core-runtime:2.2.0) with JetifyTransform
Transforming core-runtime-2.2.0.aar (androidx.arch.core:core-runtime:2.2.0) with ExtractAarTransform
Transforming core-runtime-2.2.0.aar (androidx.arch.core:core-runtime:2.2.0) with AarTransform
Transforming profileinstaller-1.3.0.aar (androidx.profileinstaller:profileinstaller:1.3.0) with JetifyTransform
Transforming profileinstaller-1.3.0.aar (androidx.profileinstaller:profileinstaller:1.3.0) with ExtractAarTransform
Transforming profileinstaller-1.3.0.aar (androidx.profileinstaller:profileinstaller:1.3.0) with AarTransform
Transforming startup-runtime-1.1.1.aar (androidx.startup:startup-runtime:1.1.1) with JetifyTransform
Transforming startup-runtime-1.1.1.aar (androidx.startup:startup-runtime:1.1.1) with ExtractAarTransform
Transforming startup-runtime-1.1.1.aar (androidx.startup:startup-runtime:1.1.1) with AarTransform
Transforming tracing-1.0.0.aar (androidx.tracing:tracing:1.0.0) with JetifyTransform
Transforming tracing-1.0.0.aar (androidx.tracing:tracing:1.0.0) with ExtractAarTransform
Transforming tracing-1.0.0.aar (androidx.tracing:tracing:1.0.0) with AarTransform
Caching disabled for task ':core:mergeDebugAssets' because:
  Build cache is disabled
  Simple merging task
Skipping task ':core:mergeDebugAssets' as it is up-to-date.
Resolve mutations for :core:generateDebugUnitTestAssets (Thread[#435,Execution worker,5,main]) started.
:core:generateDebugUnitTestAssets (Thread[#435,Execution worker,5,main]) started.

> Task :core:generateDebugUnitTestAssets UP-TO-DATE
Skipping task ':core:generateDebugUnitTestAssets' as it has no actions.
Resolve mutations for :core:packageDebugAssets (Thread[#435,Execution worker,5,main]) started.
:core:packageDebugAssets (Thread[#435,Execution worker,5,main]) started.

> Task :core:packageDebugAssets UP-TO-DATE
Caching disabled for task ':core:packageDebugAssets' because:
  Build cache is disabled
  Simple merging task
Skipping task ':core:packageDebugAssets' as it is up-to-date.
work action resolve out (project :core) (Thread[#435,Execution worker,5,main]) started.
Resolve mutations for :core:mergeDebugUnitTestAssets (Thread[#435,Execution worker,5,main]) started.
:core:mergeDebugUnitTestAssets (Thread[#435,Execution worker,5,main]) started.

> Task :core:mergeDebugUnitTestAssets UP-TO-DATE
Transforming espresso-intents-3.5.1.aar (androidx.test.espresso:espresso-intents:3.5.1) with JetifyTransform
Transforming espresso-intents-3.5.1.aar (androidx.test.espresso:espresso-intents:3.5.1) with ExtractAarTransform
Transforming espresso-intents-3.5.1.aar (androidx.test.espresso:espresso-intents:3.5.1) with AarTransform
Transforming rules-1.5.0.aar (androidx.test:rules:1.5.0) with JetifyTransform
Transforming rules-1.5.0.aar (androidx.test:rules:1.5.0) with ExtractAarTransform
Transforming rules-1.5.0.aar (androidx.test:rules:1.5.0) with AarTransform
Transforming espresso-core-3.5.1.aar (androidx.test.espresso:espresso-core:3.5.1) with JetifyTransform
Transforming espresso-core-3.5.1.aar (androidx.test.espresso:espresso-core:3.5.1) with ExtractAarTransform
Transforming espresso-core-3.5.1.aar (androidx.test.espresso:espresso-core:3.5.1) with AarTransform
Transforming runner-1.5.2.aar (androidx.test:runner:1.5.2) with JetifyTransform
Transforming runner-1.5.2.aar (androidx.test:runner:1.5.2) with ExtractAarTransform
Transforming runner-1.5.2.aar (androidx.test:runner:1.5.2) with AarTransform
Transforming junit-ktx-1.1.5.aar (androidx.test.ext:junit-ktx:1.1.5) with JetifyTransform
Transforming junit-ktx-1.1.5.aar (androidx.test.ext:junit-ktx:1.1.5) with ExtractAarTransform
Transforming junit-ktx-1.1.5.aar (androidx.test.ext:junit-ktx:1.1.5) with AarTransform
Transforming junit-1.1.5.aar (androidx.test.ext:junit:1.1.5) with JetifyTransform
Transforming junit-1.1.5.aar (androidx.test.ext:junit:1.1.5) with ExtractAarTransform
Transforming junit-1.1.5.aar (androidx.test.ext:junit:1.1.5) with AarTransform
Transforming core-ktx-1.5.0.aar (androidx.test:core-ktx:1.5.0) with JetifyTransform
Transforming core-ktx-1.5.0.aar (androidx.test:core-ktx:1.5.0) with ExtractAarTransform
Transforming core-ktx-1.5.0.aar (androidx.test:core-ktx:1.5.0) with AarTransform
Transforming core-1.5.0.aar (androidx.test:core:1.5.0) with JetifyTransform
Transforming core-1.5.0.aar (androidx.test:core:1.5.0) with ExtractAarTransform
Transforming core-1.5.0.aar (androidx.test:core:1.5.0) with AarTransform
Transforming storage-1.4.2.aar (androidx.test.services:storage:1.4.2) with JetifyTransform
Transforming storage-1.4.2.aar (androidx.test.services:storage:1.4.2) with ExtractAarTransform
Transforming storage-1.4.2.aar (androidx.test.services:storage:1.4.2) with AarTransform
Transforming monitor-1.6.1.aar (androidx.test:monitor:1.6.1) with JetifyTransform
Transforming monitor-1.6.1.aar (androidx.test:monitor:1.6.1) with ExtractAarTransform
Transforming monitor-1.6.1.aar (androidx.test:monitor:1.6.1) with AarTransform
Transforming monitor-1.6.1.aar (androidx.test:monitor:1.6.1) with JetifyTransform
Transforming monitor-1.6.1.aar (androidx.test:monitor:1.6.1) with ExtractAarTransform
Transforming monitor-1.6.1.aar (androidx.test:monitor:1.6.1) with AarTransform
Transforming annotation-1.0.1.aar (androidx.test:annotation:1.0.1) with JetifyTransform
Transforming annotation-1.0.1.aar (androidx.test:annotation:1.0.1) with ExtractAarTransform
Transforming annotation-1.0.1.aar (androidx.test:annotation:1.0.1) with AarTransform
Transforming espresso-idling-resource-3.5.1.aar (androidx.test.espresso:espresso-idling-resource:3.5.1) with JetifyTransform
Transforming espresso-idling-resource-3.5.1.aar (androidx.test.espresso:espresso-idling-resource:3.5.1) with ExtractAarTransform
Transforming espresso-idling-resource-3.5.1.aar (androidx.test.espresso:espresso-idling-resource:3.5.1) with AarTransform
Transforming espresso-idling-resource-3.5.1.aar (androidx.test.espresso:espresso-idling-resource:3.5.1) with JetifyTransform
Transforming espresso-idling-resource-3.5.1.aar (androidx.test.espresso:espresso-idling-resource:3.5.1) with ExtractAarTransform
Transforming espresso-idling-resource-3.5.1.aar (androidx.test.espresso:espresso-idling-resource:3.5.1) with AarTransform
Caching disabled for task ':core:mergeDebugUnitTestAssets' because:
  Build cache is disabled
  Simple merging task
Skipping task ':core:mergeDebugUnitTestAssets' as it is up-to-date.
Resolve mutations for :core:packageDebugUnitTestForUnitTest (Thread[#435,Execution worker,5,main]) started.
:core:packageDebugUnitTestForUnitTest (Thread[#435,Execution worker,5,main]) started.

> Task :core:packageDebugUnitTestForUnitTest UP-TO-DATE
Caching disabled for task ':core:packageDebugUnitTestForUnitTest' because:
  Build cache is disabled
  Simple merging task
Skipping task ':core:packageDebugUnitTestForUnitTest' as it is up-to-date.
Resolve mutations for :core:generateDebugUnitTestConfig (Thread[#435,Execution worker,5,main]) started.
:core:generateDebugUnitTestConfig (Thread[#435,Execution worker,5,main]) started.

> Task :core:generateDebugUnitTestConfig UP-TO-DATE
Caching disabled for task ':core:generateDebugUnitTestConfig' because:
  Build cache is disabled
  Caching has been disabled for the task
Skipping task ':core:generateDebugUnitTestConfig' as it is up-to-date.
Resolve mutations for :core:processDebugJavaRes (Thread[#435,Execution worker,5,main]) started.
:core:processDebugJavaRes (Thread[#435,Execution worker,5,main]) started.

> Task :core:processDebugJavaRes UP-TO-DATE
file or directory '/app/core/src/main/resources', not found
file or directory '/app/core/src/debug/resources', not found
file or directory '/app/core/src/main/resources', not found
file or directory '/app/core/src/debug/resources', not found
Caching disabled for task ':core:processDebugJavaRes' because:
  Build cache is disabled
  Caching has been disabled for the task
Skipping task ':core:processDebugJavaRes' as it is up-to-date.
work action resolve out (project :core) (Thread[#435,Execution worker,5,main]) started.
Resolve mutations for :core:processDebugUnitTestJavaRes (Thread[#435,Execution worker,5,main]) started.
:core:processDebugUnitTestJavaRes (Thread[#435,Execution worker,5,main]) started.

> Task :core:processDebugUnitTestJavaRes UP-TO-DATE
file or directory '/app/core/src/test/resources', not found
file or directory '/app/core/src/testDebug/resources', not found
file or directory '/app/core/src/test/resources', not found
file or directory '/app/core/src/testDebug/resources', not found
Caching disabled for task ':core:processDebugUnitTestJavaRes' because:
  Build cache is disabled
  Caching has been disabled for the task
Skipping task ':core:processDebugUnitTestJavaRes' as it is up-to-date.
Resolve mutations for :core:testDebugUnitTest (Thread[#435,Execution worker,5,main]) started.
:core:testDebugUnitTest (Thread[#435,Execution worker,5,main]) started.

> Task :core:testDebugUnitTest UP-TO-DATE
Transforming espresso-intents-3.5.1.aar (androidx.test.espresso:espresso-intents:3.5.1) with JetifyTransform
Transforming espresso-intents-3.5.1.aar (androidx.test.espresso:espresso-intents:3.5.1) with AarToClassTransform
Transforming rules-1.5.0.aar (androidx.test:rules:1.5.0) with JetifyTransform
Transforming rules-1.5.0.aar (androidx.test:rules:1.5.0) with AarToClassTransform
Transforming espresso-core-3.5.1.aar (androidx.test.espresso:espresso-core:3.5.1) with JetifyTransform
Transforming espresso-core-3.5.1.aar (androidx.test.espresso:espresso-core:3.5.1) with AarToClassTransform
Transforming runner-1.5.2.aar (androidx.test:runner:1.5.2) with JetifyTransform
Transforming runner-1.5.2.aar (androidx.test:runner:1.5.2) with AarToClassTransform
Transforming junit-ktx-1.1.5.aar (androidx.test.ext:junit-ktx:1.1.5) with JetifyTransform
Transforming junit-ktx-1.1.5.aar (androidx.test.ext:junit-ktx:1.1.5) with AarToClassTransform
Transforming junit-1.1.5.aar (androidx.test.ext:junit:1.1.5) with JetifyTransform
Transforming junit-1.1.5.aar (androidx.test.ext:junit:1.1.5) with AarToClassTransform
Transforming mockk-jvm-1.13.10.jar (io.mockk:mockk-jvm:1.13.10) with JetifyTransform
Transforming mockk-jvm-1.13.10.jar (io.mockk:mockk-jvm:1.13.10) with IdentityTransform
Transforming junit-4.13.2.jar (junit:junit:4.13.2) with JetifyTransform
Transforming junit-4.13.2.jar (junit:junit:4.13.2) with IdentityTransform
Transforming robolectric-4.12.2.jar (org.robolectric:robolectric:4.12.2) with JetifyTransform
Transforming robolectric-4.12.2.jar (org.robolectric:robolectric:4.12.2) with IdentityTransform
Transforming core-ktx-1.5.0.aar (androidx.test:core-ktx:1.5.0) with JetifyTransform
Transforming core-ktx-1.5.0.aar (androidx.test:core-ktx:1.5.0) with AarToClassTransform
Transforming kotlinx-coroutines-test-jvm-1.7.3.jar (org.jetbrains.kotlinx:kotlinx-coroutines-test-jvm:1.7.3) with JetifyTransform
Transforming kotlinx-coroutines-test-jvm-1.7.3.jar (org.jetbrains.kotlinx:kotlinx-coroutines-test-jvm:1.7.3) with IdentityTransform
Transforming ktor-client-mock-jvm-2.3.10.jar (io.ktor:ktor-client-mock-jvm:2.3.10) with JetifyTransform
Transforming ktor-client-mock-jvm-2.3.10.jar (io.ktor:ktor-client-mock-jvm:2.3.10) with IdentityTransform
Transforming ktor-client-okhttp-jvm-2.3.10.jar (io.ktor:ktor-client-okhttp-jvm:2.3.10) with JetifyTransform
Transforming ktor-client-okhttp-jvm-2.3.10.jar (io.ktor:ktor-client-okhttp-jvm:2.3.10) with IdentityTransform
Transforming ktor-client-content-negotiation-jvm-2.3.10.jar (io.ktor:ktor-client-content-negotiation-jvm:2.3.10) with JetifyTransform
Transforming ktor-client-content-negotiation-jvm-2.3.10.jar (io.ktor:ktor-client-content-negotiation-jvm:2.3.10) with IdentityTransform
Transforming ktor-client-core-jvm-2.3.10.jar (io.ktor:ktor-client-core-jvm:2.3.10) with JetifyTransform
Transforming ktor-client-core-jvm-2.3.10.jar (io.ktor:ktor-client-core-jvm:2.3.10) with IdentityTransform
Transforming ktor-serialization-kotlinx-json-jvm-2.3.10.jar (io.ktor:ktor-serialization-kotlinx-json-jvm:2.3.10) with JetifyTransform
Transforming ktor-serialization-kotlinx-json-jvm-2.3.10.jar (io.ktor:ktor-serialization-kotlinx-json-jvm:2.3.10) with IdentityTransform
Transforming ktor-events-jvm-2.3.10.jar (io.ktor:ktor-events-jvm:2.3.10) with JetifyTransform
Transforming ktor-events-jvm-2.3.10.jar (io.ktor:ktor-events-jvm:2.3.10) with IdentityTransform
Transforming ktor-websocket-serialization-jvm-2.3.10.jar (io.ktor:ktor-websocket-serialization-jvm:2.3.10) with JetifyTransform
Transforming ktor-websocket-serialization-jvm-2.3.10.jar (io.ktor:ktor-websocket-serialization-jvm:2.3.10) with IdentityTransform
Transforming ktor-serialization-kotlinx-jvm-2.3.10.jar (io.ktor:ktor-serialization-kotlinx-jvm:2.3.10) with JetifyTransform
Transforming ktor-serialization-kotlinx-jvm-2.3.10.jar (io.ktor:ktor-serialization-kotlinx-jvm:2.3.10) with IdentityTransform
Transforming ktor-serialization-jvm-2.3.10.jar (io.ktor:ktor-serialization-jvm:2.3.10) with JetifyTransform
Transforming ktor-serialization-jvm-2.3.10.jar (io.ktor:ktor-serialization-jvm:2.3.10) with IdentityTransform
Transforming ktor-websockets-jvm-2.3.10.jar (io.ktor:ktor-websockets-jvm:2.3.10) with JetifyTransform
Transforming ktor-websockets-jvm-2.3.10.jar (io.ktor:ktor-websockets-jvm:2.3.10) with IdentityTransform
Transforming ktor-http-jvm-2.3.10.jar (io.ktor:ktor-http-jvm:2.3.10) with JetifyTransform
Transforming ktor-http-jvm-2.3.10.jar (io.ktor:ktor-http-jvm:2.3.10) with IdentityTransform
Transforming ktor-utils-jvm-2.3.10.jar (io.ktor:ktor-utils-jvm:2.3.10) with JetifyTransform
Transforming ktor-utils-jvm-2.3.10.jar (io.ktor:ktor-utils-jvm:2.3.10) with IdentityTransform
Transforming ktor-io-jvm-2.3.10.jar (io.ktor:ktor-io-jvm:2.3.10) with JetifyTransform
Transforming ktor-io-jvm-2.3.10.jar (io.ktor:ktor-io-jvm:2.3.10) with IdentityTransform
Transforming kotlinx-coroutines-jdk8-1.7.3.jar (org.jetbrains.kotlinx:kotlinx-coroutines-jdk8:1.7.3) with JetifyTransform
Transforming kotlinx-coroutines-jdk8-1.7.3.jar (org.jetbrains.kotlinx:kotlinx-coroutines-jdk8:1.7.3) with IdentityTransform
Transforming mockk-dsl-jvm-1.13.10.jar (io.mockk:mockk-dsl-jvm:1.13.10) with JetifyTransform
Transforming mockk-dsl-jvm-1.13.10.jar (io.mockk:mockk-dsl-jvm:1.13.10) with IdentityTransform
Transforming core-1.5.0.aar (androidx.test:core:1.5.0) with JetifyTransform
Transforming core-1.5.0.aar (androidx.test:core:1.5.0) with AarToClassTransform
Transforming core-ktx-1.13.1.aar (androidx.core:core-ktx:1.13.1) with JetifyTransform
Transforming core-ktx-1.13.1.aar (androidx.core:core-ktx:1.13.1) with AarToClassTransform
Transforming core-1.13.1.aar (androidx.core:core:1.13.1) with JetifyTransform
Transforming core-1.13.1.aar (androidx.core:core:1.13.1) with AarToClassTransform
Transforming lifecycle-runtime-2.6.2.aar (androidx.lifecycle:lifecycle-runtime:2.6.2) with JetifyTransform
Transforming lifecycle-runtime-2.6.2.aar (androidx.lifecycle:lifecycle-runtime:2.6.2) with AarToClassTransform
Transforming lifecycle-common-2.6.2.jar (androidx.lifecycle:lifecycle-common:2.6.2) with JetifyTransform
Transforming lifecycle-common-2.6.2.jar (androidx.lifecycle:lifecycle-common:2.6.2) with IdentityTransform
Transforming kotlinx-coroutines-android-1.7.3.jar (org.jetbrains.kotlinx:kotlinx-coroutines-android:1.7.3) with JetifyTransform
Transforming kotlinx-coroutines-android-1.7.3.jar (org.jetbrains.kotlinx:kotlinx-coroutines-android:1.7.3) with IdentityTransform
Transforming kotlinx-coroutines-slf4j-1.7.3.jar (org.jetbrains.kotlinx:kotlinx-coroutines-slf4j:1.7.3) with JetifyTransform
Transforming kotlinx-coroutines-slf4j-1.7.3.jar (org.jetbrains.kotlinx:kotlinx-coroutines-slf4j:1.7.3) with IdentityTransform
Transforming kotlinx-coroutines-core-jvm-1.7.3.jar (org.jetbrains.kotlinx:kotlinx-coroutines-core-jvm:1.7.3) with JetifyTransform
Transforming kotlinx-coroutines-core-jvm-1.7.3.jar (org.jetbrains.kotlinx:kotlinx-coroutines-core-jvm:1.7.3) with IdentityTransform
Transforming shadows-framework-4.12.2.jar (org.robolectric:shadows-framework:4.12.2) with JetifyTransform
Transforming shadows-framework-4.12.2.jar (org.robolectric:shadows-framework:4.12.2) with IdentityTransform
Transforming storage-1.4.2.aar (androidx.test.services:storage:1.4.2) with JetifyTransform
Transforming storage-1.4.2.aar (androidx.test.services:storage:1.4.2) with AarToClassTransform
Transforming monitor-1.6.1.aar (androidx.test:monitor:1.6.1) with JetifyTransform
Transforming monitor-1.6.1.aar (androidx.test:monitor:1.6.1) with AarToClassTransform
Transforming monitor-1.6.1.aar (androidx.test:monitor:1.6.1) with JetifyTransform
Transforming monitor-1.6.1.aar (androidx.test:monitor:1.6.1) with AarToClassTransform
Transforming annotation-1.0.1.aar (androidx.test:annotation:1.0.1) with JetifyTransform
Transforming annotation-1.0.1.aar (androidx.test:annotation:1.0.1) with AarToClassTransform
Transforming annotation-experimental-1.4.0.aar (androidx.annotation:annotation-experimental:1.4.0) with JetifyTransform
Transforming annotation-experimental-1.4.0.aar (androidx.annotation:annotation-experimental:1.4.0) with AarToClassTransform
Transforming kotlinx-serialization-core-jvm-1.5.1.jar (org.jetbrains.kotlinx:kotlinx-serialization-core-jvm:1.5.1) with JetifyTransform
Transforming kotlinx-serialization-core-jvm-1.5.1.jar (org.jetbrains.kotlinx:kotlinx-serialization-core-jvm:1.5.1) with IdentityTransform
Transforming kotlinx-serialization-json-jvm-1.5.1.jar (org.jetbrains.kotlinx:kotlinx-serialization-json-jvm:1.5.1) with JetifyTransform
Transforming kotlinx-serialization-json-jvm-1.5.1.jar (org.jetbrains.kotlinx:kotlinx-serialization-json-jvm:1.5.1) with IdentityTransform
Transforming mockk-agent-jvm-1.13.10.jar (io.mockk:mockk-agent-jvm:1.13.10) with JetifyTransform
Transforming mockk-agent-jvm-1.13.10.jar (io.mockk:mockk-agent-jvm:1.13.10) with IdentityTransform
Transforming mockk-agent-api-jvm-1.13.10.jar (io.mockk:mockk-agent-api-jvm:1.13.10) with JetifyTransform
Transforming mockk-agent-api-jvm-1.13.10.jar (io.mockk:mockk-agent-api-jvm:1.13.10) with IdentityTransform
Transforming mockk-core-jvm-1.13.10.jar (io.mockk:mockk-core-jvm:1.13.10) with JetifyTransform
Transforming mockk-core-jvm-1.13.10.jar (io.mockk:mockk-core-jvm:1.13.10) with IdentityTransform
Transforming okhttp-4.12.0.jar (com.squareup.okhttp3:okhttp:4.12.0) with JetifyTransform
Transforming okhttp-4.12.0.jar (com.squareup.okhttp3:okhttp:4.12.0) with IdentityTransform
Transforming kotlin-stdlib-jdk8-1.9.10.jar (org.jetbrains.kotlin:kotlin-stdlib-jdk8:1.9.10) with JetifyTransform
Transforming kotlin-stdlib-jdk8-1.9.10.jar (org.jetbrains.kotlin:kotlin-stdlib-jdk8:1.9.10) with IdentityTransform
Transforming documentfile-1.0.1.aar (androidx.documentfile:documentfile:1.0.1) with JetifyTransform
Transforming kotlin-reflect-1.9.10.jar (org.jetbrains.kotlin:kotlin-reflect:1.9.10) with JetifyTransform
Transforming kotlin-reflect-1.9.10.jar (org.jetbrains.kotlin:kotlin-reflect:1.9.10) with IdentityTransform
Transforming documentfile-1.0.1.aar (androidx.documentfile:documentfile:1.0.1) with AarToClassTransform
Transforming profileinstaller-1.3.0.aar (androidx.profileinstaller:profileinstaller:1.3.0) with JetifyTransform
Transforming profileinstaller-1.3.0.aar (androidx.profileinstaller:profileinstaller:1.3.0) with AarToClassTransform
Transforming startup-runtime-1.1.1.aar (androidx.startup:startup-runtime:1.1.1) with JetifyTransform
Transforming startup-runtime-1.1.1.aar (androidx.startup:startup-runtime:1.1.1) with AarToClassTransform
Transforming tracing-1.0.0.aar (androidx.tracing:tracing:1.0.0) with JetifyTransform
Transforming tracing-1.0.0.aar (androidx.tracing:tracing:1.0.0) with AarToClassTransform
Transforming concurrent-futures-1.1.0.jar (androidx.concurrent:concurrent-futures:1.1.0) with JetifyTransform
Transforming concurrent-futures-1.1.0.jar (androidx.concurrent:concurrent-futures:1.1.0) with IdentityTransform
Transforming versionedparcelable-1.1.1.aar (androidx.versionedparcelable:versionedparcelable:1.1.1) with JetifyTransform
Transforming versionedparcelable-1.1.1.aar (androidx.versionedparcelable:versionedparcelable:1.1.1) with AarToClassTransform
Transforming collection-1.0.0.jar (androidx.collection:collection:1.0.0) with JetifyTransform
Transforming collection-1.0.0.jar (androidx.collection:collection:1.0.0) with IdentityTransform
Transforming interpolator-1.0.0.aar (androidx.interpolator:interpolator:1.0.0) with JetifyTransform
Transforming interpolator-1.0.0.aar (androidx.interpolator:interpolator:1.0.0) with AarToClassTransform
Transforming core-runtime-2.2.0.aar (androidx.arch.core:core-runtime:2.2.0) with JetifyTransform
Transforming core-runtime-2.2.0.aar (androidx.arch.core:core-runtime:2.2.0) with AarToClassTransform
Transforming core-common-2.2.0.jar (androidx.arch.core:core-common:2.2.0) with JetifyTransform
Transforming core-common-2.2.0.jar (androidx.arch.core:core-common:2.2.0) with IdentityTransform
Transforming annotation-jvm-1.6.0.jar (androidx.annotation:annotation-jvm:1.6.0) with JetifyTransform
Transforming annotation-jvm-1.6.0.jar (androidx.annotation:annotation-jvm:1.6.0) with IdentityTransform
Transforming okio-jvm-3.7.0.jar (com.squareup.okio:okio-jvm:3.7.0) with JetifyTransform
Transforming okio-jvm-3.7.0.jar (com.squareup.okio:okio-jvm:3.7.0) with IdentityTransform
Transforming kotlin-stdlib-jdk7-1.9.10.jar (org.jetbrains.kotlin:kotlin-stdlib-jdk7:1.9.10) with JetifyTransform
Transforming kotlin-stdlib-jdk7-1.9.10.jar (org.jetbrains.kotlin:kotlin-stdlib-jdk7:1.9.10) with IdentityTransform
Transforming kotlin-stdlib-1.9.23.jar (org.jetbrains.kotlin:kotlin-stdlib:1.9.23) with JetifyTransform
Transforming kotlin-stdlib-1.9.23.jar (org.jetbrains.kotlin:kotlin-stdlib:1.9.23) with IdentityTransform
Transforming jsoup-1.17.2.jar (org.jsoup:jsoup:1.17.2) with JetifyTransform
Transforming jsoup-1.17.2.jar (org.jsoup:jsoup:1.17.2) with IdentityTransform
Transforming jaudiotagger-3.0.1.jar (net.jthink:jaudiotagger:3.0.1) with JetifyTransform
Transforming jaudiotagger-3.0.1.jar (net.jthink:jaudiotagger:3.0.1) with IdentityTransform
Transforming hamcrest-integration-1.3.jar (org.hamcrest:hamcrest-integration:1.3) with JetifyTransform
Transforming hamcrest-integration-1.3.jar (org.hamcrest:hamcrest-integration:1.3) with IdentityTransform
Transforming hamcrest-library-1.3.jar (org.hamcrest:hamcrest-library:1.3) with JetifyTransform
Transforming hamcrest-library-1.3.jar (org.hamcrest:hamcrest-library:1.3) with IdentityTransform
Transforming hamcrest-core-1.3.jar (org.hamcrest:hamcrest-core:1.3) with JetifyTransform
Transforming hamcrest-core-1.3.jar (org.hamcrest:hamcrest-core:1.3) with IdentityTransform
Transforming espresso-idling-resource-3.5.1.aar (androidx.test.espresso:espresso-idling-resource:3.5.1) with JetifyTransform
Transforming espresso-idling-resource-3.5.1.aar (androidx.test.espresso:espresso-idling-resource:3.5.1) with AarToClassTransform
Transforming espresso-idling-resource-3.5.1.aar (androidx.test.espresso:espresso-idling-resource:3.5.1) with JetifyTransform
Transforming espresso-idling-resource-3.5.1.aar (androidx.test.espresso:espresso-idling-resource:3.5.1) with AarToClassTransform
Transforming junit-4.12.2.jar (org.robolectric:junit:4.12.2) with JetifyTransform
Transforming junit-4.12.2.jar (org.robolectric:junit:4.12.2) with IdentityTransform
Transforming resources-4.12.2.jar (org.robolectric:resources:4.12.2) with JetifyTransform
Transforming resources-4.12.2.jar (org.robolectric:resources:4.12.2) with IdentityTransform
Transforming sandbox-4.12.2.jar (org.robolectric:sandbox:4.12.2) with JetifyTransform
Transforming sandbox-4.12.2.jar (org.robolectric:sandbox:4.12.2) with IdentityTransform
Transforming nativeruntime-4.12.2.jar (org.robolectric:nativeruntime:4.12.2) with JetifyTransform
Transforming nativeruntime-4.12.2.jar (org.robolectric:nativeruntime:4.12.2) with IdentityTransform
Transforming utils-reflector-4.12.2.jar (org.robolectric:utils-reflector:4.12.2) with JetifyTransform
Transforming utils-reflector-4.12.2.jar (org.robolectric:utils-reflector:4.12.2) with IdentityTransform
Transforming plugins-maven-dependency-resolver-4.12.2.jar (org.robolectric:plugins-maven-dependency-resolver:4.12.2) with JetifyTransform
Transforming plugins-maven-dependency-resolver-4.12.2.jar (org.robolectric:plugins-maven-dependency-resolver:4.12.2) with IdentityTransform
Transforming shadows-versioning-4.12.2.jar (org.robolectric:shadows-versioning:4.12.2) with JetifyTransform
Transforming shadows-versioning-4.12.2.jar (org.robolectric:shadows-versioning:4.12.2) with IdentityTransform
Transforming shadowapi-4.12.2.jar (org.robolectric:shadowapi:4.12.2) with JetifyTransform
Transforming shadowapi-4.12.2.jar (org.robolectric:shadowapi:4.12.2) with IdentityTransform
Transforming utils-4.12.2.jar (org.robolectric:utils:4.12.2) with JetifyTransform
Transforming utils-4.12.2.jar (org.robolectric:utils:4.12.2) with IdentityTransform
Transforming pluginapi-4.12.2.jar (org.robolectric:pluginapi:4.12.2) with JetifyTransform
Transforming pluginapi-4.12.2.jar (org.robolectric:pluginapi:4.12.2) with IdentityTransform
Transforming annotations-4.12.2.jar (org.robolectric:annotations:4.12.2) with JetifyTransform
Transforming annotations-4.12.2.jar (org.robolectric:annotations:4.12.2) with IdentityTransform
Transforming javax.inject-1.jar (javax.inject:javax.inject:1) with JetifyTransform
Transforming javax.inject-1.jar (javax.inject:javax.inject:1) with IdentityTransform
Transforming javax.annotation-api-1.3.2.jar (javax.annotation:javax.annotation-api:1.3.2) with JetifyTransform
Transforming javax.annotation-api-1.3.2.jar (javax.annotation:javax.annotation-api:1.3.2) with IdentityTransform
Transforming bcprov-jdk18on-1.77.jar (org.bouncycastle:bcprov-jdk18on:1.77) with JetifyTransform
Transforming bcprov-jdk18on-1.77.jar (org.bouncycastle:bcprov-jdk18on:1.77) with IdentityTransform
Transforming javawriter-2.1.1.jar (com.squareup:javawriter:2.1.1) with JetifyTransform
Transforming javawriter-2.1.1.jar (com.squareup:javawriter:2.1.1) with IdentityTransform
Transforming guava-31.1-jre.jar (com.google.guava:guava:31.1-jre) with JetifyTransform
Transforming guava-31.1-jre.jar (com.google.guava:guava:31.1-jre) with IdentityTransform
Transforming jsr305-3.0.2.jar (com.google.code.findbugs:jsr305:3.0.2) with JetifyTransform
Transforming jsr305-3.0.2.jar (com.google.code.findbugs:jsr305:3.0.2) with IdentityTransform
Transforming annotations-23.0.0.jar (org.jetbrains:annotations:23.0.0) with JetifyTransform
Transforming annotations-23.0.0.jar (org.jetbrains:annotations:23.0.0) with IdentityTransform
Transforming slf4j-api-1.7.36.jar (org.slf4j:slf4j-api:1.7.36) with JetifyTransform
Transforming slf4j-api-1.7.36.jar (org.slf4j:slf4j-api:1.7.36) with IdentityTransform
Transforming auto-value-annotations-1.10.4.jar (com.google.auto.value:auto-value-annotations:1.10.4) with JetifyTransform
Transforming auto-value-annotations-1.10.4.jar (com.google.auto.value:auto-value-annotations:1.10.4) with IdentityTransform
Transforming asm-commons-9.7.jar (org.ow2.asm:asm-commons:9.7) with JetifyTransform
Transforming asm-commons-9.7.jar (org.ow2.asm:asm-commons:9.7) with IdentityTransform
Transforming asm-util-9.7.jar (org.ow2.asm:asm-util:9.7) with JetifyTransform
Transforming asm-util-9.7.jar (org.ow2.asm:asm-util:9.7) with IdentityTransform
Transforming asm-analysis-9.7.jar (org.ow2.asm:asm-analysis:9.7) with JetifyTransform
Transforming asm-analysis-9.7.jar (org.ow2.asm:asm-analysis:9.7) with IdentityTransform
Transforming asm-tree-9.7.jar (org.ow2.asm:asm-tree:9.7) with JetifyTransform
Transforming asm-tree-9.7.jar (org.ow2.asm:asm-tree:9.7) with IdentityTransform
Transforming asm-9.7.jar (org.ow2.asm:asm:9.7) with JetifyTransform
Transforming asm-9.7.jar (org.ow2.asm:asm:9.7) with IdentityTransform
Transforming sqlite4java-1.0.392.jar (com.almworks.sqlite4java:sqlite4java:1.0.392) with JetifyTransform
Transforming sqlite4java-1.0.392.jar (com.almworks.sqlite4java:sqlite4java:1.0.392) with IdentityTransform
Transforming icu4j-74.2.jar (com.ibm.icu:icu4j:74.2) with JetifyTransform
Transforming icu4j-74.2.jar (com.ibm.icu:icu4j:74.2) with IdentityTransform
Transforming listenablefuture-9999.0-empty-to-avoid-conflict-with-guava.jar (com.google.guava:listenablefuture:9999.0-empty-to-avoid-conflict-with-guava) with JetifyTransform
Transforming listenablefuture-9999.0-empty-to-avoid-conflict-with-guava.jar (com.google.guava:listenablefuture:9999.0-empty-to-avoid-conflict-with-guava) with IdentityTransform
Transforming failureaccess-1.0.1.jar (com.google.guava:failureaccess:1.0.1) with JetifyTransform
Transforming failureaccess-1.0.1.jar (com.google.guava:failureaccess:1.0.1) with IdentityTransform
Transforming checker-qual-3.12.0.jar (org.checkerframework:checker-qual:3.12.0) with JetifyTransform
Transforming checker-qual-3.12.0.jar (org.checkerframework:checker-qual:3.12.0) with IdentityTransform
Transforming error_prone_annotations-2.11.0.jar (com.google.errorprone:error_prone_annotations:2.11.0) with JetifyTransform
Transforming error_prone_annotations-2.11.0.jar (com.google.errorprone:error_prone_annotations:2.11.0) with IdentityTransform
Transforming j2objc-annotations-1.3.jar (com.google.j2objc:j2objc-annotations:1.3) with JetifyTransform
Transforming j2objc-annotations-1.3.jar (com.google.j2objc:j2objc-annotations:1.3) with IdentityTransform
Transforming objenesis-3.3.jar (org.objenesis:objenesis:3.3) with JetifyTransform
Transforming objenesis-3.3.jar (org.objenesis:objenesis:3.3) with IdentityTransform
Transforming byte-buddy-1.14.6.jar (net.bytebuddy:byte-buddy:1.14.6) with JetifyTransform
Transforming byte-buddy-1.14.6.jar (net.bytebuddy:byte-buddy:1.14.6) with IdentityTransform
Transforming byte-buddy-agent-1.14.6.jar (net.bytebuddy:byte-buddy-agent:1.14.6) with JetifyTransform
Transforming byte-buddy-agent-1.14.6.jar (net.bytebuddy:byte-buddy-agent:1.14.6) with IdentityTransform
Transforming conscrypt-openjdk-uber-2.5.2.jar (org.conscrypt:conscrypt-openjdk-uber:2.5.2) with JetifyTransform
Transforming conscrypt-openjdk-uber-2.5.2.jar (org.conscrypt:conscrypt-openjdk-uber:2.5.2) with IdentityTransform
Transforming error_prone_annotation-2.19.1.jar (com.google.errorprone:error_prone_annotation:2.19.1) with JetifyTransform
Transforming error_prone_annotation-2.19.1.jar (com.google.errorprone:error_prone_annotation:2.19.1) with IdentityTransform
Transforming junit-jupiter-params-5.8.2.jar (org.junit.jupiter:junit-jupiter-params:5.8.2) with JetifyTransform
Transforming junit-jupiter-params-5.8.2.jar (org.junit.jupiter:junit-jupiter-params:5.8.2) with IdentityTransform
Transforming junit-jupiter-engine-5.8.2.jar (org.junit.jupiter:junit-jupiter-engine:5.8.2) with JetifyTransform
Transforming junit-jupiter-engine-5.8.2.jar (org.junit.jupiter:junit-jupiter-engine:5.8.2) with IdentityTransform
Transforming junit-jupiter-api-5.8.2.jar (org.junit.jupiter:junit-jupiter-api:5.8.2) with JetifyTransform
Transforming junit-jupiter-api-5.8.2.jar (org.junit.jupiter:junit-jupiter-api:5.8.2) with IdentityTransform
Transforming junit-platform-engine-1.8.2.jar (org.junit.platform:junit-platform-engine:1.8.2) with JetifyTransform
Transforming junit-platform-engine-1.8.2.jar (org.junit.platform:junit-platform-engine:1.8.2) with IdentityTransform
Transforming junit-platform-commons-1.8.2.jar (org.junit.platform:junit-platform-commons:1.8.2) with JetifyTransform
Transforming junit-platform-commons-1.8.2.jar (org.junit.platform:junit-platform-commons:1.8.2) with IdentityTransform
Transforming junit-jupiter-5.8.2.jar (org.junit.jupiter:junit-jupiter:5.8.2) with JetifyTransform
Transforming junit-jupiter-5.8.2.jar (org.junit.jupiter:junit-jupiter:5.8.2) with IdentityTransform
Transforming nativeruntime-dist-compat-1.0.10.jar (org.robolectric:nativeruntime-dist-compat:1.0.10) with JetifyTransform
Transforming nativeruntime-dist-compat-1.0.10.jar (org.robolectric:nativeruntime-dist-compat:1.0.10) with IdentityTransform
Transforming opentest4j-1.2.0.jar (org.opentest4j:opentest4j:1.2.0) with JetifyTransform
Transforming opentest4j-1.2.0.jar (org.opentest4j:opentest4j:1.2.0) with IdentityTransform
Transforming espresso-intents-3.5.1.aar (androidx.test.espresso:espresso-intents:3.5.1) with JetifyTransform
Transforming espresso-intents-3.5.1.aar (androidx.test.espresso:espresso-intents:3.5.1) with ExtractAarTransform
Transforming espresso-intents-3.5.1.aar (androidx.test.espresso:espresso-intents:3.5.1) with AarTransform
Transforming rules-1.5.0.aar (androidx.test:rules:1.5.0) with JetifyTransform
Transforming rules-1.5.0.aar (androidx.test:rules:1.5.0) with ExtractAarTransform
Transforming rules-1.5.0.aar (androidx.test:rules:1.5.0) with AarTransform
Transforming espresso-core-3.5.1.aar (androidx.test.espresso:espresso-core:3.5.1) with JetifyTransform
Transforming espresso-core-3.5.1.aar (androidx.test.espresso:espresso-core:3.5.1) with ExtractAarTransform
Transforming espresso-core-3.5.1.aar (androidx.test.espresso:espresso-core:3.5.1) with AarTransform
Transforming runner-1.5.2.aar (androidx.test:runner:1.5.2) with JetifyTransform
Transforming runner-1.5.2.aar (androidx.test:runner:1.5.2) with ExtractAarTransform
Transforming runner-1.5.2.aar (androidx.test:runner:1.5.2) with AarTransform
Transforming junit-ktx-1.1.5.aar (androidx.test.ext:junit-ktx:1.1.5) with JetifyTransform
Transforming junit-ktx-1.1.5.aar (androidx.test.ext:junit-ktx:1.1.5) with ExtractAarTransform
Transforming junit-ktx-1.1.5.aar (androidx.test.ext:junit-ktx:1.1.5) with AarTransform
Transforming junit-1.1.5.aar (androidx.test.ext:junit:1.1.5) with JetifyTransform
Transforming junit-1.1.5.aar (androidx.test.ext:junit:1.1.5) with ExtractAarTransform
Transforming junit-1.1.5.aar (androidx.test.ext:junit:1.1.5) with AarTransform
Transforming mockk-jvm-1.13.10.jar (io.mockk:mockk-jvm:1.13.10) with JetifyTransform
Transforming mockk-jvm-1.13.10.jar (io.mockk:mockk-jvm:1.13.10) with IdentityTransform
Transforming junit-4.13.2.jar (junit:junit:4.13.2) with JetifyTransform
Transforming junit-4.13.2.jar (junit:junit:4.13.2) with IdentityTransform
Transforming robolectric-4.12.2.jar (org.robolectric:robolectric:4.12.2) with JetifyTransform
Transforming robolectric-4.12.2.jar (org.robolectric:robolectric:4.12.2) with IdentityTransform
Transforming core-ktx-1.5.0.aar (androidx.test:core-ktx:1.5.0) with JetifyTransform
Transforming core-ktx-1.5.0.aar (androidx.test:core-ktx:1.5.0) with ExtractAarTransform
Transforming core-ktx-1.5.0.aar (androidx.test:core-ktx:1.5.0) with AarTransform
Transforming kotlinx-coroutines-test-jvm-1.7.3.jar (org.jetbrains.kotlinx:kotlinx-coroutines-test-jvm:1.7.3) with JetifyTransform
Transforming kotlinx-coroutines-test-jvm-1.7.3.jar (org.jetbrains.kotlinx:kotlinx-coroutines-test-jvm:1.7.3) with IdentityTransform
Transforming ktor-client-mock-jvm-2.3.10.jar (io.ktor:ktor-client-mock-jvm:2.3.10) with JetifyTransform
Transforming ktor-client-mock-jvm-2.3.10.jar (io.ktor:ktor-client-mock-jvm:2.3.10) with IdentityTransform
Transforming ktor-client-okhttp-jvm-2.3.10.jar (io.ktor:ktor-client-okhttp-jvm:2.3.10) with JetifyTransform
Transforming ktor-client-okhttp-jvm-2.3.10.jar (io.ktor:ktor-client-okhttp-jvm:2.3.10) with IdentityTransform
Transforming ktor-client-content-negotiation-jvm-2.3.10.jar (io.ktor:ktor-client-content-negotiation-jvm:2.3.10) with JetifyTransform
Transforming ktor-client-content-negotiation-jvm-2.3.10.jar (io.ktor:ktor-client-content-negotiation-jvm:2.3.10) with IdentityTransform
Transforming ktor-client-core-jvm-2.3.10.jar (io.ktor:ktor-client-core-jvm:2.3.10) with JetifyTransform
Transforming ktor-client-core-jvm-2.3.10.jar (io.ktor:ktor-client-core-jvm:2.3.10) with IdentityTransform
Transforming ktor-serialization-kotlinx-json-jvm-2.3.10.jar (io.ktor:ktor-serialization-kotlinx-json-jvm:2.3.10) with JetifyTransform
Transforming ktor-serialization-kotlinx-json-jvm-2.3.10.jar (io.ktor:ktor-serialization-kotlinx-json-jvm:2.3.10) with IdentityTransform
Transforming ktor-events-jvm-2.3.10.jar (io.ktor:ktor-events-jvm:2.3.10) with JetifyTransform
Transforming ktor-events-jvm-2.3.10.jar (io.ktor:ktor-events-jvm:2.3.10) with IdentityTransform
Transforming ktor-websocket-serialization-jvm-2.3.10.jar (io.ktor:ktor-websocket-serialization-jvm:2.3.10) with JetifyTransform
Transforming ktor-websocket-serialization-jvm-2.3.10.jar (io.ktor:ktor-websocket-serialization-jvm:2.3.10) with IdentityTransform
Transforming ktor-serialization-kotlinx-jvm-2.3.10.jar (io.ktor:ktor-serialization-kotlinx-jvm:2.3.10) with JetifyTransform
Transforming ktor-serialization-kotlinx-jvm-2.3.10.jar (io.ktor:ktor-serialization-kotlinx-jvm:2.3.10) with IdentityTransform
Transforming ktor-serialization-jvm-2.3.10.jar (io.ktor:ktor-serialization-jvm:2.3.10) with JetifyTransform
Transforming ktor-serialization-jvm-2.3.10.jar (io.ktor:ktor-serialization-jvm:2.3.10) with IdentityTransform
Transforming ktor-websockets-jvm-2.3.10.jar (io.ktor:ktor-websockets-jvm:2.3.10) with JetifyTransform
Transforming ktor-websockets-jvm-2.3.10.jar (io.ktor:ktor-websockets-jvm:2.3.10) with IdentityTransform
Transforming ktor-http-jvm-2.3.10.jar (io.ktor:ktor-http-jvm:2.3.10) with JetifyTransform
Transforming ktor-http-jvm-2.3.10.jar (io.ktor:ktor-http-jvm:2.3.10) with IdentityTransform
Transforming ktor-utils-jvm-2.3.10.jar (io.ktor:ktor-utils-jvm:2.3.10) with JetifyTransform
Transforming ktor-utils-jvm-2.3.10.jar (io.ktor:ktor-utils-jvm:2.3.10) with IdentityTransform
Transforming ktor-io-jvm-2.3.10.jar (io.ktor:ktor-io-jvm:2.3.10) with JetifyTransform
Transforming ktor-io-jvm-2.3.10.jar (io.ktor:ktor-io-jvm:2.3.10) with IdentityTransform
Transforming kotlinx-coroutines-jdk8-1.7.3.jar (org.jetbrains.kotlinx:kotlinx-coroutines-jdk8:1.7.3) with JetifyTransform
Transforming kotlinx-coroutines-jdk8-1.7.3.jar (org.jetbrains.kotlinx:kotlinx-coroutines-jdk8:1.7.3) with IdentityTransform
Transforming kotlinx-coroutines-slf4j-1.7.3.jar (org.jetbrains.kotlinx:kotlinx-coroutines-slf4j:1.7.3) with JetifyTransform
Transforming kotlinx-coroutines-slf4j-1.7.3.jar (org.jetbrains.kotlinx:kotlinx-coroutines-slf4j:1.7.3) with IdentityTransform
Transforming mockk-dsl-jvm-1.13.10.jar (io.mockk:mockk-dsl-jvm:1.13.10) with JetifyTransform
Transforming mockk-dsl-jvm-1.13.10.jar (io.mockk:mockk-dsl-jvm:1.13.10) with IdentityTransform
Transforming core-1.5.0.aar (androidx.test:core:1.5.0) with JetifyTransform
Transforming core-1.5.0.aar (androidx.test:core:1.5.0) with ExtractAarTransform
Transforming core-1.5.0.aar (androidx.test:core:1.5.0) with AarTransform
Transforming core-ktx-1.13.1.aar (androidx.core:core-ktx:1.13.1) with JetifyTransform
Transforming core-ktx-1.13.1.aar (androidx.core:core-ktx:1.13.1) with ExtractAarTransform
Transforming core-ktx-1.13.1.aar (androidx.core:core-ktx:1.13.1) with AarTransform
Transforming core-1.13.1.aar (androidx.core:core:1.13.1) with JetifyTransform
Transforming core-1.13.1.aar (androidx.core:core:1.13.1) with ExtractAarTransform
Transforming core-1.13.1.aar (androidx.core:core:1.13.1) with AarTransform
Transforming lifecycle-runtime-2.6.2.aar (androidx.lifecycle:lifecycle-runtime:2.6.2) with JetifyTransform
Transforming lifecycle-runtime-2.6.2.aar (androidx.lifecycle:lifecycle-runtime:2.6.2) with ExtractAarTransform
Transforming lifecycle-runtime-2.6.2.aar (androidx.lifecycle:lifecycle-runtime:2.6.2) with AarTransform
Transforming lifecycle-common-2.6.2.jar (androidx.lifecycle:lifecycle-common:2.6.2) with JetifyTransform
Transforming lifecycle-common-2.6.2.jar (androidx.lifecycle:lifecycle-common:2.6.2) with IdentityTransform
Transforming kotlinx-coroutines-android-1.7.3.jar (org.jetbrains.kotlinx:kotlinx-coroutines-android:1.7.3) with JetifyTransform
Transforming kotlinx-coroutines-android-1.7.3.jar (org.jetbrains.kotlinx:kotlinx-coroutines-android:1.7.3) with IdentityTransform
Transforming kotlinx-coroutines-core-jvm-1.7.3.jar (org.jetbrains.kotlinx:kotlinx-coroutines-core-jvm:1.7.3) with JetifyTransform
Transforming kotlinx-coroutines-core-jvm-1.7.3.jar (org.jetbrains.kotlinx:kotlinx-coroutines-core-jvm:1.7.3) with IdentityTransform
Transforming shadows-framework-4.12.2.jar (org.robolectric:shadows-framework:4.12.2) with JetifyTransform
Transforming shadows-framework-4.12.2.jar (org.robolectric:shadows-framework:4.12.2) with IdentityTransform
Transforming storage-1.4.2.aar (androidx.test.services:storage:1.4.2) with JetifyTransform
Transforming storage-1.4.2.aar (androidx.test.services:storage:1.4.2) with ExtractAarTransform
Transforming storage-1.4.2.aar (androidx.test.services:storage:1.4.2) with AarTransform
Transforming monitor-1.6.1.aar (androidx.test:monitor:1.6.1) with JetifyTransform
Transforming monitor-1.6.1.aar (androidx.test:monitor:1.6.1) with ExtractAarTransform
Transforming monitor-1.6.1.aar (androidx.test:monitor:1.6.1) with AarTransform
Transforming monitor-1.6.1.aar (androidx.test:monitor:1.6.1) with JetifyTransform
Transforming monitor-1.6.1.aar (androidx.test:monitor:1.6.1) with ExtractAarTransform
Transforming monitor-1.6.1.aar (androidx.test:monitor:1.6.1) with AarTransform
Transforming annotation-1.0.1.aar (androidx.test:annotation:1.0.1) with JetifyTransform
Transforming annotation-1.0.1.aar (androidx.test:annotation:1.0.1) with ExtractAarTransform
Transforming annotation-1.0.1.aar (androidx.test:annotation:1.0.1) with AarTransform
Transforming annotation-experimental-1.4.0.aar (androidx.annotation:annotation-experimental:1.4.0) with JetifyTransform
Transforming annotation-experimental-1.4.0.aar (androidx.annotation:annotation-experimental:1.4.0) with ExtractAarTransform
Transforming annotation-experimental-1.4.0.aar (androidx.annotation:annotation-experimental:1.4.0) with AarTransform
Transforming kotlinx-serialization-core-jvm-1.5.1.jar (org.jetbrains.kotlinx:kotlinx-serialization-core-jvm:1.5.1) with JetifyTransform
Transforming kotlinx-serialization-core-jvm-1.5.1.jar (org.jetbrains.kotlinx:kotlinx-serialization-core-jvm:1.5.1) with IdentityTransform
Transforming kotlinx-serialization-json-jvm-1.5.1.jar (org.jetbrains.kotlinx:kotlinx-serialization-json-jvm:1.5.1) with JetifyTransform
Transforming kotlinx-serialization-json-jvm-1.5.1.jar (org.jetbrains.kotlinx:kotlinx-serialization-json-jvm:1.5.1) with IdentityTransform
Transforming mockk-agent-jvm-1.13.10.jar (io.mockk:mockk-agent-jvm:1.13.10) with JetifyTransform
Transforming mockk-agent-jvm-1.13.10.jar (io.mockk:mockk-agent-jvm:1.13.10) with IdentityTransform
Transforming mockk-agent-api-jvm-1.13.10.jar (io.mockk:mockk-agent-api-jvm:1.13.10) with JetifyTransform
Transforming mockk-agent-api-jvm-1.13.10.jar (io.mockk:mockk-agent-api-jvm:1.13.10) with IdentityTransform
Transforming mockk-core-jvm-1.13.10.jar (io.mockk:mockk-core-jvm:1.13.10) with JetifyTransform
Transforming mockk-core-jvm-1.13.10.jar (io.mockk:mockk-core-jvm:1.13.10) with IdentityTransform
Transforming okhttp-4.12.0.jar (com.squareup.okhttp3:okhttp:4.12.0) with JetifyTransform
Transforming okhttp-4.12.0.jar (com.squareup.okhttp3:okhttp:4.12.0) with IdentityTransform
Transforming kotlin-stdlib-jdk8-1.9.10.jar (org.jetbrains.kotlin:kotlin-stdlib-jdk8:1.9.10) with JetifyTransform
Transforming kotlin-stdlib-jdk8-1.9.10.jar (org.jetbrains.kotlin:kotlin-stdlib-jdk8:1.9.10) with IdentityTransform
Transforming kotlin-reflect-1.9.10.jar (org.jetbrains.kotlin:kotlin-reflect:1.9.10) with JetifyTransform
Transforming kotlin-reflect-1.9.10.jar (org.jetbrains.kotlin:kotlin-reflect:1.9.10) with IdentityTransform
Transforming documentfile-1.0.1.aar (androidx.documentfile:documentfile:1.0.1) with JetifyTransform
Transforming documentfile-1.0.1.aar (androidx.documentfile:documentfile:1.0.1) with ExtractAarTransform
Transforming documentfile-1.0.1.aar (androidx.documentfile:documentfile:1.0.1) with AarTransform
Transforming profileinstaller-1.3.0.aar (androidx.profileinstaller:profileinstaller:1.3.0) with JetifyTransform
Transforming profileinstaller-1.3.0.aar (androidx.profileinstaller:profileinstaller:1.3.0) with ExtractAarTransform
Transforming profileinstaller-1.3.0.aar (androidx.profileinstaller:profileinstaller:1.3.0) with AarTransform
Transforming startup-runtime-1.1.1.aar (androidx.startup:startup-runtime:1.1.1) with JetifyTransform
Transforming startup-runtime-1.1.1.aar (androidx.startup:startup-runtime:1.1.1) with ExtractAarTransform
Transforming startup-runtime-1.1.1.aar (androidx.startup:startup-runtime:1.1.1) with AarTransform
Transforming tracing-1.0.0.aar (androidx.tracing:tracing:1.0.0) with JetifyTransform
Transforming tracing-1.0.0.aar (androidx.tracing:tracing:1.0.0) with ExtractAarTransform
Transforming tracing-1.0.0.aar (androidx.tracing:tracing:1.0.0) with AarTransform
Transforming concurrent-futures-1.1.0.jar (androidx.concurrent:concurrent-futures:1.1.0) with JetifyTransform
Transforming concurrent-futures-1.1.0.jar (androidx.concurrent:concurrent-futures:1.1.0) with IdentityTransform
Transforming versionedparcelable-1.1.1.aar (androidx.versionedparcelable:versionedparcelable:1.1.1) with JetifyTransform
Transforming versionedparcelable-1.1.1.aar (androidx.versionedparcelable:versionedparcelable:1.1.1) with ExtractAarTransform
Transforming versionedparcelable-1.1.1.aar (androidx.versionedparcelable:versionedparcelable:1.1.1) with AarTransform
Transforming collection-1.0.0.jar (androidx.collection:collection:1.0.0) with JetifyTransform
Transforming collection-1.0.0.jar (androidx.collection:collection:1.0.0) with IdentityTransform
Transforming interpolator-1.0.0.aar (androidx.interpolator:interpolator:1.0.0) with JetifyTransform
Transforming interpolator-1.0.0.aar (androidx.interpolator:interpolator:1.0.0) with ExtractAarTransform
Transforming interpolator-1.0.0.aar (androidx.interpolator:interpolator:1.0.0) with AarTransform
Transforming core-runtime-2.2.0.aar (androidx.arch.core:core-runtime:2.2.0) with JetifyTransform
Transforming core-runtime-2.2.0.aar (androidx.arch.core:core-runtime:2.2.0) with ExtractAarTransform
Transforming core-runtime-2.2.0.aar (androidx.arch.core:core-runtime:2.2.0) with AarTransform
Transforming core-common-2.2.0.jar (androidx.arch.core:core-common:2.2.0) with JetifyTransform
Transforming core-common-2.2.0.jar (androidx.arch.core:core-common:2.2.0) with IdentityTransform
Transforming annotation-jvm-1.6.0.jar (androidx.annotation:annotation-jvm:1.6.0) with JetifyTransform
Transforming annotation-jvm-1.6.0.jar (androidx.annotation:annotation-jvm:1.6.0) with IdentityTransform
Transforming okio-jvm-3.7.0.jar (com.squareup.okio:okio-jvm:3.7.0) with JetifyTransform
Transforming okio-jvm-3.7.0.jar (com.squareup.okio:okio-jvm:3.7.0) with IdentityTransform
Transforming kotlin-stdlib-jdk7-1.9.10.jar (org.jetbrains.kotlin:kotlin-stdlib-jdk7:1.9.10) with JetifyTransform
Transforming kotlin-stdlib-jdk7-1.9.10.jar (org.jetbrains.kotlin:kotlin-stdlib-jdk7:1.9.10) with IdentityTransform
Transforming kotlin-stdlib-1.9.23.jar (org.jetbrains.kotlin:kotlin-stdlib:1.9.23) with JetifyTransform
Transforming kotlin-stdlib-1.9.23.jar (org.jetbrains.kotlin:kotlin-stdlib:1.9.23) with IdentityTransform
Transforming jsoup-1.17.2.jar (org.jsoup:jsoup:1.17.2) with JetifyTransform
Transforming jsoup-1.17.2.jar (org.jsoup:jsoup:1.17.2) with IdentityTransform
Transforming jaudiotagger-3.0.1.jar (net.jthink:jaudiotagger:3.0.1) with JetifyTransform
Transforming jaudiotagger-3.0.1.jar (net.jthink:jaudiotagger:3.0.1) with IdentityTransform
Transforming hamcrest-integration-1.3.jar (org.hamcrest:hamcrest-integration:1.3) with JetifyTransform
Transforming hamcrest-integration-1.3.jar (org.hamcrest:hamcrest-integration:1.3) with IdentityTransform
Transforming hamcrest-library-1.3.jar (org.hamcrest:hamcrest-library:1.3) with JetifyTransform
Transforming hamcrest-library-1.3.jar (org.hamcrest:hamcrest-library:1.3) with IdentityTransform
Transforming hamcrest-core-1.3.jar (org.hamcrest:hamcrest-core:1.3) with JetifyTransform
Transforming hamcrest-core-1.3.jar (org.hamcrest:hamcrest-core:1.3) with IdentityTransform
Transforming conscrypt-openjdk-uber-2.5.2.jar (org.conscrypt:conscrypt-openjdk-uber:2.5.2) with JetifyTransform
Transforming conscrypt-openjdk-uber-2.5.2.jar (org.conscrypt:conscrypt-openjdk-uber:2.5.2) with IdentityTransform
Transforming espresso-idling-resource-3.5.1.aar (androidx.test.espresso:espresso-idling-resource:3.5.1) with JetifyTransform
Transforming espresso-idling-resource-3.5.1.aar (androidx.test.espresso:espresso-idling-resource:3.5.1) with ExtractAarTransform
Transforming espresso-idling-resource-3.5.1.aar (androidx.test.espresso:espresso-idling-resource:3.5.1) with AarTransform
Transforming espresso-idling-resource-3.5.1.aar (androidx.test.espresso:espresso-idling-resource:3.5.1) with JetifyTransform
Transforming espresso-idling-resource-3.5.1.aar (androidx.test.espresso:espresso-idling-resource:3.5.1) with ExtractAarTransform
Transforming espresso-idling-resource-3.5.1.aar (androidx.test.espresso:espresso-idling-resource:3.5.1) with AarTransform
Transforming junit-4.12.2.jar (org.robolectric:junit:4.12.2) with JetifyTransform
Transforming junit-4.12.2.jar (org.robolectric:junit:4.12.2) with IdentityTransform
Transforming resources-4.12.2.jar (org.robolectric:resources:4.12.2) with JetifyTransform
Transforming resources-4.12.2.jar (org.robolectric:resources:4.12.2) with IdentityTransform
Transforming sandbox-4.12.2.jar (org.robolectric:sandbox:4.12.2) with JetifyTransform
Transforming sandbox-4.12.2.jar (org.robolectric:sandbox:4.12.2) with IdentityTransform
Transforming nativeruntime-4.12.2.jar (org.robolectric:nativeruntime:4.12.2) with JetifyTransform
Transforming nativeruntime-4.12.2.jar (org.robolectric:nativeruntime:4.12.2) with IdentityTransform
Transforming utils-reflector-4.12.2.jar (org.robolectric:utils-reflector:4.12.2) with JetifyTransform
Transforming utils-reflector-4.12.2.jar (org.robolectric:utils-reflector:4.12.2) with IdentityTransform
Transforming plugins-maven-dependency-resolver-4.12.2.jar (org.robolectric:plugins-maven-dependency-resolver:4.12.2) with JetifyTransform
Transforming plugins-maven-dependency-resolver-4.12.2.jar (org.robolectric:plugins-maven-dependency-resolver:4.12.2) with IdentityTransform
Transforming shadows-versioning-4.12.2.jar (org.robolectric:shadows-versioning:4.12.2) with JetifyTransform
Transforming shadows-versioning-4.12.2.jar (org.robolectric:shadows-versioning:4.12.2) with IdentityTransform
Transforming shadowapi-4.12.2.jar (org.robolectric:shadowapi:4.12.2) with JetifyTransform
Transforming shadowapi-4.12.2.jar (org.robolectric:shadowapi:4.12.2) with IdentityTransform
Transforming utils-4.12.2.jar (org.robolectric:utils:4.12.2) with JetifyTransform
Transforming utils-4.12.2.jar (org.robolectric:utils:4.12.2) with IdentityTransform
Transforming pluginapi-4.12.2.jar (org.robolectric:pluginapi:4.12.2) with JetifyTransform
Transforming pluginapi-4.12.2.jar (org.robolectric:pluginapi:4.12.2) with IdentityTransform
Transforming annotations-4.12.2.jar (org.robolectric:annotations:4.12.2) with JetifyTransform
Transforming annotations-4.12.2.jar (org.robolectric:annotations:4.12.2) with IdentityTransform
Transforming javax.inject-1.jar (javax.inject:javax.inject:1) with JetifyTransform
Transforming javax.inject-1.jar (javax.inject:javax.inject:1) with IdentityTransform
Transforming javax.annotation-api-1.3.2.jar (javax.annotation:javax.annotation-api:1.3.2) with JetifyTransform
Transforming javax.annotation-api-1.3.2.jar (javax.annotation:javax.annotation-api:1.3.2) with IdentityTransform
Transforming bcprov-jdk18on-1.77.jar (org.bouncycastle:bcprov-jdk18on:1.77) with JetifyTransform
Transforming bcprov-jdk18on-1.77.jar (org.bouncycastle:bcprov-jdk18on:1.77) with IdentityTransform
Transforming javawriter-2.1.1.jar (com.squareup:javawriter:2.1.1) with JetifyTransform
Transforming javawriter-2.1.1.jar (com.squareup:javawriter:2.1.1) with IdentityTransform
Transforming error_prone_annotation-2.19.1.jar (com.google.errorprone:error_prone_annotation:2.19.1) with JetifyTransform
Transforming error_prone_annotation-2.19.1.jar (com.google.errorprone:error_prone_annotation:2.19.1) with IdentityTransform
Transforming guava-31.1-jre.jar (com.google.guava:guava:31.1-jre) with JetifyTransform
Transforming guava-31.1-jre.jar (com.google.guava:guava:31.1-jre) with IdentityTransform
Transforming jsr305-3.0.2.jar (com.google.code.findbugs:jsr305:3.0.2) with JetifyTransform
Transforming jsr305-3.0.2.jar (com.google.code.findbugs:jsr305:3.0.2) with IdentityTransform
Transforming annotations-23.0.0.jar (org.jetbrains:annotations:23.0.0) with JetifyTransform
Transforming annotations-23.0.0.jar (org.jetbrains:annotations:23.0.0) with IdentityTransform
Transforming slf4j-api-1.7.36.jar (org.slf4j:slf4j-api:1.7.36) with JetifyTransform
Transforming slf4j-api-1.7.36.jar (org.slf4j:slf4j-api:1.7.36) with IdentityTransform
Transforming junit-jupiter-params-5.8.2.jar (org.junit.jupiter:junit-jupiter-params:5.8.2) with JetifyTransform
Transforming junit-jupiter-params-5.8.2.jar (org.junit.jupiter:junit-jupiter-params:5.8.2) with IdentityTransform
Transforming junit-jupiter-engine-5.8.2.jar (org.junit.jupiter:junit-jupiter-engine:5.8.2) with JetifyTransform
Transforming junit-jupiter-engine-5.8.2.jar (org.junit.jupiter:junit-jupiter-engine:5.8.2) with IdentityTransform
Transforming junit-jupiter-api-5.8.2.jar (org.junit.jupiter:junit-jupiter-api:5.8.2) with JetifyTransform
Transforming junit-jupiter-api-5.8.2.jar (org.junit.jupiter:junit-jupiter-api:5.8.2) with IdentityTransform
Transforming junit-platform-engine-1.8.2.jar (org.junit.platform:junit-platform-engine:1.8.2) with JetifyTransform
Transforming junit-platform-engine-1.8.2.jar (org.junit.platform:junit-platform-engine:1.8.2) with IdentityTransform
Transforming junit-platform-commons-1.8.2.jar (org.junit.platform:junit-platform-commons:1.8.2) with JetifyTransform
Transforming junit-platform-commons-1.8.2.jar (org.junit.platform:junit-platform-commons:1.8.2) with IdentityTransform
Transforming junit-jupiter-5.8.2.jar (org.junit.jupiter:junit-jupiter:5.8.2) with JetifyTransform
Transforming junit-jupiter-5.8.2.jar (org.junit.jupiter:junit-jupiter:5.8.2) with IdentityTransform
Transforming auto-value-annotations-1.10.4.jar (com.google.auto.value:auto-value-annotations:1.10.4) with JetifyTransform
Transforming auto-value-annotations-1.10.4.jar (com.google.auto.value:auto-value-annotations:1.10.4) with IdentityTransform
Transforming asm-commons-9.7.jar (org.ow2.asm:asm-commons:9.7) with JetifyTransform
Transforming asm-commons-9.7.jar (org.ow2.asm:asm-commons:9.7) with IdentityTransform
Transforming asm-util-9.7.jar (org.ow2.asm:asm-util:9.7) with JetifyTransform
Transforming asm-util-9.7.jar (org.ow2.asm:asm-util:9.7) with IdentityTransform
Transforming asm-analysis-9.7.jar (org.ow2.asm:asm-analysis:9.7) with JetifyTransform
Transforming asm-analysis-9.7.jar (org.ow2.asm:asm-analysis:9.7) with IdentityTransform
Transforming asm-tree-9.7.jar (org.ow2.asm:asm-tree:9.7) with JetifyTransform
Transforming asm-tree-9.7.jar (org.ow2.asm:asm-tree:9.7) with IdentityTransform
Transforming asm-9.7.jar (org.ow2.asm:asm:9.7) with JetifyTransform
Transforming asm-9.7.jar (org.ow2.asm:asm:9.7) with IdentityTransform
Transforming sqlite4java-1.0.392.jar (com.almworks.sqlite4java:sqlite4java:1.0.392) with JetifyTransform
Transforming sqlite4java-1.0.392.jar (com.almworks.sqlite4java:sqlite4java:1.0.392) with IdentityTransform
Transforming icu4j-74.2.jar (com.ibm.icu:icu4j:74.2) with JetifyTransform
Transforming icu4j-74.2.jar (com.ibm.icu:icu4j:74.2) with IdentityTransform
Transforming listenablefuture-9999.0-empty-to-avoid-conflict-with-guava.jar (com.google.guava:listenablefuture:9999.0-empty-to-avoid-conflict-with-guava) with JetifyTransform
Transforming listenablefuture-9999.0-empty-to-avoid-conflict-with-guava.jar (com.google.guava:listenablefuture:9999.0-empty-to-avoid-conflict-with-guava) with IdentityTransform
Transforming failureaccess-1.0.1.jar (com.google.guava:failureaccess:1.0.1) with JetifyTransform
Transforming failureaccess-1.0.1.jar (com.google.guava:failureaccess:1.0.1) with IdentityTransform
Transforming checker-qual-3.12.0.jar (org.checkerframework:checker-qual:3.12.0) with JetifyTransform
Transforming checker-qual-3.12.0.jar (org.checkerframework:checker-qual:3.12.0) with IdentityTransform
Transforming error_prone_annotations-2.11.0.jar (com.google.errorprone:error_prone_annotations:2.11.0) with JetifyTransform
Transforming error_prone_annotations-2.11.0.jar (com.google.errorprone:error_prone_annotations:2.11.0) with IdentityTransform
Transforming j2objc-annotations-1.3.jar (com.google.j2objc:j2objc-annotations:1.3) with JetifyTransform
Transforming j2objc-annotations-1.3.jar (com.google.j2objc:j2objc-annotations:1.3) with IdentityTransform
Transforming nativeruntime-dist-compat-1.0.10.jar (org.robolectric:nativeruntime-dist-compat:1.0.10) with JetifyTransform
Transforming nativeruntime-dist-compat-1.0.10.jar (org.robolectric:nativeruntime-dist-compat:1.0.10) with IdentityTransform
Transforming objenesis-3.3.jar (org.objenesis:objenesis:3.3) with JetifyTransform
Transforming objenesis-3.3.jar (org.objenesis:objenesis:3.3) with IdentityTransform
Transforming byte-buddy-1.14.6.jar (net.bytebuddy:byte-buddy:1.14.6) with JetifyTransform
Transforming byte-buddy-1.14.6.jar (net.bytebuddy:byte-buddy:1.14.6) with IdentityTransform
Transforming byte-buddy-agent-1.14.6.jar (net.bytebuddy:byte-buddy-agent:1.14.6) with JetifyTransform
Transforming byte-buddy-agent-1.14.6.jar (net.bytebuddy:byte-buddy-agent:1.14.6) with IdentityTransform
Transforming opentest4j-1.2.0.jar (org.opentest4j:opentest4j:1.2.0) with JetifyTransform
Transforming opentest4j-1.2.0.jar (org.opentest4j:opentest4j:1.2.0) with IdentityTransform
Transforming android.jar with MockableJarTransform
Transforming android.jar with MockableJarTransform
Custom actions are attached to task ':core:testDebugUnitTest'.
Caching disabled for task ':core:testDebugUnitTest' because:
  Build cache is disabled
Skipping task ':core:testDebugUnitTest' as it is up-to-date.

BUILD SUCCESSFUL in 1s
32 actionable tasks: 1 executed, 31 up-to-date
Some of the file system contents retained in the virtual file system are on file systems that Gradle doesn't support watching. The relevant state was discarded to ensure changes to these locations are properly detected. You can override this by explicitly enabling file system watching.
